

TAP version 13
# Platform
ok 1 should be truthy
Chrome 51.0.2704.106 on OS X 10.11.5
NODE_ENV = undefined
BENCH = undefined

1..1
# tests 1
# pass  1

# ok




TAP version 13
# add and remove
ok 1 EventEmitter runs without error
ok 2 EventEmitter never called handle
ok 3 EventEmitter2 runs without error
ok 4 EventEmitter2 never called handle
ok 5 EventEmitter3 runs without error
ok 6 EventEmitter3 never called handle
ok 7 dripEmitter runs without error
ok 8 dripEmitter never called handle
ok 9 pushStream runs without error
ok 10 pushStream never called handle
ok 11 dripEmitterEnhanced runs without error
ok 12 dripEmitterEnhanced never called handle
ok 13 ReactiveProperty runs without error
ok 14 ReactiveProperty never called handle
ok 15 JS-Signals runs without error
ok 16 JS-Signals never called handle
ok 17 MiniSignals runs without error
ok 18 MiniSignals never called handle
ok 19 EventDispatcher runs without error
ok 20 EventDispatcher never called handle

    dripEmitter x 21,706,943 ops/sec ±11.01% (15 runs sampled)
    MiniSignals x 8,685,378 ops/sec ±14.40% (15 runs sampled)
    EventDispatcher x 5,256,651 ops/sec ±5.78% (14 runs sampled)
    ReactiveProperty x 3,333,954 ops/sec ±6.30% (14 runs sampled)
    pushStream x 2,911,903 ops/sec ±8.53% (14 runs sampled)
    EventEmitter3 x 1,667,437 ops/sec ±5.80% (15 runs sampled)
    EventEmitter x 1,302,033 ops/sec ±13.17% (13 runs sampled)
    EventEmitter2 x 1,067,148 ops/sec ±7.53% (15 runs sampled)
    JS-Signals x 662,432 ops/sec ±12.24% (15 runs sampled)
    dripEmitterEnhanced x 513,171 ops/sec ±4.11% (15 runs sampled)

*Fastest is __dripEmitter__*


1..20
# tests 20
# pass  20

# ok




TAP version 13
# emit one array
ok 1 Theoretical max runs without error
ok 2 Theoretical max called handle three times
ok 3 Theoretical max called handle2 three times
ok 4 EventEmitter runs without error
ok 5 EventEmitter called handle three times
ok 6 EventEmitter called handle2 three times
ok 7 EventEmitter2 runs without error
ok 8 EventEmitter2 called handle three times
ok 9 EventEmitter2 called handle2 three times
ok 10 EventEmitter3 runs without error
ok 11 EventEmitter3 called handle three times
ok 12 EventEmitter3 called handle2 three times
ok 13 push-stream runs without error
ok 14 push-stream called handle three times
ok 15 push-stream called handle2 three times
ok 16 dripEmitter runs without error
ok 17 dripEmitter called handle three times
ok 18 dripEmitter called handle2 three times
ok 19 dripEmitterEnhanced runs without error
ok 20 dripEmitterEnhanced called handle three times
ok 21 dripEmitterEnhanced called handle2 three times
ok 22 RXJS runs without error
ok 23 RXJS called handle three times
ok 24 RXJS called handle2 three times
ok 25 ReactiveProperty runs without error
ok 26 ReactiveProperty called handle three times
ok 27 ReactiveProperty called handle2 three times
ok 28 JS-Signals runs without error
ok 29 JS-Signals called handle three times
ok 30 JS-Signals called handle2 three times
ok 31 MiniSignals runs without error
ok 32 MiniSignals called handle three times
ok 33 MiniSignals called handle2 three times
ok 34 MicroSignals runs without error
ok 35 MicroSignals called handle three times
ok 36 MicroSignals called handle2 three times
ok 37 signal-emitter runs without error
ok 38 signal-emitter called handle three times
ok 39 signal-emitter called handle2 three times
ok 40 event-signal runs without error
ok 41 event-signal called handle three times
ok 42 event-signal called handle2 three times
ok 43 signal-lite runs without error
ok 44 signal-lite called handle three times
ok 45 signal-lite called handle2 three times
ok 46 pull-notify runs without error
ok 47 pull-notify called handle three times
ok 48 pull-notify called handle2 three times
ok 49 evee runs without error
ok 50 evee called handle three times
ok 51 evee called handle2 three times
ok 52 sister runs without error
ok 53 sister called handle three times
ok 54 sister called handle2 three times

    Theoretical max x 9,059,322 ops/sec ±19.98% (14 runs sampled) *burn in*
    signal-lite x 6,125,771 ops/sec ±4.00% (15 runs sampled)
    sister x 6,038,024 ops/sec ±5.91% (14 runs sampled)
    MicroSignals x 4,980,328 ops/sec ±11.69% (14 runs sampled)
    MiniSignals x 4,591,767 ops/sec ±9.97% (14 runs sampled)
    push-stream x 4,369,031 ops/sec ±11.21% (14 runs sampled)
    EventEmitter3 x 4,097,394 ops/sec ±5.49% (15 runs sampled)
    dripEmitter x 3,983,096 ops/sec ±3.82% (15 runs sampled)
    ReactiveProperty x 3,672,846 ops/sec ±9.65% (14 runs sampled)
    event-signal x 1,705,200 ops/sec ±4.65% (13 runs sampled)
    EventEmitter2 x 1,225,692 ops/sec ±7.16% (15 runs sampled)
    pull-notify x 1,039,376 ops/sec ±5.66% (15 runs sampled)
    RXJS x 972,501 ops/sec ±10.31% (14 runs sampled)
    evee x 768,321 ops/sec ±5.05% (15 runs sampled)
    dripEmitterEnhanced x 587,404 ops/sec ±3.62% (14 runs sampled)
    signal-emitter x 357,004 ops/sec ±3.73% (13 runs sampled)
    EventEmitter x 153,959 ops/sec ±8.43% (14 runs sampled)
    JS-Signals x 142,536 ops/sec ±6.32% (14 runs sampled)

*Fastest is __signal-lite, sister__*


1..54
# tests 54
# pass  54

# ok




TAP version 13
# emit many values - two listeners
ok 1 Theoretical max runs without error
ok 2 Theoretical max called handle once
ok 3 Theoretical max called handle2 once
ok 4 EventEmitter runs without error
ok 5 EventEmitter called handle once
ok 6 EventEmitter called handle2 once
ok 7 EventEmitter2 runs without error
ok 8 EventEmitter2 called handle once
ok 9 EventEmitter2 called handle2 once
ok 10 EventEmitter3 runs without error
ok 11 EventEmitter3 called handle once
ok 12 EventEmitter3 called handle2 once
ok 13 dripEmitterEnhanced runs without error
ok 14 dripEmitterEnhanced called handle once
ok 15 dripEmitterEnhanced called handle2 once
ok 16 JS-Signals runs without error
ok 17 JS-Signals called handle once
ok 18 JS-Signals called handle2 once
ok 19 MiniSignals runs without error
ok 20 MiniSignals called handle once
ok 21 MiniSignals called handle2 once
ok 22 signal-emitter runs without error
ok 23 signal-emitter called handle once
ok 24 signal-emitter called handle2 once
ok 25 signal-lite runs without error
ok 26 signal-lite called handle once
ok 27 signal-lite called handle2 once
ok 28 minivents runs without error
ok 29 minivents called handle once
ok 30 minivents called handle2 once

    Theoretical max x 27,285,563 ops/sec ±5.53% (15 runs sampled) *burn in*
    MiniSignals x 13,162,269 ops/sec ±8.70% (14 runs sampled)
    signal-lite x 12,910,483 ops/sec ±9.61% (14 runs sampled)
    dripEmitterEnhanced x 576,440 ops/sec ±5.41% (15 runs sampled)
    EventEmitter3 x 608,466 ops/sec ±11.29% (13 runs sampled)
    EventEmitter2 x 598,165 ops/sec ±13.26% (14 runs sampled)
    signal-emitter x 467,671 ops/sec ±4.86% (15 runs sampled)
    EventEmitter x 105,775 ops/sec ±10.15% (14 runs sampled)
    JS-Signals x 102,777 ops/sec ±8.20% (15 runs sampled)
    minivents x 47,992 ops/sec ±10.86% (14 runs sampled)

*Fastest is __MiniSignals, signal-lite__*


1..30
# tests 30
# pass  30

# ok




TAP version 13
# emit one object - one listener
ok 1 Theoretical max runs without error
ok 2 Theoretical max called handle three times
ok 3 EventEmitter runs without error
ok 4 EventEmitter called handle three times
ok 5 EventEmitter2 runs without error
ok 6 EventEmitter2 called handle three times
ok 7 EventEmitter3 runs without error
ok 8 EventEmitter3 called handle three times
ok 9 push-stream runs without error
ok 10 push-stream called handle three times
ok 11 mini-pipe runs without error
ok 12 mini-pipe called handle three times
ok 13 dripEmitter runs without error
ok 14 dripEmitter called handle three times
ok 15 dripEmitterEnhanced runs without error
ok 16 dripEmitterEnhanced called handle three times
ok 17 RXJS runs without error
ok 18 RXJS called handle three times
ok 19 ReactiveProperty runs without error
ok 20 ReactiveProperty called handle three times
ok 21 JS-Signals runs without error
ok 22 JS-Signals called handle three times
ok 23 MiniSignals runs without error
ok 24 MiniSignals called handle three times
ok 25 MicroSignals runs without error
ok 26 MicroSignals called handle three times
ok 27 signal-emitter runs without error
ok 28 signal-emitter called handle three times
ok 29 event-signal runs without error
ok 30 event-signal called handle three times
ok 31 signal-lite runs without error
ok 32 signal-lite called handle three times
ok 33 EventDispatcher runs without error
ok 34 EventDispatcher called handle three times
ok 35 pull-notify runs without error
ok 36 pull-notify called handle three times
ok 37 pull-pushable runs without error
ok 38 pull-pushable called handle three times
ok 39 xstream runs without error
ok 40 xstream called handle three times
ok 41 evee runs without error
ok 42 evee called handle three times
ok 43 sister runs without error
ok 44 sister called handle three times

    mini-pipe x 8,224,752 ops/sec ±3.54% (14 runs sampled)
    MiniSignals x 7,664,484 ops/sec ±6.74% (14 runs sampled)
    Theoretical max x 7,998,157 ops/sec ±13.04% (15 runs sampled) *burn in*
    push-stream x 7,050,916 ops/sec ±2.26% (15 runs sampled)
    signal-lite x 7,055,484 ops/sec ±3.56% (14 runs sampled)
    dripEmitter x 6,231,996 ops/sec ±4.70% (15 runs sampled)
    ReactiveProperty x 6,081,666 ops/sec ±3.39% (15 runs sampled)
    xstream x 6,067,597 ops/sec ±5.80% (14 runs sampled)
    MicroSignals x 6,313,832 ops/sec ±10.24% (14 runs sampled)
    EventEmitter2 x 5,839,672 ops/sec ±3.09% (15 runs sampled)
    EventEmitter3 x 5,814,759 ops/sec ±3.26% (15 runs sampled)
    sister x 5,157,098 ops/sec ±6.08% (14 runs sampled)
    EventEmitter x 3,105,870 ops/sec ±2.00% (15 runs sampled)
    EventDispatcher x 2,337,027 ops/sec ±6.66% (14 runs sampled)
    pull-notify x 1,789,949 ops/sec ±3.13% (14 runs sampled)
    pull-pushable x 1,868,534 ops/sec ±8.11% (15 runs sampled)
    RXJS x 1,568,759 ops/sec ±5.46% (15 runs sampled)
    event-signal x 1,513,569 ops/sec ±12.10% (13 runs sampled)
    dripEmitterEnhanced x 698,736 ops/sec ±4.10% (14 runs sampled)
    evee x 642,898 ops/sec ±11.77% (15 runs sampled)
    signal-emitter x 311,657 ops/sec ±6.09% (14 runs sampled)
    JS-Signals x 191,394 ops/sec ±7.84% (15 runs sampled)

*Fastest is __mini-pipe, MiniSignals__*


1..44
# tests 44
# pass  44

# ok




TAP version 13
# emit one object - two listeners
ok 1 Theoretical max runs without error
ok 2 Theoretical max called handle three times
ok 3 Theoretical max called handle2 three times
ok 4 EventEmitter runs without error
ok 5 EventEmitter called handle three times
ok 6 EventEmitter called handle2 three times
ok 7 EventEmitter2 runs without error
ok 8 EventEmitter2 called handle three times
ok 9 EventEmitter2 called handle2 three times
ok 10 EventEmitter3 runs without error
ok 11 EventEmitter3 called handle three times
ok 12 EventEmitter3 called handle2 three times
ok 13 push-stream runs without error
ok 14 push-stream called handle three times
ok 15 push-stream called handle2 three times
ok 16 dripEmitter runs without error
ok 17 dripEmitter called handle three times
ok 18 dripEmitter called handle2 three times
ok 19 dripEmitterEnhanced runs without error
ok 20 dripEmitterEnhanced called handle three times
ok 21 dripEmitterEnhanced called handle2 three times
ok 22 RXJS runs without error
ok 23 RXJS called handle three times
ok 24 RXJS called handle2 three times
ok 25 ReactiveProperty runs without error
ok 26 ReactiveProperty called handle three times
ok 27 ReactiveProperty called handle2 three times
ok 28 JS-Signals runs without error
ok 29 JS-Signals called handle three times
ok 30 JS-Signals called handle2 three times
ok 31 MiniSignals runs without error
ok 32 MiniSignals called handle three times
ok 33 MiniSignals called handle2 three times
ok 34 MicroSignals runs without error
ok 35 MicroSignals called handle three times
ok 36 MicroSignals called handle2 three times
ok 37 signal-emitter runs without error
ok 38 signal-emitter called handle three times
ok 39 signal-emitter called handle2 three times
ok 40 event-signal runs without error
ok 41 event-signal called handle three times
ok 42 event-signal called handle2 three times
ok 43 signal-lite runs without error
ok 44 signal-lite called handle three times
ok 45 signal-lite called handle2 three times
ok 46 EventDispatcher runs without error
ok 47 EventDispatcher called handle three times
ok 48 EventDispatcher called handle2 three times
ok 49 pull-notify runs without error
ok 50 pull-notify called handle three times
ok 51 pull-notify called handle2 three times
ok 52 xstream runs without error
ok 53 xstream called handle three times
ok 54 xstream called handle2 three times
ok 55 evee runs without error
ok 56 evee called handle three times
ok 57 evee called handle2 three times
ok 58 sister runs without error
ok 59 sister called handle three times
ok 60 sister called handle2 three times

    Theoretical max x 6,108,065 ops/sec ±16.32% (15 runs sampled) *burn in*
    MiniSignals x 4,885,721 ops/sec ±3.82% (15 runs sampled)
    MicroSignals x 4,892,551 ops/sec ±4.10% (15 runs sampled)
    push-stream x 4,648,740 ops/sec ±3.08% (15 runs sampled)
    signal-lite x 4,571,614 ops/sec ±3.59% (15 runs sampled)
    ReactiveProperty x 4,352,748 ops/sec ±4.34% (15 runs sampled)
    dripEmitter x 4,043,841 ops/sec ±4.08% (15 runs sampled)
    EventEmitter3 x 3,907,675 ops/sec ±3.90% (15 runs sampled)
    sister x 3,947,807 ops/sec ±5.34% (14 runs sampled)
    xstream x 3,103,083 ops/sec ±4.87% (15 runs sampled)
    EventDispatcher x 2,204,538 ops/sec ±2.67% (15 runs sampled)
    event-signal x 1,533,214 ops/sec ±3.93% (15 runs sampled)
    RXJS x 1,246,888 ops/sec ±4.00% (15 runs sampled)
    EventEmitter2 x 1,193,673 ops/sec ±7.73% (14 runs sampled)
    pull-notify x 906,990 ops/sec ±4.17% (14 runs sampled)
    evee x 717,090 ops/sec ±4.34% (15 runs sampled)
    dripEmitterEnhanced x 674,001 ops/sec ±6.45% (15 runs sampled)
    signal-emitter x 463,283 ops/sec ±3.28% (14 runs sampled)
    EventEmitter x 186,680 ops/sec ±3.86% (15 runs sampled)
    JS-Signals x 170,400 ops/sec ±4.27% (14 runs sampled)

*Fastest is __MiniSignals, MicroSignals__*


1..60
# tests 60
# pass  60

# ok




TAP version 13
# emit one random value - one listener
ok 1 Theoretical max runs without error
ok 2 Theoretical max called handle once
ok 3 EventEmitter runs without error
ok 4 EventEmitter called handle once
ok 5 EventEmitter2 runs without error
ok 6 EventEmitter2 called handle once
ok 7 EventEmitter3 runs without error
ok 8 EventEmitter3 called handle once
ok 9 dripEmitter runs without error
ok 10 dripEmitter called handle once
ok 11 barracks runs without error
ok 12 barracks called handle once
ok 13 push-stream runs without error
ok 14 push-stream called handle once
ok 15 push-stream-patch runs without error
ok 16 push-stream-patch called handle once
ok 17 mini-pipe runs without error
ok 18 mini-pipe called handle once
ok 19 dripEmitterEnhanced runs without error
ok 20 dripEmitterEnhanced called handle once
ok 21 d3-dispatch runs without error
ok 22 d3-dispatch called handle once
ok 23 namespace-emitter runs without error
ok 24 namespace-emitter called handle once
ok 25 ReactiveProperty runs without error
ok 26 ReactiveProperty called handle once
ok 27 observable runs without error
ok 28 observable called handle once
ok 29 observ runs without error
ok 30 observ called handle once
ok 31 RXJS runs without error
ok 32 RXJS called handle once
ok 33 JS-Signals runs without error
ok 34 JS-Signals called handle once
ok 35 MiniSignals runs without error
ok 36 MiniSignals called handle once
ok 37 MicroSignals runs without error
ok 38 MicroSignals called handle once
ok 39 signal-emitter runs without error
ok 40 signal-emitter called handle once
ok 41 event-signal runs without error
ok 42 event-signal called handle once
ok 43 signal-lite runs without error
ok 44 signal-lite called handle once
ok 45 minivents runs without error
ok 46 minivents called handle once
ok 47 pull-notify runs without error
ok 48 pull-notify called handle once
ok 49 pull-pushable runs without error
ok 50 pull-pushable called handle once
ok 51 xstream runs without error
ok 52 xstream called handle once
ok 53 evee runs without error
ok 54 evee called handle once

    MicroSignals x 24,929,449 ops/sec ±5.12% (15 runs sampled)
    xstream x 24,718,085 ops/sec ±4.88% (14 runs sampled)
    Theoretical max x 26,237,636 ops/sec ±11.96% (14 runs sampled) *burn in*
    mini-pipe x 22,656,669 ops/sec ±4.73% (14 runs sampled)
    MiniSignals x 22,299,270 ops/sec ±3.63% (15 runs sampled)
    push-stream-patch x 18,704,088 ops/sec ±4.31% (15 runs sampled)
    EventEmitter3 x 18,313,892 ops/sec ±3.78% (15 runs sampled)
    dripEmitter x 18,171,066 ops/sec ±3.72% (15 runs sampled)
    signal-lite x 17,820,307 ops/sec ±3.95% (15 runs sampled)
    push-stream x 17,828,846 ops/sec ±4.14% (15 runs sampled)
    EventEmitter2 x 16,973,301 ops/sec ±3.57% (15 runs sampled)
    ReactiveProperty x 14,519,680 ops/sec ±4.63% (14 runs sampled)
    EventEmitter x 9,411,748 ops/sec ±6.42% (15 runs sampled)
    observ x 7,783,897 ops/sec ±4.26% (15 runs sampled)
    pull-notify x 6,561,399 ops/sec ±3.09% (15 runs sampled)
    pull-pushable x 6,157,402 ops/sec ±6.18% (14 runs sampled)
    event-signal x 6,058,050 ops/sec ±8.76% (14 runs sampled)
    RXJS x 5,039,769 ops/sec ±4.73% (15 runs sampled)
    barracks x 4,405,619 ops/sec ±7.56% (14 runs sampled)
    d3-dispatch x 3,819,536 ops/sec ±2.96% (14 runs sampled)
    dripEmitterEnhanced x 2,468,326 ops/sec ±2.14% (15 runs sampled)
    evee x 2,318,123 ops/sec ±4.12% (14 runs sampled)
    signal-emitter x 1,390,060 ops/sec ±4.03% (14 runs sampled)
    observable x 735,325 ops/sec ±5.54% (15 runs sampled)
    JS-Signals x 605,519 ops/sec ±4.73% (15 runs sampled)
    minivents x 602,813 ops/sec ±8.31% (15 runs sampled)
    namespace-emitter x 512,295 ops/sec ±3.94% (14 runs sampled)

*Fastest is __MicroSignals, xstream__*


1..54
# tests 54
# pass  54

# ok




TAP version 13
# emit one random value - two listeners
ok 1 Theoretical max runs without error
ok 2 Theoretical max called handle once
ok 3 Theoretical max called handle2 once
ok 4 EventEmitter runs without error
ok 5 EventEmitter called handle once
ok 6 EventEmitter called handle2 once
ok 7 EventEmitter2 runs without error
ok 8 EventEmitter2 called handle once
ok 9 EventEmitter2 called handle2 once
ok 10 EventEmitter3 runs without error
ok 11 EventEmitter3 called handle once
ok 12 EventEmitter3 called handle2 once
ok 13 dripEmitter runs without error
ok 14 dripEmitter called handle once
ok 15 dripEmitter called handle2 once
ok 16 push-stream-patch runs without error
ok 17 push-stream-patch called handle once
ok 18 push-stream-patch called handle2 once
ok 19 push-stream runs without error
ok 20 push-stream called handle once
ok 21 push-stream called handle2 once
ok 22 dripEmitterEnhanced runs without error
ok 23 dripEmitterEnhanced called handle once
ok 24 dripEmitterEnhanced called handle2 once
ok 25 d3-dispatch runs without error
ok 26 d3-dispatch called handle once
ok 27 d3-dispatch called handle2 once
ok 28 namespace-emitter runs without error
ok 29 namespace-emitter called handle once
ok 30 namespace-emitter called handle2 once
ok 31 ReactiveProperty runs without error
ok 32 ReactiveProperty called handle once
ok 33 ReactiveProperty called handle2 once
ok 34 observable runs without error
ok 35 observable called handle once
ok 36 observable called handle2 once
ok 37 observ runs without error
ok 38 observ called handle once
ok 39 observ called handle2 once
ok 40 RXJS runs without error
ok 41 RXJS called handle once
ok 42 RXJS called handle2 once
ok 43 JS-Signals runs without error
ok 44 JS-Signals called handle once
ok 45 JS-Signals called handle2 once
ok 46 MiniSignals runs without error
ok 47 MiniSignals called handle once
ok 48 MiniSignals called handle2 once
ok 49 MicroSignals runs without error
ok 50 MicroSignals called handle once
ok 51 MicroSignals called handle2 once
ok 52 signal-emitter runs without error
ok 53 signal-emitter called handle once
ok 54 signal-emitter called handle2 once
ok 55 event-signal runs without error
ok 56 event-signal called handle once
ok 57 event-signal called handle2 once
ok 58 signal-lite runs without error
ok 59 signal-lite called handle once
ok 60 signal-lite called handle2 once
ok 61 minivents runs without error
ok 62 minivents called handle once
ok 63 minivents called handle2 once
ok 64 pull-notify runs without error
ok 65 pull-notify called handle once
ok 66 pull-notify called handle2 once
ok 67 xstream runs without error
ok 68 xstream called handle once
ok 69 xstream called handle2 once
ok 70 waddup runs without error
ok 71 waddup called handle once
ok 72 waddup called handle2 once
ok 73 evee runs without error
ok 74 evee called handle once
ok 75 evee called handle2 once

    MicroSignals x 14,995,329 ops/sec ±4.50% (15 runs sampled)
    Theoretical max x 14,888,128 ops/sec ±7.88% (14 runs sampled) *burn in*
    push-stream-patch x 13,800,657 ops/sec ±3.41% (15 runs sampled)
    MiniSignals x 13,430,663 ops/sec ±3.47% (15 runs sampled)
    signal-lite x 13,113,416 ops/sec ±2.73% (15 runs sampled)
    push-stream x 13,262,634 ops/sec ±4.36% (15 runs sampled)
    xstream x 12,357,219 ops/sec ±2.44% (14 runs sampled)
    dripEmitter x 12,176,617 ops/sec ±3.66% (15 runs sampled)
    EventEmitter3 x 12,066,883 ops/sec ±3.49% (15 runs sampled)
    ReactiveProperty x 10,917,414 ops/sec ±4.09% (14 runs sampled)
    event-signal x 5,056,029 ops/sec ±10.27% (15 runs sampled)
    observ x 4,603,646 ops/sec ±4.16% (15 runs sampled)
    EventEmitter2 x 4,145,412 ops/sec ±2.76% (15 runs sampled)
    RXJS x 3,848,426 ops/sec ±4.68% (15 runs sampled)
    pull-notify x 2,958,078 ops/sec ±4.74% (15 runs sampled)
    waddup x 2,431,686 ops/sec ±9.95% (15 runs sampled)
    evee x 2,263,198 ops/sec ±3.90% (15 runs sampled)
    dripEmitterEnhanced x 2,226,181 ops/sec ±3.70% (15 runs sampled)
    d3-dispatch x 2,129,095 ops/sec ±4.82% (14 runs sampled)
    signal-emitter x 1,392,354 ops/sec ±3.46% (15 runs sampled)
    observable x 723,655 ops/sec ±3.41% (15 runs sampled)
    EventEmitter x 576,729 ops/sec ±3.02% (15 runs sampled)
    JS-Signals x 523,345 ops/sec ±2.67% (15 runs sampled)
    namespace-emitter x 433,702 ops/sec ±3.71% (14 runs sampled)
    minivents x 347,313 ops/sec ±8.15% (14 runs sampled)

*Fastest is __MicroSignals__*


1..75
# tests 75
# pass  75

# ok




TAP version 13
# emit one value - bound function
ok 1 Theoretical max runs without error
ok 2 Theoretical max called handle one time
ok 3 Theoretical max called handle2 one time
ok 4 EventEmitter runs without error
ok 5 EventEmitter called handle one time
ok 6 EventEmitter called handle2 one time
ok 7 EventEmitter2 runs without error
ok 8 EventEmitter2 called handle one time
ok 9 EventEmitter2 called handle2 one time
ok 10 EventEmitter3 runs without error
ok 11 EventEmitter3 called handle one time
ok 12 EventEmitter3 called handle2 one time
ok 13 push-stream runs without error
ok 14 push-stream called handle one time
ok 15 push-stream called handle2 one time
ok 16 dripEmitter runs without error
ok 17 dripEmitter called handle one time
ok 18 dripEmitter called handle2 one time
ok 19 dripEmitterEnhanced runs without error
ok 20 dripEmitterEnhanced called handle one time
ok 21 dripEmitterEnhanced called handle2 one time
ok 22 RXJS runs without error
ok 23 RXJS called handle one time
ok 24 RXJS called handle2 one time
ok 25 ReactiveProperty runs without error
ok 26 ReactiveProperty called handle one time
ok 27 ReactiveProperty called handle2 one time
ok 28 JS-Signals runs without error
ok 29 JS-Signals called handle one time
ok 30 JS-Signals called handle2 one time
ok 31 MiniSignals runs without error
ok 32 MiniSignals called handle one time
ok 33 MiniSignals called handle2 one time
ok 34 MicroSignals runs without error
ok 35 MicroSignals called handle one time
ok 36 MicroSignals called handle2 one time
ok 37 signal-emitter runs without error
ok 38 signal-emitter called handle one time
ok 39 signal-emitter called handle2 one time
ok 40 event-signal runs without error
ok 41 event-signal called handle one time
ok 42 event-signal called handle2 one time
ok 43 signal-lite runs without error
ok 44 signal-lite called handle one time
ok 45 signal-lite called handle2 one time
ok 46 pull-notify runs without error
ok 47 pull-notify called handle one time
ok 48 pull-notify called handle2 one time
ok 49 xstream runs without error
ok 50 xstream called handle one time
ok 51 xstream called handle2 one time
ok 52 evee runs without error
ok 53 evee called handle one time
ok 54 evee called handle2 one time

    Theoretical max x 27,178,723 ops/sec ±10.10% (14 runs sampled) *burn in*
    MicroSignals x 16,790,256 ops/sec ±2.72% (15 runs sampled)
    push-stream x 14,348,667 ops/sec ±3.98% (15 runs sampled)
    xstream x 12,681,740 ops/sec ±3.64% (15 runs sampled)
    ReactiveProperty x 12,814,162 ops/sec ±8.80% (14 runs sampled)
    EventEmitter3 x 11,744,015 ops/sec ±3.67% (14 runs sampled)
    dripEmitter x 10,245,675 ops/sec ±12.29% (14 runs sampled)
    MiniSignals x 7,161,119 ops/sec ±4.69% (15 runs sampled)
    signal-lite x 5,730,851 ops/sec ±3.93% (15 runs sampled)
    event-signal x 5,395,047 ops/sec ±6.66% (15 runs sampled)
    EventEmitter2 x 4,127,685 ops/sec ±2.55% (13 runs sampled)
    RXJS x 3,440,498 ops/sec ±15.76% (14 runs sampled)
    pull-notify x 3,081,860 ops/sec ±5.01% (14 runs sampled)
    dripEmitterEnhanced x 1,803,103 ops/sec ±8.46% (14 runs sampled)
    signal-emitter x 1,351,209 ops/sec ±4.07% (14 runs sampled)
    evee x 1,085,245 ops/sec ±6.56% (15 runs sampled)
    EventEmitter x 513,238 ops/sec ±8.08% (13 runs sampled)
    JS-Signals x 494,740 ops/sec ±5.58% (14 runs sampled)

*Fastest is __MicroSignals__*


1..54
# tests 54
# pass  54

# ok




TAP version 13
# emit one value - many listeners
ok 1 Theoretical max runs without error
ok 2 Theoretical max called handles N times
ok 3 EventEmitter runs without error
ok 4 EventEmitter called handles N times
ok 5 EventEmitter2 runs without error
ok 6 EventEmitter2 called handles N times
ok 7 EventEmitter3 runs without error
ok 8 EventEmitter3 called handles N times
ok 9 push-stream runs without error
ok 10 push-stream called handles N times
ok 11 dripEmitter runs without error
ok 12 dripEmitter called handles N times
ok 13 dripEmitterEnhanced runs without error
ok 14 dripEmitterEnhanced called handles N times
ok 15 RXJS runs without error
ok 16 RXJS called handles N times
ok 17 ReactiveProperty runs without error
ok 18 ReactiveProperty called handles N times
ok 19 JS-Signals runs without error
ok 20 JS-Signals called handles N times
ok 21 MiniSignals runs without error
ok 22 MiniSignals called handles N times
ok 23 MicroSignal runs without error
ok 24 MicroSignal called handles N times
ok 25 signal-emitter runs without error
ok 26 signal-emitter called handles N times
ok 27 event-signal runs without error
ok 28 event-signal called handles N times
ok 29 signal-lite runs without error
ok 30 signal-lite called handles N times
ok 31 minivents runs without error
ok 32 minivents called handles N times
ok 33 pull-notify runs without error
ok 34 pull-notify called handles N times
ok 35 xstream runs without error
ok 36 xstream called handles N times
ok 37 evee runs without error
ok 38 evee called handles N times

    dripEmitter x 4,309,751 ops/sec ±3.87% (15 runs sampled)
    Theoretical max x 4,406,192 ops/sec ±6.64% (14 runs sampled) *burn in*
    signal-lite x 4,365,399 ops/sec ±6.40% (15 runs sampled)
    MiniSignals x 4,329,142 ops/sec ±5.76% (15 runs sampled)
    MicroSignal x 4,043,833 ops/sec ±3.31% (14 runs sampled)
    push-stream x 4,102,356 ops/sec ±5.80% (15 runs sampled)
    EventEmitter3 x 3,776,121 ops/sec ±5.80% (15 runs sampled)
    xstream x 3,433,266 ops/sec ±6.90% (14 runs sampled)
    ReactiveProperty x 3,355,303 ops/sec ±7.36% (15 runs sampled)
    event-signal x 2,653,781 ops/sec ±5.14% (15 runs sampled)
    EventEmitter2 x 2,286,614 ops/sec ±3.76% (15 runs sampled)
    RXJS x 1,580,732 ops/sec ±4.16% (15 runs sampled)
    dripEmitterEnhanced x 1,462,835 ops/sec ±3.52% (14 runs sampled)
    signal-emitter x 1,124,574 ops/sec ±6.24% (15 runs sampled)
    evee x 1,014,048 ops/sec ±2.45% (15 runs sampled)
    pull-notify x 697,394 ops/sec ±10.39% (15 runs sampled)
    JS-Signals x 273,945 ops/sec ±3.05% (15 runs sampled)
    EventEmitter x 277,081 ops/sec ±8.07% (15 runs sampled)
    minivents x 74,236 ops/sec ±4.30% (14 runs sampled)

*Fastest is __dripEmitter, signal-lite, MiniSignals, push-stream__*


1..38
# tests 38
# pass  38

# ok




TAP version 13
# emit one value - one listener
ok 1 Theoretical max runs without error
ok 2 Theoretical max called handle once
ok 3 EventEmitter runs without error
ok 4 EventEmitter called handle once
ok 5 EventEmitter2 runs without error
ok 6 EventEmitter2 called handle once
ok 7 EventEmitter3 runs without error
ok 8 EventEmitter3 called handle once
ok 9 dripEmitter runs without error
ok 10 dripEmitter called handle once
ok 11 barracks runs without error
ok 12 barracks called handle once
ok 13 push-stream runs without error
ok 14 push-stream called handle once
ok 15 push-stream-patch runs without error
ok 16 push-stream-patch called handle once
ok 17 mini-pipe runs without error
ok 18 mini-pipe called handle once
ok 19 dripEmitterEnhanced runs without error
ok 20 dripEmitterEnhanced called handle once
ok 21 d3-dispatch runs without error
ok 22 d3-dispatch called handle once
ok 23 namespace-emitter runs without error
ok 24 namespace-emitter called handle once
ok 25 ReactiveProperty runs without error
ok 26 ReactiveProperty called handle once
ok 27 observable runs without error
ok 28 observable called handle once
ok 29 observ runs without error
ok 30 observ called handle once
ok 31 RXJS runs without error
ok 32 RXJS called handle once
ok 33 JS-Signals runs without error
ok 34 JS-Signals called handle once
ok 35 MiniSignals runs without error
ok 36 MiniSignals called handle once
ok 37 MicroSignals runs without error
ok 38 MicroSignals called handle once
ok 39 signal-emitter runs without error
ok 40 signal-emitter called handle once
ok 41 event-signal runs without error
ok 42 event-signal called handle once
ok 43 signal-lite runs without error
ok 44 signal-lite called handle once
ok 45 minivents runs without error
ok 46 minivents called handle once
ok 47 pull-notify runs without error
ok 48 pull-notify called handle once
ok 49 pull-pushable runs without error
ok 50 pull-pushable called handle once
ok 51 xstream runs without error
ok 52 xstream called handle once
ok 53 evee runs without error
ok 54 evee called handle once
ok 55 sister runs without error
ok 56 sister called handle once

    MicroSignals x 32,833,896 ops/sec ±4.18% (15 runs sampled)
    Theoretical max x 32,174,414 ops/sec ±11.26% (14 runs sampled) *burn in*
    xstream x 29,516,129 ops/sec ±6.09% (15 runs sampled)
    mini-pipe x 28,397,448 ops/sec ±3.37% (15 runs sampled)
    MiniSignals x 27,500,740 ops/sec ±3.20% (15 runs sampled)
    sister x 23,078,087 ops/sec ±5.51% (15 runs sampled)
    dripEmitter x 21,674,533 ops/sec ±3.93% (14 runs sampled)
    push-stream-patch x 21,082,949 ops/sec ±4.58% (15 runs sampled)
    push-stream x 19,634,194 ops/sec ±3.86% (15 runs sampled)
    ReactiveProperty x 17,770,825 ops/sec ±3.78% (15 runs sampled)
    EventEmitter3 x 18,674,105 ops/sec ±10.06% (14 runs sampled)
    signal-lite x 17,181,549 ops/sec ±8.60% (14 runs sampled)
    EventEmitter2 x 18,981,004 ops/sec ±23.53% (15 runs sampled)
    EventEmitter x 10,200,821 ops/sec ±3.22% (15 runs sampled)
    observ x 8,883,146 ops/sec ±2.66% (15 runs sampled)
    pull-notify x 6,226,600 ops/sec ±1.78% (15 runs sampled)
    pull-pushable x 6,316,821 ops/sec ±7.77% (15 runs sampled)
    RXJS x 5,551,626 ops/sec ±3.86% (14 runs sampled)
    event-signal x 5,892,536 ops/sec ±17.69% (14 runs sampled)
    barracks x 4,830,032 ops/sec ±3.74% (15 runs sampled)
    d3-dispatch x 4,314,684 ops/sec ±7.10% (15 runs sampled)
    dripEmitterEnhanced x 2,250,464 ops/sec ±5.49% (14 runs sampled)
    evee x 2,169,912 ops/sec ±2.66% (15 runs sampled)
    signal-emitter x 1,392,197 ops/sec ±4.11% (13 runs sampled)
    observable x 748,212 ops/sec ±3.78% (15 runs sampled)
    JS-Signals x 573,735 ops/sec ±2.51% (15 runs sampled)
    namespace-emitter x 462,291 ops/sec ±3.18% (14 runs sampled)
    minivents x 469,039 ops/sec ±8.32% (14 runs sampled)

*Fastest is __MicroSignals__*


1..56
# tests 56
# pass  56

# ok




TAP version 13
# emit one value - two listeners
ok 1 Theoretical max runs without error
ok 2 Theoretical max called handle once
ok 3 Theoretical max called handle2 once
ok 4 EventEmitter runs without error
ok 5 EventEmitter called handle once
ok 6 EventEmitter called handle2 once
ok 7 EventEmitter2 runs without error
ok 8 EventEmitter2 called handle once
ok 9 EventEmitter2 called handle2 once
ok 10 EventEmitter3 runs without error
ok 11 EventEmitter3 called handle once
ok 12 EventEmitter3 called handle2 once
ok 13 dripEmitter runs without error
ok 14 dripEmitter called handle once
ok 15 dripEmitter called handle2 once
ok 16 push-stream-patch runs without error
ok 17 push-stream-patch called handle once
ok 18 push-stream-patch called handle2 once
ok 19 push-stream runs without error
ok 20 push-stream called handle once
ok 21 push-stream called handle2 once
ok 22 dripEmitterEnhanced runs without error
ok 23 dripEmitterEnhanced called handle once
ok 24 dripEmitterEnhanced called handle2 once
ok 25 d3-dispatch runs without error
ok 26 d3-dispatch called handle once
ok 27 d3-dispatch called handle2 once
ok 28 namespace-emitter runs without error
ok 29 namespace-emitter called handle once
ok 30 namespace-emitter called handle2 once
ok 31 ReactiveProperty runs without error
ok 32 ReactiveProperty called handle once
ok 33 ReactiveProperty called handle2 once
ok 34 observable runs without error
ok 35 observable called handle once
ok 36 observable called handle2 once
ok 37 observ runs without error
ok 38 observ called handle once
ok 39 observ called handle2 once
ok 40 RXJS runs without error
ok 41 RXJS called handle once
ok 42 RXJS called handle2 once
ok 43 JS-Signals runs without error
ok 44 JS-Signals called handle once
ok 45 JS-Signals called handle2 once
ok 46 MiniSignals runs without error
ok 47 MiniSignals called handle once
ok 48 MiniSignals called handle2 once
ok 49 MicroSignals runs without error
ok 50 MicroSignals called handle once
ok 51 MicroSignals called handle2 once
ok 52 signal-emitter runs without error
ok 53 signal-emitter called handle once
ok 54 signal-emitter called handle2 once
ok 55 event-signal runs without error
ok 56 event-signal called handle once
ok 57 event-signal called handle2 once
ok 58 signal-lite runs without error
ok 59 signal-lite called handle once
ok 60 signal-lite called handle2 once
ok 61 minivents runs without error
ok 62 minivents called handle once
ok 63 minivents called handle2 once
ok 64 pull-notify runs without error
ok 65 pull-notify called handle once
ok 66 pull-notify called handle2 once
ok 67 xstream runs without error
ok 68 xstream called handle once
ok 69 xstream called handle2 once
ok 70 waddup runs without error
ok 71 waddup called handle once
ok 72 waddup called handle2 once
ok 73 evee runs without error
ok 74 evee called handle once
ok 75 evee called handle2 once
ok 76 sister runs without error
ok 77 sister called handle once
ok 78 sister called handle2 once

    Theoretical max x 19,360,753 ops/sec ±6.16% (15 runs sampled) *burn in*
    sister x 17,208,084 ops/sec ±7.33% (14 runs sampled)
    MiniSignals x 16,509,623 ops/sec ±3.98% (15 runs sampled)
    MicroSignals x 15,671,421 ops/sec ±3.60% (15 runs sampled)
    signal-lite x 15,100,911 ops/sec ±2.24% (14 runs sampled)
    push-stream-patch x 13,009,479 ops/sec ±3.64% (15 runs sampled)
    dripEmitter x 12,556,153 ops/sec ±1.99% (15 runs sampled)
    push-stream x 13,056,722 ops/sec ±9.52% (15 runs sampled)
    xstream x 10,661,649 ops/sec ±4.70% (15 runs sampled)
    EventEmitter3 x 10,611,488 ops/sec ±4.34% (15 runs sampled)
    ReactiveProperty x 10,164,097 ops/sec ±31.18% (15 runs sampled)
    observ x 5,490,361 ops/sec ±2.23% (14 runs sampled)
    event-signal x 5,152,635 ops/sec ±5.77% (15 runs sampled)
    RXJS x 3,820,130 ops/sec ±2.63% (15 runs sampled)
    EventEmitter2 x 3,700,129 ops/sec ±6.75% (15 runs sampled)
    pull-notify x 2,783,174 ops/sec ±7.87% (14 runs sampled)
    evee x 2,340,409 ops/sec ±2.64% (15 runs sampled)
    d3-dispatch x 2,233,134 ops/sec ±4.06% (15 runs sampled)
    dripEmitterEnhanced x 2,110,615 ops/sec ±4.65% (13 runs sampled)
    waddup x 1,766,414 ops/sec ±13.46% (14 runs sampled)
    signal-emitter x 1,408,650 ops/sec ±2.72% (15 runs sampled)
    observable x 672,094 ops/sec ±12.08% (15 runs sampled)
    JS-Signals x 515,170 ops/sec ±4.00% (15 runs sampled)
    EventEmitter x 462,301 ops/sec ±3.99% (14 runs sampled)
    namespace-emitter x 399,076 ops/sec ±4.78% (14 runs sampled)
    minivents x 323,609 ops/sec ±7.85% (15 runs sampled)

*Fastest is __sister, MiniSignals__*


1..78
# tests 78
# pass  78

# ok




TAP version 13
# emit one value - with context
ok 1 Theoretical max runs without error
ok 2 Theoretical max called handle one time
ok 3 Theoretical max called handle2 called one time
ok 4 EventEmitter runs without error
ok 5 EventEmitter called handle one time
ok 6 EventEmitter called handle2 called one time
ok 7 EventEmitter2 runs without error
ok 8 EventEmitter2 called handle one time
ok 9 EventEmitter2 called handle2 called one time
ok 10 EventEmitter3 runs without error
ok 11 EventEmitter3 called handle one time
ok 12 EventEmitter3 called handle2 called one time
ok 13 push-stream runs without error
ok 14 push-stream called handle one time
ok 15 push-stream called handle2 called one time
ok 16 dripEmitter runs without error
ok 17 dripEmitter called handle one time
ok 18 dripEmitter called handle2 called one time
ok 19 dripEmitterEnhanced runs without error
ok 20 dripEmitterEnhanced called handle one time
ok 21 dripEmitterEnhanced called handle2 called one time
ok 22 RXJS runs without error
ok 23 RXJS called handle one time
ok 24 RXJS called handle2 called one time
ok 25 ReactiveProperty runs without error
ok 26 ReactiveProperty called handle one time
ok 27 ReactiveProperty called handle2 called one time
ok 28 JS-Signals runs without error
ok 29 JS-Signals called handle one time
ok 30 JS-Signals called handle2 called one time
ok 31 MiniSignals runs without error
ok 32 MiniSignals called handle one time
ok 33 MiniSignals called handle2 called one time
ok 34 MicroSignals runs without error
ok 35 MicroSignals called handle one time
ok 36 MicroSignals called handle2 called one time
ok 37 signal-emitter runs without error
ok 38 signal-emitter called handle one time
ok 39 signal-emitter called handle2 called one time
ok 40 event-signal runs without error
ok 41 event-signal called handle one time
ok 42 event-signal called handle2 called one time
ok 43 signal-lite runs without error
ok 44 signal-lite called handle one time
ok 45 signal-lite called handle2 called one time
ok 46 pull-notify runs without error
ok 47 pull-notify called handle one time
ok 48 pull-notify called handle2 called one time
ok 49 evee runs without error
ok 50 evee called handle one time
ok 51 evee called handle2 called one time
ok 52 sister runs without error
ok 53 sister called handle one time
ok 54 sister called handle2 called one time

    Theoretical max x 24,044,306 ops/sec ±10.71% (13 runs sampled) *burn in*
    MicroSignals x 16,706,715 ops/sec ±3.43% (15 runs sampled)
    sister x 15,915,487 ops/sec ±6.70% (14 runs sampled)
    MiniSignals x 15,410,332 ops/sec ±4.40% (13 runs sampled)
    push-stream x 13,788,537 ops/sec ±4.33% (14 runs sampled)
    signal-lite x 13,764,711 ops/sec ±6.10% (14 runs sampled)
    ReactiveProperty x 12,489,244 ops/sec ±2.37% (15 runs sampled)
    dripEmitter x 11,112,170 ops/sec ±2.86% (15 runs sampled)
    EventEmitter3 x 11,266,856 ops/sec ±9.85% (14 runs sampled)
    event-signal x 5,209,296 ops/sec ±8.04% (14 runs sampled)
    EventEmitter2 x 4,470,617 ops/sec ±3.03% (15 runs sampled)
    RXJS x 3,798,964 ops/sec ±4.18% (15 runs sampled)
    pull-notify x 3,045,992 ops/sec ±3.93% (15 runs sampled)
    dripEmitterEnhanced x 1,854,750 ops/sec ±3.45% (15 runs sampled)
    signal-emitter x 1,355,585 ops/sec ±6.54% (14 runs sampled)
    evee x 1,070,303 ops/sec ±6.83% (14 runs sampled)
    EventEmitter x 561,369 ops/sec ±2.64% (15 runs sampled)
    JS-Signals x 389,464 ops/sec ±5.87% (14 runs sampled)

*Fastest is __MicroSignals, sister__*


1..54
# tests 54
# pass  54

# ok




TAP version 13
# emit variable number of values
ok 1 Theoretical max runs without error
ok 2 Theoretical max called handle four times
ok 3 Theoretical max called handle2 four times
ok 4 EventEmitter runs without error
ok 5 EventEmitter called handle four times
ok 6 EventEmitter called handle2 four times
ok 7 EventEmitter2 runs without error
ok 8 EventEmitter2 called handle four times
ok 9 EventEmitter2 called handle2 four times
ok 10 EventEmitter3 runs without error
ok 11 EventEmitter3 called handle four times
ok 12 EventEmitter3 called handle2 four times
ok 13 dripEmitterEnhanced runs without error
ok 14 dripEmitterEnhanced called handle four times
ok 15 dripEmitterEnhanced called handle2 four times
ok 16 JS-Signals runs without error
ok 17 JS-Signals called handle four times
ok 18 JS-Signals called handle2 four times
ok 19 MiniSignals runs without error
ok 20 MiniSignals called handle four times
ok 21 MiniSignals called handle2 four times
ok 22 signal-emitter runs without error
ok 23 signal-emitter called handle four times
ok 24 signal-emitter called handle2 four times
ok 25 signal-lite runs without error
ok 26 signal-lite called handle four times
ok 27 signal-lite called handle2 four times

    Theoretical max x 5,851,319 ops/sec ±8.62% (15 runs sampled) *burn in*
    MiniSignals x 4,374,794 ops/sec ±4.44% (15 runs sampled)
    signal-lite x 4,030,459 ops/sec ±5.45% (15 runs sampled)
    EventEmitter3 x 1,179,505 ops/sec ±3.29% (15 runs sampled)
    EventEmitter2 x 656,698 ops/sec ±5.66% (15 runs sampled)
    dripEmitterEnhanced x 433,302 ops/sec ±3.35% (15 runs sampled)
    signal-emitter x 286,975 ops/sec ±4.43% (15 runs sampled)
    JS-Signals x 109,667 ops/sec ±4.19% (15 runs sampled)
    EventEmitter x 106,744 ops/sec ±5.13% (14 runs sampled)

*Fastest is __MiniSignals__*


1..27
# tests 27
# pass  27

# ok




TAP version 13
# init
ok 1 Theoretical max runs without error
ok 2 Theoretical max constructed an object
ok 3 EventEmitter runs without error
ok 4 EventEmitter constructed an object
ok 5 EventEmitter2 runs without error
ok 6 EventEmitter2 constructed an object
ok 7 EventEmitter3 runs without error
ok 8 EventEmitter3 constructed an object
ok 9 push-stream runs without error
ok 10 push-stream constructed an object
ok 11 DripEmitter runs without error
ok 12 DripEmitter constructed an object
ok 13 DripEmitterEnhanced runs without error
ok 14 DripEmitterEnhanced constructed an object
ok 15 ReactiveProperty runs without error
ok 16 ReactiveProperty constructed an object
ok 17 JS-Signals runs without error
ok 18 JS-Signals constructed an object
ok 19 MiniSignals runs without error
ok 20 MiniSignals constructed an object
ok 21 EventDispatcher runs without error
ok 22 EventDispatcher constructed an object
ok 23 pull-notify runs without error
ok 24 pull-notify constructed an object

    DripEmitter x 47,384,798 ops/sec ±2.95% (15 runs sampled)
    EventEmitter3 x 44,569,622 ops/sec ±4.96% (15 runs sampled)
    Theoretical max x 44,675,278 ops/sec ±5.37% (15 runs sampled) *burn in*
    EventDispatcher x 44,279,683 ops/sec ±11.29% (15 runs sampled)
    EventEmitter x 32,947,886 ops/sec ±2.64% (15 runs sampled)
    EventEmitter2 x 30,346,860 ops/sec ±3.05% (15 runs sampled)
    MiniSignals x 25,413,248 ops/sec ±16.90% (15 runs sampled)
    DripEmitterEnhanced x 19,175,198 ops/sec ±3.34% (15 runs sampled)
    push-stream x 10,987,815 ops/sec ±15.97% (15 runs sampled)
    JS-Signals x 1,776,352 ops/sec ±14.77% (12 runs sampled)
    ReactiveProperty x 1,108,540 ops/sec ±16.48% (13 runs sampled)
    pull-notify x 705,737 ops/sec ±16.18% (12 runs sampled)

*Fastest is __DripEmitter, EventDispatcher__*


1..24
# tests 24
# pass  24

# ok
