

TAP version 13
# Platform
ok 1 should be truthy
Safari 9.1.1 on OS X 10.11.5
NODE_ENV = production
BENCH = undefined

1..1
# tests 1
# pass  1

# ok




TAP version 13
# add and remove
ok 1 EventEmitter runs without error
ok 2 EventEmitter never called handle
ok 3 EventEmitter2 runs without error
ok 4 EventEmitter2 never called handle
ok 5 EventEmitter3 runs without error
ok 6 EventEmitter3 never called handle
ok 7 dripEmitter runs without error
ok 8 dripEmitter never called handle
ok 9 pushStream runs without error
ok 10 pushStream never called handle
ok 11 dripEmitterEnhanced runs without error
ok 12 dripEmitterEnhanced never called handle
ok 13 ReactiveProperty runs without error
ok 14 ReactiveProperty never called handle
ok 15 JS-Signals runs without error
ok 16 JS-Signals never called handle
ok 17 MiniSignals runs without error
ok 18 MiniSignals never called handle
ok 19 EventDispatcher runs without error
ok 20 EventDispatcher never called handle

    dripEmitter x 8,434,556 ops/sec ±4.02% (11 runs sampled)
    pushStream x 6,627,770 ops/sec ±3.36% (11 runs sampled)
    MiniSignals x 4,052,850 ops/sec ±22.20% (10 runs sampled)
    EventDispatcher x 3,640,680 ops/sec ±14.25% (10 runs sampled)
    EventEmitter3 x 1,806,132 ops/sec ±4.87% (11 runs sampled)
    ReactiveProperty x 1,816,485 ops/sec ±13.00% (10 runs sampled)
    JS-Signals x 1,018,914 ops/sec ±4.17% (11 runs sampled)
    dripEmitterEnhanced x 803,057 ops/sec ±6.36% (10 runs sampled)
    EventEmitter x 681,899 ops/sec ±7.46% (10 runs sampled)
    EventEmitter2 x 616,438 ops/sec ±5.32% (11 runs sampled)

*Fastest is __dripEmitter__*


1..20
# tests 20
# pass  20

# ok




TAP version 13
# emit one array
ok 1 Theoretical max runs without error
ok 2 Theoretical max called handle three times
ok 3 Theoretical max called handle2 three times
ok 4 EventEmitter runs without error
ok 5 EventEmitter called handle three times
ok 6 EventEmitter called handle2 three times
ok 7 EventEmitter2 runs without error
ok 8 EventEmitter2 called handle three times
ok 9 EventEmitter2 called handle2 three times
ok 10 EventEmitter3 runs without error
ok 11 EventEmitter3 called handle three times
ok 12 EventEmitter3 called handle2 three times
ok 13 push-stream runs without error
ok 14 push-stream called handle three times
ok 15 push-stream called handle2 three times
ok 16 dripEmitter runs without error
ok 17 dripEmitter called handle three times
ok 18 dripEmitter called handle2 three times
ok 19 dripEmitterEnhanced runs without error
ok 20 dripEmitterEnhanced called handle three times
ok 21 dripEmitterEnhanced called handle2 three times
ok 22 RXJS runs without error
ok 23 RXJS called handle three times
ok 24 RXJS called handle2 three times
ok 25 ReactiveProperty runs without error
ok 26 ReactiveProperty called handle three times
ok 27 ReactiveProperty called handle2 three times
ok 28 JS-Signals runs without error
ok 29 JS-Signals called handle three times
ok 30 JS-Signals called handle2 three times
ok 31 MiniSignals runs without error
ok 32 MiniSignals called handle three times
ok 33 MiniSignals called handle2 three times
ok 34 MicroSignals runs without error
ok 35 MicroSignals called handle three times
ok 36 MicroSignals called handle2 three times
ok 37 signal-emitter runs without error
ok 38 signal-emitter called handle three times
ok 39 signal-emitter called handle2 three times
ok 40 event-signal runs without error
ok 41 event-signal called handle three times
ok 42 event-signal called handle2 three times
ok 43 signal-lite runs without error
ok 44 signal-lite called handle three times
ok 45 signal-lite called handle2 three times
ok 46 pull-notify runs without error
ok 47 pull-notify called handle three times
ok 48 pull-notify called handle2 three times
ok 49 evee runs without error
ok 50 evee called handle three times
ok 51 evee called handle2 three times
ok 52 sister runs without error
ok 53 sister called handle three times
ok 54 sister called handle2 three times

    Theoretical max x 1,962,343 ops/sec ±35.74% (10 runs sampled) *burn in*
    MicroSignals x 1,116,837 ops/sec ±5.95% (11 runs sampled)
    push-stream x 1,100,943 ops/sec ±7.07% (10 runs sampled)
    sister x 1,060,221 ops/sec ±3.60% (11 runs sampled)
    event-signal x 936,681 ops/sec ±3.62% (11 runs sampled)
    dripEmitter x 807,777 ops/sec ±10.54% (10 runs sampled)
    evee x 751,685 ops/sec ±11.61% (10 runs sampled)
    MiniSignals x 752,482 ops/sec ±12.68% (11 runs sampled)
    pull-notify x 686,460 ops/sec ±3.58% (10 runs sampled)
    RXJS x 641,638 ops/sec ±9.08% (10 runs sampled)
    EventEmitter2 x 591,396 ops/sec ±9.66% (10 runs sampled)
    signal-lite x 541,278 ops/sec ±3.54% (11 runs sampled)
    ReactiveProperty x 577,315 ops/sec ±10.49% (10 runs sampled)
    EventEmitter3 x 530,583 ops/sec ±7.43% (10 runs sampled)
    EventEmitter x 468,996 ops/sec ±6.29% (10 runs sampled)
    JS-Signals x 394,652 ops/sec ±3.22% (11 runs sampled)
    dripEmitterEnhanced x 388,754 ops/sec ±13.03% (10 runs sampled)
    signal-emitter x 244,933 ops/sec ±9.62% (10 runs sampled)

*Fastest is __MicroSignals, push-stream, sister__*


1..54
# tests 54
# pass  54

# ok




TAP version 13
# emit many values - two listeners
ok 1 Theoretical max runs without error
ok 2 Theoretical max called handle once
ok 3 Theoretical max called handle2 once
ok 4 EventEmitter runs without error
ok 5 EventEmitter called handle once
ok 6 EventEmitter called handle2 once
ok 7 EventEmitter2 runs without error
ok 8 EventEmitter2 called handle once
ok 9 EventEmitter2 called handle2 once
ok 10 EventEmitter3 runs without error
ok 11 EventEmitter3 called handle once
ok 12 EventEmitter3 called handle2 once
ok 13 dripEmitterEnhanced runs without error
ok 14 dripEmitterEnhanced called handle once
ok 15 dripEmitterEnhanced called handle2 once
ok 16 JS-Signals runs without error
ok 17 JS-Signals called handle once
ok 18 JS-Signals called handle2 once
ok 19 MiniSignals runs without error
ok 20 MiniSignals called handle once
ok 21 MiniSignals called handle2 once
ok 22 signal-emitter runs without error
ok 23 signal-emitter called handle once
ok 24 signal-emitter called handle2 once
ok 25 signal-lite runs without error
ok 26 signal-lite called handle once
ok 27 signal-lite called handle2 once
ok 28 minivents runs without error
ok 29 minivents called handle once
ok 30 minivents called handle2 once

    Theoretical max x 6,249,808 ops/sec ±30.55% (10 runs sampled) *burn in*
    MiniSignals x 1,657,622 ops/sec ±27.26% (11 runs sampled)
    signal-lite x 1,211,896 ops/sec ±5.85% (11 runs sampled)
    EventEmitter3 x 1,093,073 ops/sec ±9.30% (11 runs sampled)
    EventEmitter2 x 928,273 ops/sec ±18.17% (10 runs sampled)
    minivents x 853,871 ops/sec ±9.53% (11 runs sampled)
    JS-Signals x 800,160 ops/sec ±5.17% (11 runs sampled)
    dripEmitterEnhanced x 697,302 ops/sec ±19.18% (10 runs sampled)
    signal-emitter x 433,918 ops/sec ±8.35% (11 runs sampled)
    EventEmitter x 1,608 ops/sec ±225.62% (10 runs sampled)

*Fastest is __MiniSignals, signal-lite__*


1..30
# tests 30
# pass  30

# ok




TAP version 13
# emit one object - one listener
ok 1 Theoretical max runs without error
ok 2 Theoretical max called handle three times
ok 3 EventEmitter runs without error
ok 4 EventEmitter called handle three times
ok 5 EventEmitter2 runs without error
ok 6 EventEmitter2 called handle three times
ok 7 EventEmitter3 runs without error
ok 8 EventEmitter3 called handle three times
ok 9 push-stream runs without error
ok 10 push-stream called handle three times
ok 11 mini-pipe runs without error
ok 12 mini-pipe called handle three times
ok 13 dripEmitter runs without error
ok 14 dripEmitter called handle three times
ok 15 dripEmitterEnhanced runs without error
ok 16 dripEmitterEnhanced called handle three times
ok 17 RXJS runs without error
ok 18 RXJS called handle three times
ok 19 ReactiveProperty runs without error
ok 20 ReactiveProperty called handle three times
ok 21 JS-Signals runs without error
ok 22 JS-Signals called handle three times
ok 23 MiniSignals runs without error
ok 24 MiniSignals called handle three times
ok 25 MicroSignals runs without error
ok 26 MicroSignals called handle three times
ok 27 signal-emitter runs without error
ok 28 signal-emitter called handle three times
ok 29 event-signal runs without error
ok 30 event-signal called handle three times
ok 31 signal-lite runs without error
ok 32 signal-lite called handle three times
ok 33 EventDispatcher runs without error
ok 34 EventDispatcher called handle three times
ok 35 pull-notify runs without error
ok 36 pull-notify called handle three times
ok 37 pull-pushable runs without error
ok 38 pull-pushable called handle three times
ok 39 xstream runs without error
ok 40 xstream called handle three times
ok 41 evee runs without error
ok 42 evee called handle three times
ok 43 sister runs without error
ok 44 sister called handle three times

    Theoretical max x 2,860,146 ops/sec ±31.62% (10 runs sampled) *burn in*
    mini-pipe x 1,679,436 ops/sec ±5.35% (11 runs sampled)
    push-stream x 1,618,399 ops/sec ±5.02% (11 runs sampled)
    xstream x 1,607,184 ops/sec ±4.76% (10 runs sampled)
    MicroSignals x 1,620,516 ops/sec ±6.02% (11 runs sampled)
    sister x 1,483,316 ops/sec ±5.08% (11 runs sampled)
    pull-notify x 1,252,109 ops/sec ±4.72% (11 runs sampled)
    pull-pushable x 1,194,478 ops/sec ±6.48% (11 runs sampled)
    event-signal x 1,088,814 ops/sec ±2.46% (11 runs sampled)
    ReactiveProperty x 1,066,223 ops/sec ±5.40% (10 runs sampled)
    dripEmitter x 1,071,296 ops/sec ±13.13% (10 runs sampled)
    EventDispatcher x 1,025,575 ops/sec ±11.55% (10 runs sampled)
    RXJS x 980,225 ops/sec ±6.81% (11 runs sampled)
    MiniSignals x 1,054,661 ops/sec ±15.46% (10 runs sampled)
    evee x 1,019,087 ops/sec ±12.49% (10 runs sampled)
    EventEmitter2 x 952,403 ops/sec ±11.57% (10 runs sampled)
    EventEmitter x 963,370 ops/sec ±16.07% (10 runs sampled)
    signal-lite x 780,515 ops/sec ±2.17% (11 runs sampled)
    EventEmitter3 x 710,364 ops/sec ±7.57% (11 runs sampled)
    JS-Signals x 500,118 ops/sec ±4.45% (11 runs sampled)
    dripEmitterEnhanced x 462,041 ops/sec ±13.11% (10 runs sampled)
    signal-emitter x 283,421 ops/sec ±3.78% (11 runs sampled)

*Fastest is __mini-pipe, push-stream, xstream, MicroSignals__*


1..44
# tests 44
# pass  44

# ok




TAP version 13
# emit one object - two listeners
ok 1 Theoretical max runs without error
ok 2 Theoretical max called handle three times
ok 3 Theoretical max called handle2 three times
ok 4 EventEmitter runs without error
ok 5 EventEmitter called handle three times
ok 6 EventEmitter called handle2 three times
ok 7 EventEmitter2 runs without error
ok 8 EventEmitter2 called handle three times
ok 9 EventEmitter2 called handle2 three times
ok 10 EventEmitter3 runs without error
ok 11 EventEmitter3 called handle three times
ok 12 EventEmitter3 called handle2 three times
ok 13 push-stream runs without error
ok 14 push-stream called handle three times
ok 15 push-stream called handle2 three times
ok 16 dripEmitter runs without error
ok 17 dripEmitter called handle three times
ok 18 dripEmitter called handle2 three times
ok 19 dripEmitterEnhanced runs without error
ok 20 dripEmitterEnhanced called handle three times
ok 21 dripEmitterEnhanced called handle2 three times
ok 22 RXJS runs without error
ok 23 RXJS called handle three times
ok 24 RXJS called handle2 three times
ok 25 ReactiveProperty runs without error
ok 26 ReactiveProperty called handle three times
ok 27 ReactiveProperty called handle2 three times
ok 28 JS-Signals runs without error
ok 29 JS-Signals called handle three times
ok 30 JS-Signals called handle2 three times
ok 31 MiniSignals runs without error
ok 32 MiniSignals called handle three times
ok 33 MiniSignals called handle2 three times
ok 34 MicroSignals runs without error
ok 35 MicroSignals called handle three times
ok 36 MicroSignals called handle2 three times
ok 37 signal-emitter runs without error
ok 38 signal-emitter called handle three times
ok 39 signal-emitter called handle2 three times
ok 40 event-signal runs without error
ok 41 event-signal called handle three times
ok 42 event-signal called handle2 three times
ok 43 signal-lite runs without error
ok 44 signal-lite called handle three times
ok 45 signal-lite called handle2 three times
ok 46 EventDispatcher runs without error
ok 47 EventDispatcher called handle three times
ok 48 EventDispatcher called handle2 three times
ok 49 pull-notify runs without error
ok 50 pull-notify called handle three times
ok 51 pull-notify called handle2 three times
ok 52 xstream runs without error
ok 53 xstream called handle three times
ok 54 xstream called handle2 three times
ok 55 evee runs without error
ok 56 evee called handle three times
ok 57 evee called handle2 three times
ok 58 sister runs without error
ok 59 sister called handle three times
ok 60 sister called handle2 three times

    Theoretical max x 2,002,200 ops/sec ±25.19% (10 runs sampled) *burn in*
    sister x 1,001,916 ops/sec ±4.50% (11 runs sampled)
    xstream x 977,569 ops/sec ±6.39% (10 runs sampled)
    push-stream x 977,016 ops/sec ±7.23% (10 runs sampled)
    event-signal x 831,818 ops/sec ±5.03% (11 runs sampled)
    ReactiveProperty x 821,509 ops/sec ±9.65% (11 runs sampled)
    MiniSignals x 828,447 ops/sec ±15.16% (11 runs sampled)
    RXJS x 724,237 ops/sec ±4.41% (11 runs sampled)
    EventDispatcher x 739,392 ops/sec ±6.97% (10 runs sampled)
    pull-notify x 684,543 ops/sec ±3.23% (11 runs sampled)
    MicroSignals x 692,358 ops/sec ±13.05% (11 runs sampled)
    evee x 671,913 ops/sec ±10.69% (10 runs sampled)
    EventEmitter2 x 634,245 ops/sec ±9.50% (10 runs sampled)
    dripEmitter x 636,105 ops/sec ±13.32% (10 runs sampled)
    signal-lite x 513,385 ops/sec ±3.28% (11 runs sampled)
    EventEmitter3 x 485,550 ops/sec ±8.24% (10 runs sampled)
    EventEmitter x 450,823 ops/sec ±13.14% (10 runs sampled)
    JS-Signals x 390,432 ops/sec ±3.63% (11 runs sampled)
    dripEmitterEnhanced x 336,995 ops/sec ±11.12% (10 runs sampled)
    signal-emitter x 243,904 ops/sec ±6.46% (11 runs sampled)

*Fastest is __sister, xstream, push-stream, MiniSignals__*


1..60
# tests 60
# pass  60

# ok




TAP version 13
# emit one random value - one listener
ok 1 Theoretical max runs without error
ok 2 Theoretical max called handle once
ok 3 EventEmitter runs without error
ok 4 EventEmitter called handle once
ok 5 EventEmitter2 runs without error
ok 6 EventEmitter2 called handle once
ok 7 EventEmitter3 runs without error
ok 8 EventEmitter3 called handle once
ok 9 dripEmitter runs without error
ok 10 dripEmitter called handle once
ok 11 barracks runs without error
ok 12 barracks called handle once
ok 13 push-stream runs without error
ok 14 push-stream called handle once
ok 15 push-stream-patch runs without error
ok 16 push-stream-patch called handle once
ok 17 mini-pipe runs without error
ok 18 mini-pipe called handle once
ok 19 dripEmitterEnhanced runs without error
ok 20 dripEmitterEnhanced called handle once
ok 21 d3-dispatch runs without error
ok 22 d3-dispatch called handle once
ok 23 namespace-emitter runs without error
ok 24 namespace-emitter called handle once
ok 25 ReactiveProperty runs without error
ok 26 ReactiveProperty called handle once
ok 27 observable runs without error
ok 28 observable called handle once
ok 29 observ runs without error
ok 30 observ called handle once
ok 31 RXJS runs without error
ok 32 RXJS called handle once
ok 33 JS-Signals runs without error
ok 34 JS-Signals called handle once
ok 35 MiniSignals runs without error
ok 36 MiniSignals called handle once
ok 37 MicroSignals runs without error
ok 38 MicroSignals called handle once
ok 39 signal-emitter runs without error
ok 40 signal-emitter called handle once
ok 41 event-signal runs without error
ok 42 event-signal called handle once
ok 43 signal-lite runs without error
ok 44 signal-lite called handle once
ok 45 minivents runs without error
ok 46 minivents called handle once
ok 47 pull-notify runs without error
ok 48 pull-notify called handle once
ok 49 pull-pushable runs without error
ok 50 pull-pushable called handle once
ok 51 xstream runs without error
ok 52 xstream called handle once
ok 53 evee runs without error
ok 54 evee called handle once

    push-stream-patch x 29,340,723 ops/sec ±25.15% (10 runs sampled)
    MicroSignals x 24,699,674 ops/sec ±33.29% (10 runs sampled)
    push-stream x 21,818,539 ops/sec ±35.69% (10 runs sampled)
    Theoretical max x 18,370,243 ops/sec ±48.71% (11 runs sampled) *burn in*
    mini-pipe x 18,341,883 ops/sec ±58.75% (10 runs sampled)
    xstream x 14,211,276 ops/sec ±63.36% (10 runs sampled)
    pull-notify x 7,227,946 ops/sec ±31.75% (10 runs sampled)
    event-signal x 6,593,487 ops/sec ±33.80% (10 runs sampled)
    dripEmitter x 6,406,976 ops/sec ±37.03% (10 runs sampled)
    evee x 5,806,381 ops/sec ±40.58% (10 runs sampled)
    EventEmitter2 x 5,765,538 ops/sec ±39.99% (10 runs sampled)
    ReactiveProperty x 4,965,254 ops/sec ±22.92% (10 runs sampled)
    EventEmitter x 5,230,162 ops/sec ±29.85% (10 runs sampled)
    RXJS x 3,862,281 ops/sec ±9.96% (10 runs sampled)
    pull-pushable x 3,730,978 ops/sec ±7.89% (11 runs sampled)
    MiniSignals x 3,754,439 ops/sec ±14.93% (10 runs sampled)
    barracks x 3,834,515 ops/sec ±37.22% (10 runs sampled)
    EventEmitter3 x 2,978,302 ops/sec ±17.28% (10 runs sampled)
    signal-lite x 2,923,091 ops/sec ±16.43% (10 runs sampled)
    minivents x 2,390,485 ops/sec ±14.60% (10 runs sampled)
    observable x 2,292,352 ops/sec ±14.52% (10 runs sampled)
    d3-dispatch x 2,130,105 ops/sec ±22.65% (10 runs sampled)
    observ x 1,950,544 ops/sec ±13.63% (10 runs sampled)
    JS-Signals x 1,831,238 ops/sec ±13.66% (10 runs sampled)
    dripEmitterEnhanced x 1,756,584 ops/sec ±18.01% (10 runs sampled)
    namespace-emitter x 996,423 ops/sec ±13.08% (10 runs sampled)
    signal-emitter x 799,603 ops/sec ±15.41% (11 runs sampled)

*Fastest is __push-stream-patch, MicroSignals, push-stream, mini-pipe, xstream__*


1..54
# tests 54
# pass  54

# ok




TAP version 13
# emit one random value - two listeners
ok 1 Theoretical max runs without error
ok 2 Theoretical max called handle once
ok 3 Theoretical max called handle2 once
ok 4 EventEmitter runs without error
ok 5 EventEmitter called handle once
ok 6 EventEmitter called handle2 once
ok 7 EventEmitter2 runs without error
ok 8 EventEmitter2 called handle once
ok 9 EventEmitter2 called handle2 once
ok 10 EventEmitter3 runs without error
ok 11 EventEmitter3 called handle once
ok 12 EventEmitter3 called handle2 once
ok 13 dripEmitter runs without error
ok 14 dripEmitter called handle once
ok 15 dripEmitter called handle2 once
ok 16 push-stream-patch runs without error
ok 17 push-stream-patch called handle once
ok 18 push-stream-patch called handle2 once
ok 19 push-stream runs without error
ok 20 push-stream called handle once
ok 21 push-stream called handle2 once
ok 22 dripEmitterEnhanced runs without error
ok 23 dripEmitterEnhanced called handle once
ok 24 dripEmitterEnhanced called handle2 once
ok 25 d3-dispatch runs without error
ok 26 d3-dispatch called handle once
ok 27 d3-dispatch called handle2 once
ok 28 namespace-emitter runs without error
ok 29 namespace-emitter called handle once
ok 30 namespace-emitter called handle2 once
ok 31 ReactiveProperty runs without error
ok 32 ReactiveProperty called handle once
ok 33 ReactiveProperty called handle2 once
ok 34 observable runs without error
ok 35 observable called handle once
ok 36 observable called handle2 once
ok 37 observ runs without error
ok 38 observ called handle once
ok 39 observ called handle2 once
ok 40 RXJS runs without error
ok 41 RXJS called handle once
ok 42 RXJS called handle2 once
ok 43 JS-Signals runs without error
ok 44 JS-Signals called handle once
ok 45 JS-Signals called handle2 once
ok 46 MiniSignals runs without error
ok 47 MiniSignals called handle once
ok 48 MiniSignals called handle2 once
ok 49 MicroSignals runs without error
ok 50 MicroSignals called handle once
ok 51 MicroSignals called handle2 once
ok 52 signal-emitter runs without error
ok 53 signal-emitter called handle once
ok 54 signal-emitter called handle2 once
ok 55 event-signal runs without error
ok 56 event-signal called handle once
ok 57 event-signal called handle2 once
ok 58 signal-lite runs without error
ok 59 signal-lite called handle once
ok 60 signal-lite called handle2 once
ok 61 minivents runs without error
ok 62 minivents called handle once
ok 63 minivents called handle2 once
ok 64 pull-notify runs without error
ok 65 pull-notify called handle once
ok 66 pull-notify called handle2 once
ok 67 xstream runs without error
ok 68 xstream called handle once
ok 69 xstream called handle2 once
ok 70 waddup runs without error
ok 71 waddup called handle once
ok 72 waddup called handle2 once
ok 73 evee runs without error
ok 74 evee called handle once
ok 75 evee called handle2 once

    Theoretical max x 8,948,868 ops/sec ±46.50% (10 runs sampled) *burn in*
    push-stream-patch x 4,908,906 ops/sec ±6.07% (10 runs sampled)
    push-stream x 4,559,805 ops/sec ±9.26% (10 runs sampled)
    MicroSignals x 4,617,021 ops/sec ±14.47% (10 runs sampled)
    event-signal x 3,551,507 ops/sec ±6.38% (10 runs sampled)
    xstream x 3,702,407 ops/sec ±13.24% (10 runs sampled)
    evee x 2,775,531 ops/sec ±12.34% (10 runs sampled)
    dripEmitter x 2,810,290 ops/sec ±18.35% (10 runs sampled)
    ReactiveProperty x 2,412,663 ops/sec ±10.71% (10 runs sampled)
    RXJS x 2,319,314 ops/sec ±6.69% (11 runs sampled)
    pull-notify x 2,422,591 ops/sec ±13.95% (10 runs sampled)
    MiniSignals x 2,287,164 ops/sec ±15.55% (10 runs sampled)
    EventEmitter2 x 2,185,323 ops/sec ±12.28% (10 runs sampled)
    EventEmitter3 x 1,901,527 ops/sec ±9.46% (10 runs sampled)
    signal-lite x 1,747,533 ops/sec ±6.82% (11 runs sampled)
    EventEmitter x 1,702,240 ops/sec ±14.27% (10 runs sampled)
    d3-dispatch x 1,477,205 ops/sec ±8.27% (11 runs sampled)
    observable x 1,506,066 ops/sec ±10.45% (11 runs sampled)
    minivents x 1,382,620 ops/sec ±2.65% (11 runs sampled)
    waddup x 1,303,464 ops/sec ±6.53% (10 runs sampled)
    observ x 1,317,842 ops/sec ±8.25% (10 runs sampled)
    dripEmitterEnhanced x 1,304,523 ops/sec ±14.09% (10 runs sampled)
    JS-Signals x 1,192,004 ops/sec ±8.13% (10 runs sampled)
    signal-emitter x 718,964 ops/sec ±3.74% (11 runs sampled)
    namespace-emitter x 670,331 ops/sec ±11.56% (10 runs sampled)

*Fastest is __push-stream-patch, push-stream, MicroSignals__*


1..75
# tests 75
# pass  75

# ok




TAP version 13
# emit one value - bound function
ok 1 Theoretical max runs without error
ok 2 Theoretical max called handle one time
ok 3 Theoretical max called handle2 one time
ok 4 EventEmitter runs without error
ok 5 EventEmitter called handle one time
ok 6 EventEmitter called handle2 one time
ok 7 EventEmitter2 runs without error
ok 8 EventEmitter2 called handle one time
ok 9 EventEmitter2 called handle2 one time
ok 10 EventEmitter3 runs without error
ok 11 EventEmitter3 called handle one time
ok 12 EventEmitter3 called handle2 one time
ok 13 push-stream runs without error
ok 14 push-stream called handle one time
ok 15 push-stream called handle2 one time
ok 16 dripEmitter runs without error
ok 17 dripEmitter called handle one time
ok 18 dripEmitter called handle2 one time
ok 19 dripEmitterEnhanced runs without error
ok 20 dripEmitterEnhanced called handle one time
ok 21 dripEmitterEnhanced called handle2 one time
ok 22 RXJS runs without error
ok 23 RXJS called handle one time
ok 24 RXJS called handle2 one time
ok 25 ReactiveProperty runs without error
ok 26 ReactiveProperty called handle one time
ok 27 ReactiveProperty called handle2 one time
ok 28 JS-Signals runs without error
ok 29 JS-Signals called handle one time
ok 30 JS-Signals called handle2 one time
ok 31 MiniSignals runs without error
ok 32 MiniSignals called handle one time
ok 33 MiniSignals called handle2 one time
ok 34 MicroSignals runs without error
ok 35 MicroSignals called handle one time
ok 36 MicroSignals called handle2 one time
ok 37 signal-emitter runs without error
ok 38 signal-emitter called handle one time
ok 39 signal-emitter called handle2 one time
ok 40 event-signal runs without error
ok 41 event-signal called handle one time
ok 42 event-signal called handle2 one time
ok 43 signal-lite runs without error
ok 44 signal-lite called handle one time
ok 45 signal-lite called handle2 one time
ok 46 pull-notify runs without error
ok 47 pull-notify called handle one time
ok 48 pull-notify called handle2 one time
ok 49 xstream runs without error
ok 50 xstream called handle one time
ok 51 xstream called handle2 one time
ok 52 evee runs without error
ok 53 evee called handle one time
ok 54 evee called handle2 one time

    Theoretical max x 3,900,448 ops/sec ±17.83% (10 runs sampled) *burn in*
    MicroSignals x 3,185,627 ops/sec ±4.36% (10 runs sampled)
    push-stream x 3,188,422 ops/sec ±4.83% (10 runs sampled)
    MiniSignals x 3,027,838 ops/sec ±5.40% (11 runs sampled)
    xstream x 2,937,491 ops/sec ±8.24% (10 runs sampled)
    event-signal x 2,604,407 ops/sec ±5.38% (11 runs sampled)
    pull-notify x 2,210,197 ops/sec ±7.07% (11 runs sampled)
    RXJS x 2,041,469 ops/sec ±3.23% (11 runs sampled)
    dripEmitter x 2,155,521 ops/sec ±10.50% (10 runs sampled)
    ReactiveProperty x 2,033,613 ops/sec ±6.92% (11 runs sampled)
    EventEmitter2 x 1,936,842 ops/sec ±9.22% (10 runs sampled)
    EventEmitter3 x 1,684,910 ops/sec ±7.49% (11 runs sampled)
    EventEmitter x 1,498,482 ops/sec ±5.20% (11 runs sampled)
    signal-lite x 1,660,408 ops/sec ±17.10% (11 runs sampled)
    evee x 1,447,386 ops/sec ±8.45% (10 runs sampled)
    JS-Signals x 1,235,238 ops/sec ±3.06% (11 runs sampled)
    dripEmitterEnhanced x 1,096,391 ops/sec ±11.29% (10 runs sampled)
    signal-emitter x 672,618 ops/sec ±8.41% (10 runs sampled)

*Fastest is __MicroSignals, push-stream, MiniSignals, xstream__*


1..54
# tests 54
# pass  54

# ok




TAP version 13
# emit one value - many listeners
ok 1 Theoretical max runs without error
ok 2 Theoretical max called handles N times
ok 3 EventEmitter runs without error
ok 4 EventEmitter called handles N times
ok 5 EventEmitter2 runs without error
ok 6 EventEmitter2 called handles N times
ok 7 EventEmitter3 runs without error
ok 8 EventEmitter3 called handles N times
ok 9 push-stream runs without error
ok 10 push-stream called handles N times
ok 11 dripEmitter runs without error
ok 12 dripEmitter called handles N times
ok 13 dripEmitterEnhanced runs without error
ok 14 dripEmitterEnhanced called handles N times
ok 15 RXJS runs without error
ok 16 RXJS called handles N times
ok 17 ReactiveProperty runs without error
ok 18 ReactiveProperty called handles N times
ok 19 JS-Signals runs without error
ok 20 JS-Signals called handles N times
ok 21 MiniSignals runs without error
ok 22 MiniSignals called handles N times
ok 23 MicroSignal runs without error
ok 24 MicroSignal called handles N times
ok 25 signal-emitter runs without error
ok 26 signal-emitter called handles N times
ok 27 event-signal runs without error
ok 28 event-signal called handles N times
ok 29 signal-lite runs without error
ok 30 signal-lite called handles N times
ok 31 minivents runs without error
ok 32 minivents called handles N times
ok 33 pull-notify runs without error
ok 34 pull-notify called handles N times
ok 35 xstream runs without error
ok 36 xstream called handles N times
ok 37 evee runs without error
ok 38 evee called handles N times

    Theoretical max x 1,916,274 ops/sec ±29.89% (10 runs sampled) *burn in*
    MicroSignal x 1,082,522 ops/sec ±6.22% (10 runs sampled)
    push-stream x 1,036,287 ops/sec ±3.11% (11 runs sampled)
    MiniSignals x 1,016,925 ops/sec ±3.94% (11 runs sampled)
    xstream x 984,472 ops/sec ±5.18% (11 runs sampled)
    event-signal x 953,146 ops/sec ±1.97% (11 runs sampled)
    ReactiveProperty x 903,409 ops/sec ±4.57% (11 runs sampled)
    EventEmitter2 x 876,029 ops/sec ±6.96% (11 runs sampled)
    dripEmitter x 841,380 ops/sec ±12.79% (10 runs sampled)
    EventEmitter3 x 735,351 ops/sec ±12.18% (11 runs sampled)
    RXJS x 632,290 ops/sec ±6.16% (10 runs sampled)
    evee x 665,474 ops/sec ±11.86% (10 runs sampled)
    EventEmitter x 619,600 ops/sec ±5.82% (10 runs sampled)
    pull-notify x 593,040 ops/sec ±2.59% (11 runs sampled)
    signal-lite x 590,481 ops/sec ±4.63% (11 runs sampled)
    dripEmitterEnhanced x 593,693 ops/sec ±14.31% (10 runs sampled)
    signal-emitter x 471,024 ops/sec ±3.60% (11 runs sampled)
    JS-Signals x 464,534 ops/sec ±11.28% (10 runs sampled)
    minivents x 384,160 ops/sec ±2.46% (11 runs sampled)

*Fastest is __MicroSignal__*


1..38
# tests 38
# pass  38

# ok




TAP version 13
# emit one value - one listener
ok 1 Theoretical max runs without error
ok 2 Theoretical max called handle once
ok 3 EventEmitter runs without error
ok 4 EventEmitter called handle once
ok 5 EventEmitter2 runs without error
ok 6 EventEmitter2 called handle once
ok 7 EventEmitter3 runs without error
ok 8 EventEmitter3 called handle once
ok 9 dripEmitter runs without error
ok 10 dripEmitter called handle once
ok 11 barracks runs without error
ok 12 barracks called handle once
ok 13 push-stream runs without error
ok 14 push-stream called handle once
ok 15 push-stream-patch runs without error
ok 16 push-stream-patch called handle once
ok 17 mini-pipe runs without error
ok 18 mini-pipe called handle once
ok 19 dripEmitterEnhanced runs without error
ok 20 dripEmitterEnhanced called handle once
ok 21 d3-dispatch runs without error
ok 22 d3-dispatch called handle once
ok 23 namespace-emitter runs without error
ok 24 namespace-emitter called handle once
ok 25 ReactiveProperty runs without error
ok 26 ReactiveProperty called handle once
ok 27 observable runs without error
ok 28 observable called handle once
ok 29 observ runs without error
ok 30 observ called handle once
ok 31 RXJS runs without error
ok 32 RXJS called handle once
ok 33 JS-Signals runs without error
ok 34 JS-Signals called handle once
ok 35 MiniSignals runs without error
ok 36 MiniSignals called handle once
ok 37 MicroSignals runs without error
ok 38 MicroSignals called handle once
ok 39 signal-emitter runs without error
ok 40 signal-emitter called handle once
ok 41 event-signal runs without error
ok 42 event-signal called handle once
ok 43 signal-lite runs without error
ok 44 signal-lite called handle once
ok 45 minivents runs without error
ok 46 minivents called handle once
ok 47 pull-notify runs without error
ok 48 pull-notify called handle once
ok 49 pull-pushable runs without error
ok 50 pull-pushable called handle once
ok 51 xstream runs without error
ok 52 xstream called handle once
ok 53 evee runs without error
ok 54 evee called handle once
ok 55 sister runs without error
ok 56 sister called handle once

    MicroSignals x 36,046,079 ops/sec ±33.69% (10 runs sampled)
    push-stream-patch x 32,808,683 ops/sec ±37.35% (10 runs sampled)
    push-stream x 31,445,663 ops/sec ±33.63% (10 runs sampled)
    sister x 19,044,496 ops/sec ±24.52% (10 runs sampled)
    mini-pipe x 22,731,876 ops/sec ±73.08% (10 runs sampled)
    Theoretical max x 18,949,605 ops/sec ±57.30% (10 runs sampled) *burn in*
    xstream x 16,164,607 ops/sec ±69.32% (10 runs sampled)
    EventEmitter x 7,493,835 ops/sec ±31.36% (10 runs sampled)
    event-signal x 6,911,749 ops/sec ±26.70% (10 runs sampled)
    pull-notify x 7,028,906 ops/sec ±32.64% (10 runs sampled)
    dripEmitter x 6,748,157 ops/sec ±33.84% (10 runs sampled)
    evee x 6,562,500 ops/sec ±38.14% (10 runs sampled)
    EventEmitter2 x 6,267,924 ops/sec ±33.64% (10 runs sampled)
    RXJS x 4,135,462 ops/sec ±1.74% (11 runs sampled)
    ReactiveProperty x 4,903,754 ops/sec ±21.16% (10 runs sampled)
    MiniSignals x 4,445,676 ops/sec ±10.61% (10 runs sampled)
    pull-pushable x 4,168,296 ops/sec ±4.89% (11 runs sampled)
    signal-lite x 3,396,108 ops/sec ±15.58% (10 runs sampled)
    barracks x 3,714,744 ops/sec ±37.85% (10 runs sampled)
    EventEmitter3 x 3,039,377 ops/sec ±23.75% (10 runs sampled)
    minivents x 2,594,367 ops/sec ±15.08% (10 runs sampled)
    observable x 2,442,719 ops/sec ±10.55% (10 runs sampled)
    d3-dispatch x 2,558,448 ops/sec ±16.24% (10 runs sampled)
    observ x 2,112,280 ops/sec ±11.64% (10 runs sampled)
    JS-Signals x 2,008,260 ops/sec ±8.37% (10 runs sampled)
    dripEmitterEnhanced x 1,601,606 ops/sec ±16.66% (10 runs sampled)
    signal-emitter x 899,994 ops/sec ±5.06% (11 runs sampled)
    namespace-emitter x 945,361 ops/sec ±17.52% (10 runs sampled)

*Fastest is __MicroSignals, push-stream-patch, push-stream, mini-pipe, xstream__*


1..56
# tests 56
# pass  56

# ok




TAP version 13
# emit one value - two listeners
ok 1 Theoretical max runs without error
ok 2 Theoretical max called handle once
ok 3 Theoretical max called handle2 once
ok 4 EventEmitter runs without error
ok 5 EventEmitter called handle once
ok 6 EventEmitter called handle2 once
ok 7 EventEmitter2 runs without error
ok 8 EventEmitter2 called handle once
ok 9 EventEmitter2 called handle2 once
ok 10 EventEmitter3 runs without error
ok 11 EventEmitter3 called handle once
ok 12 EventEmitter3 called handle2 once
ok 13 dripEmitter runs without error
ok 14 dripEmitter called handle once
ok 15 dripEmitter called handle2 once
ok 16 push-stream-patch runs without error
ok 17 push-stream-patch called handle once
ok 18 push-stream-patch called handle2 once
ok 19 push-stream runs without error
ok 20 push-stream called handle once
ok 21 push-stream called handle2 once
ok 22 dripEmitterEnhanced runs without error
ok 23 dripEmitterEnhanced called handle once
ok 24 dripEmitterEnhanced called handle2 once
ok 25 d3-dispatch runs without error
ok 26 d3-dispatch called handle once
ok 27 d3-dispatch called handle2 once
ok 28 namespace-emitter runs without error
ok 29 namespace-emitter called handle once
ok 30 namespace-emitter called handle2 once
ok 31 ReactiveProperty runs without error
ok 32 ReactiveProperty called handle once
ok 33 ReactiveProperty called handle2 once
ok 34 observable runs without error
ok 35 observable called handle once
ok 36 observable called handle2 once
ok 37 observ runs without error
ok 38 observ called handle once
ok 39 observ called handle2 once
ok 40 RXJS runs without error
ok 41 RXJS called handle once
ok 42 RXJS called handle2 once
ok 43 JS-Signals runs without error
ok 44 JS-Signals called handle once
ok 45 JS-Signals called handle2 once
ok 46 MiniSignals runs without error
ok 47 MiniSignals called handle once
ok 48 MiniSignals called handle2 once
ok 49 MicroSignals runs without error
ok 50 MicroSignals called handle once
ok 51 MicroSignals called handle2 once
ok 52 signal-emitter runs without error
ok 53 signal-emitter called handle once
ok 54 signal-emitter called handle2 once
ok 55 event-signal runs without error
ok 56 event-signal called handle once
ok 57 event-signal called handle2 once
ok 58 signal-lite runs without error
ok 59 signal-lite called handle once
ok 60 signal-lite called handle2 once
ok 61 minivents runs without error
ok 62 minivents called handle once
ok 63 minivents called handle2 once
ok 64 pull-notify runs without error
ok 65 pull-notify called handle once
ok 66 pull-notify called handle2 once
ok 67 xstream runs without error
ok 68 xstream called handle once
ok 69 xstream called handle2 once
ok 70 waddup runs without error
ok 71 waddup called handle once
ok 72 waddup called handle2 once
ok 73 evee runs without error
ok 74 evee called handle once
ok 75 evee called handle2 once
ok 76 sister runs without error
ok 77 sister called handle once
ok 78 sister called handle2 once

    Theoretical max x 11,165,580 ops/sec ±65.31% (10 runs sampled) *burn in*
    MicroSignals x 4,348,002 ops/sec ±3.73% (10 runs sampled)
    push-stream-patch x 4,151,897 ops/sec ±5.58% (11 runs sampled)
    push-stream x 4,066,525 ops/sec ±7.87% (10 runs sampled)
    MiniSignals x 3,881,610 ops/sec ±3.20% (11 runs sampled)
    sister x 3,766,982 ops/sec ±5.51% (11 runs sampled)
    xstream x 3,681,576 ops/sec ±14.69% (10 runs sampled)
    event-signal x 3,233,252 ops/sec ±4.70% (10 runs sampled)
    pull-notify x 2,558,311 ops/sec ±4.98% (10 runs sampled)
    dripEmitter x 2,636,387 ops/sec ±12.33% (10 runs sampled)
    ReactiveProperty x 2,405,026 ops/sec ±4.81% (11 runs sampled)
    RXJS x 2,318,954 ops/sec ±4.56% (11 runs sampled)
    evee x 2,393,285 ops/sec ±11.19% (10 runs sampled)
    EventEmitter2 x 2,165,515 ops/sec ±10.99% (10 runs sampled)
    EventEmitter3 x 1,792,344 ops/sec ±6.76% (11 runs sampled)
    signal-lite x 1,726,406 ops/sec ±3.98% (11 runs sampled)
    EventEmitter x 1,771,946 ops/sec ±13.28% (10 runs sampled)
    d3-dispatch x 1,569,441 ops/sec ±3.08% (11 runs sampled)
    observable x 1,533,870 ops/sec ±4.28% (11 runs sampled)
    observ x 1,382,301 ops/sec ±5.08% (10 runs sampled)
    minivents x 1,337,889 ops/sec ±3.23% (11 runs sampled)
    JS-Signals x 1,286,798 ops/sec ±3.98% (11 runs sampled)
    waddup x 1,243,458 ops/sec ±7.02% (10 runs sampled)
    dripEmitterEnhanced x 1,280,558 ops/sec ±10.80% (10 runs sampled)
    signal-emitter x 769,829 ops/sec ±1.54% (11 runs sampled)
    namespace-emitter x 721,716 ops/sec ±10.10% (10 runs sampled)

*Fastest is __MicroSignals, push-stream-patch, push-stream, xstream__*


1..78
# tests 78
# pass  78

# ok




TAP version 13
# emit one value - with context
ok 1 Theoretical max runs without error
ok 2 Theoretical max called handle one time
ok 3 Theoretical max called handle2 called one time
ok 4 EventEmitter runs without error
ok 5 EventEmitter called handle one time
ok 6 EventEmitter called handle2 called one time
ok 7 EventEmitter2 runs without error
ok 8 EventEmitter2 called handle one time
ok 9 EventEmitter2 called handle2 called one time
ok 10 EventEmitter3 runs without error
ok 11 EventEmitter3 called handle one time
ok 12 EventEmitter3 called handle2 called one time
ok 13 push-stream runs without error
ok 14 push-stream called handle one time
ok 15 push-stream called handle2 called one time
ok 16 dripEmitter runs without error
ok 17 dripEmitter called handle one time
ok 18 dripEmitter called handle2 called one time
ok 19 dripEmitterEnhanced runs without error
ok 20 dripEmitterEnhanced called handle one time
ok 21 dripEmitterEnhanced called handle2 called one time
ok 22 RXJS runs without error
ok 23 RXJS called handle one time
ok 24 RXJS called handle2 called one time
ok 25 ReactiveProperty runs without error
ok 26 ReactiveProperty called handle one time
ok 27 ReactiveProperty called handle2 called one time
ok 28 JS-Signals runs without error
ok 29 JS-Signals called handle one time
ok 30 JS-Signals called handle2 called one time
ok 31 MiniSignals runs without error
ok 32 MiniSignals called handle one time
ok 33 MiniSignals called handle2 called one time
ok 34 MicroSignals runs without error
ok 35 MicroSignals called handle one time
ok 36 MicroSignals called handle2 called one time
ok 37 signal-emitter runs without error
ok 38 signal-emitter called handle one time
ok 39 signal-emitter called handle2 called one time
ok 40 event-signal runs without error
ok 41 event-signal called handle one time
ok 42 event-signal called handle2 called one time
ok 43 signal-lite runs without error
ok 44 signal-lite called handle one time
ok 45 signal-lite called handle2 called one time
ok 46 pull-notify runs without error
ok 47 pull-notify called handle one time
ok 48 pull-notify called handle2 called one time
ok 49 evee runs without error
ok 50 evee called handle one time
ok 51 evee called handle2 called one time
ok 52 sister runs without error
ok 53 sister called handle one time
ok 54 sister called handle2 called one time

    Theoretical max x 5,314,774 ops/sec ±19.85% (10 runs sampled) *burn in*
    MiniSignals x 3,951,138 ops/sec ±3.59% (11 runs sampled)
    push-stream x 3,427,824 ops/sec ±5.17% (10 runs sampled)
    MicroSignals x 3,285,895 ops/sec ±5.36% (10 runs sampled)
    event-signal x 3,162,532 ops/sec ±2.21% (11 runs sampled)
    sister x 3,089,302 ops/sec ±1.78% (11 runs sampled)
    pull-notify x 2,258,101 ops/sec ±4.23% (11 runs sampled)
    RXJS x 2,130,015 ops/sec ±2.85% (11 runs sampled)
    ReactiveProperty x 2,047,178 ops/sec ±3.25% (11 runs sampled)
    dripEmitter x 2,147,515 ops/sec ±10.65% (10 runs sampled)
    signal-lite x 1,929,595 ops/sec ±2.42% (11 runs sampled)
    EventEmitter3 x 1,904,837 ops/sec ±5.17% (11 runs sampled)
    EventEmitter2 x 1,855,334 ops/sec ±10.84% (10 runs sampled)
    EventEmitter x 1,464,747 ops/sec ±6.99% (10 runs sampled)
    evee x 1,427,272 ops/sec ±9.33% (10 runs sampled)
    JS-Signals x 1,321,279 ops/sec ±4.34% (11 runs sampled)
    dripEmitterEnhanced x 1,191,402 ops/sec ±12.51% (10 runs sampled)
    signal-emitter x 780,035 ops/sec ±3.86% (11 runs sampled)

*Fastest is __MiniSignals__*


1..54
# tests 54
# pass  54

# ok




TAP version 13
# emit variable number of values
ok 1 Theoretical max runs without error
ok 2 Theoretical max called handle four times
ok 3 Theoretical max called handle2 four times
ok 4 EventEmitter runs without error
ok 5 EventEmitter called handle four times
ok 6 EventEmitter called handle2 four times
ok 7 EventEmitter2 runs without error
ok 8 EventEmitter2 called handle four times
ok 9 EventEmitter2 called handle2 four times
ok 10 EventEmitter3 runs without error
ok 11 EventEmitter3 called handle four times
ok 12 EventEmitter3 called handle2 four times
ok 13 dripEmitterEnhanced runs without error
ok 14 dripEmitterEnhanced called handle four times
ok 15 dripEmitterEnhanced called handle2 four times
ok 16 JS-Signals runs without error
ok 17 JS-Signals called handle four times
ok 18 JS-Signals called handle2 four times
ok 19 MiniSignals runs without error
ok 20 MiniSignals called handle four times
ok 21 MiniSignals called handle2 four times
ok 22 signal-emitter runs without error
ok 23 signal-emitter called handle four times
ok 24 signal-emitter called handle2 four times
ok 25 signal-lite runs without error
ok 26 signal-lite called handle four times
ok 27 signal-lite called handle2 four times

    Theoretical max x 1,726,477 ops/sec ±33.39% (10 runs sampled) *burn in*
    MiniSignals x 632,805 ops/sec ±19.10% (10 runs sampled)
    signal-lite x 442,418 ops/sec ±2.18% (11 runs sampled)
    EventEmitter2 x 446,600 ops/sec ±9.25% (10 runs sampled)
    EventEmitter3 x 399,526 ops/sec ±7.22% (11 runs sampled)
    EventEmitter x 361,522 ops/sec ±6.57% (10 runs sampled)
    JS-Signals x 294,256 ops/sec ±5.23% (11 runs sampled)
    dripEmitterEnhanced x 277,030 ops/sec ±12.49% (10 runs sampled)
    signal-emitter x 171,684 ops/sec ±3.49% (11 runs sampled)

*Fastest is __MiniSignals__*


1..27
# tests 27
# pass  27

# ok




TAP version 13
# init
ok 1 Theoretical max runs without error
ok 2 Theoretical max constructed an object
ok 3 EventEmitter runs without error
ok 4 EventEmitter constructed an object
ok 5 EventEmitter2 runs without error
ok 6 EventEmitter2 constructed an object
ok 7 EventEmitter3 runs without error
ok 8 EventEmitter3 constructed an object
ok 9 push-stream runs without error
ok 10 push-stream constructed an object
ok 11 DripEmitter runs without error
ok 12 DripEmitter constructed an object
ok 13 DripEmitterEnhanced runs without error
ok 14 DripEmitterEnhanced constructed an object
ok 15 ReactiveProperty runs without error
ok 16 ReactiveProperty constructed an object
ok 17 JS-Signals runs without error
ok 18 JS-Signals constructed an object
ok 19 MiniSignals runs without error
ok 20 MiniSignals constructed an object
ok 21 EventDispatcher runs without error
ok 22 EventDispatcher constructed an object
ok 23 pull-notify runs without error
ok 24 pull-notify constructed an object

    EventEmitter3 x 81,097,612 ops/sec ±2.76% (11 runs sampled)
    Theoretical max x 61,462,141 ops/sec ±3.72% (11 runs sampled) *burn in*
    EventDispatcher x 43,528,737 ops/sec ±34.04% (10 runs sampled)
    DripEmitter x 25,087,945 ops/sec ±3.73% (11 runs sampled)
    MiniSignals x 30,372,992 ops/sec ±53.41% (10 runs sampled)
    EventEmitter2 x 19,784,979 ops/sec ±2.32% (11 runs sampled)
    JS-Signals x 18,924,509 ops/sec ±2.70% (10 runs sampled)
    EventEmitter x 22,904,960 ops/sec ±35.97% (10 runs sampled)
    pull-notify x 13,403,751 ops/sec ±2.11% (11 runs sampled)
    DripEmitterEnhanced x 11,585,994 ops/sec ±20.75% (10 runs sampled)
    push-stream x 11,147,258 ops/sec ±28.07% (10 runs sampled)
    ReactiveProperty x 5,807,219 ops/sec ±15.02% (10 runs sampled)

*Fastest is __EventEmitter3__*


1..24
# tests 24
# pass  24

# ok


