

TAP version 13
# Platform
ok 1 should be truthy
Firefox 47.0 on OS X 10.11
NODE_ENV = production
BENCH = undefined

1..1
# tests 1
# pass  1

# ok




TAP version 13
# add and remove
ok 1 EventEmitter runs without error
ok 2 EventEmitter never called handle
ok 3 EventEmitter2 runs without error
ok 4 EventEmitter2 never called handle
ok 5 EventEmitter3 runs without error
ok 6 EventEmitter3 never called handle
ok 7 dripEmitter runs without error
ok 8 dripEmitter never called handle
ok 9 pushStream runs without error
ok 10 pushStream never called handle
ok 11 dripEmitterEnhanced runs without error
ok 12 dripEmitterEnhanced never called handle
ok 13 ReactiveProperty runs without error
ok 14 ReactiveProperty never called handle
ok 15 JS-Signals runs without error
ok 16 JS-Signals never called handle
ok 17 MiniSignals runs without error
ok 18 MiniSignals never called handle
ok 19 EventDispatcher runs without error
ok 20 EventDispatcher never called handle

    dripEmitter x 29,471,603 ops/sec ±4.10% (11 runs sampled)
    ReactiveProperty x 19,531,910 ops/sec ±5.79% (11 runs sampled)
    MiniSignals x 11,117,590 ops/sec ±6.46% (11 runs sampled)
    EventEmitter3 x 6,285,831 ops/sec ±1.48% (11 runs sampled)
    pushStream x 2,887,807 ops/sec ±3.70% (11 runs sampled)
    EventDispatcher x 2,818,665 ops/sec ±3.09% (11 runs sampled)
    EventEmitter x 2,707,435 ops/sec ±8.41% (10 runs sampled)
    EventEmitter2 x 2,268,892 ops/sec ±6.78% (11 runs sampled)
    dripEmitterEnhanced x 524,931 ops/sec ±2.10% (11 runs sampled)
    JS-Signals x 394,025 ops/sec ±17.75% (11 runs sampled)

*Fastest is __dripEmitter__*


1..20
# tests 20
# pass  20

# ok




TAP version 13
# emit one array
ok 1 Theoretical max runs without error
ok 2 Theoretical max called handle three times
ok 3 Theoretical max called handle2 three times
ok 4 EventEmitter runs without error
ok 5 EventEmitter called handle three times
ok 6 EventEmitter called handle2 three times
ok 7 EventEmitter2 runs without error
ok 8 EventEmitter2 called handle three times
ok 9 EventEmitter2 called handle2 three times
ok 10 EventEmitter3 runs without error
ok 11 EventEmitter3 called handle three times
ok 12 EventEmitter3 called handle2 three times
ok 13 push-stream runs without error
ok 14 push-stream called handle three times
ok 15 push-stream called handle2 three times
ok 16 dripEmitter runs without error
ok 17 dripEmitter called handle three times
ok 18 dripEmitter called handle2 three times
ok 19 dripEmitterEnhanced runs without error
ok 20 dripEmitterEnhanced called handle three times
ok 21 dripEmitterEnhanced called handle2 three times
ok 22 RXJS runs without error
ok 23 RXJS called handle three times
ok 24 RXJS called handle2 three times
ok 25 ReactiveProperty runs without error
ok 26 ReactiveProperty called handle three times
ok 27 ReactiveProperty called handle2 three times
ok 28 JS-Signals runs without error
ok 29 JS-Signals called handle three times
ok 30 JS-Signals called handle2 three times
ok 31 MiniSignals runs without error
ok 32 MiniSignals called handle three times
ok 33 MiniSignals called handle2 three times
ok 34 MicroSignals runs without error
ok 35 MicroSignals called handle three times
ok 36 MicroSignals called handle2 three times
ok 37 signal-emitter runs without error
ok 38 signal-emitter called handle three times
ok 39 signal-emitter called handle2 three times
ok 40 event-signal runs without error
ok 41 event-signal called handle three times
ok 42 event-signal called handle2 three times
ok 43 signal-lite runs without error
ok 44 signal-lite called handle three times
ok 45 signal-lite called handle2 three times
ok 46 pull-notify runs without error
ok 47 pull-notify called handle three times
ok 48 pull-notify called handle2 three times
ok 49 evee runs without error
ok 50 evee called handle three times
ok 51 evee called handle2 three times
ok 52 sister runs without error
ok 53 sister called handle three times
ok 54 sister called handle2 three times

    Theoretical max x 23,461,489 ops/sec ±7.41% (11 runs sampled) *burn in*
    push-stream x 16,992,039 ops/sec ±2.70% (11 runs sampled)
    MicroSignals x 14,664,911 ops/sec ±1.85% (11 runs sampled)
    sister x 13,576,194 ops/sec ±1.60% (11 runs sampled)
    ReactiveProperty x 10,167,876 ops/sec ±3.37% (11 runs sampled)
    MiniSignals x 7,151,884 ops/sec ±2.56% (11 runs sampled)
    dripEmitter x 5,625,102 ops/sec ±2.27% (11 runs sampled)
    EventEmitter3 x 4,810,480 ops/sec ±3.52% (11 runs sampled)
    event-signal x 3,752,818 ops/sec ±1.90% (11 runs sampled)
    EventEmitter2 x 3,092,512 ops/sec ±1.98% (11 runs sampled)
    RXJS x 2,585,867 ops/sec ±4.24% (11 runs sampled)
    evee x 2,173,490 ops/sec ±3.73% (11 runs sampled)
    pull-notify x 816,875 ops/sec ±4.54% (11 runs sampled)
    dripEmitterEnhanced x 639,728 ops/sec ±3.54% (11 runs sampled)
    signal-lite x 541,686 ops/sec ±1.54% (11 runs sampled)
    signal-emitter x 372,743 ops/sec ±4.18% (11 runs sampled)
    EventEmitter x 322,587 ops/sec ±4.10% (11 runs sampled)
    JS-Signals x 258,745 ops/sec ±3.10% (11 runs sampled)

*Fastest is __push-stream__*


1..54
# tests 54
# pass  54

# ok




TAP version 13
# emit many values - two listeners
ok 1 Theoretical max runs without error
ok 2 Theoretical max called handle once
ok 3 Theoretical max called handle2 once
ok 4 EventEmitter runs without error
ok 5 EventEmitter called handle once
ok 6 EventEmitter called handle2 once
ok 7 EventEmitter2 runs without error
ok 8 EventEmitter2 called handle once
ok 9 EventEmitter2 called handle2 once
ok 10 EventEmitter3 runs without error
ok 11 EventEmitter3 called handle once
ok 12 EventEmitter3 called handle2 once
ok 13 dripEmitterEnhanced runs without error
ok 14 dripEmitterEnhanced called handle once
ok 15 dripEmitterEnhanced called handle2 once
ok 16 JS-Signals runs without error
ok 17 JS-Signals called handle once
ok 18 JS-Signals called handle2 once
ok 19 MiniSignals runs without error
ok 20 MiniSignals called handle once
ok 21 MiniSignals called handle2 once
ok 22 signal-emitter runs without error
ok 23 signal-emitter called handle once
ok 24 signal-emitter called handle2 once
ok 25 signal-lite runs without error
ok 26 signal-lite called handle once
ok 27 signal-lite called handle2 once
ok 28 minivents runs without error
ok 29 minivents called handle once
ok 30 minivents called handle2 once

    Theoretical max x 65,471,481 ops/sec ±4.34% (11 runs sampled) *burn in*
    MiniSignals x 24,912,316 ops/sec ±2.20% (11 runs sampled)
    EventEmitter3 x 8,493,296 ops/sec ±2.60% (11 runs sampled)
    EventEmitter2 x 6,318,086 ops/sec ±6.67% (10 runs sampled)
    dripEmitterEnhanced x 1,798,244 ops/sec ±3.20% (11 runs sampled)
    signal-lite x 1,043,310 ops/sec ±1.72% (11 runs sampled)
    signal-emitter x 923,376 ops/sec ±3.71% (11 runs sampled)
    EventEmitter x 424,675 ops/sec ±4.04% (11 runs sampled)
    JS-Signals x 390,306 ops/sec ±2.61% (11 runs sampled)
    minivents x 286,745 ops/sec ±2.80% (11 runs sampled)

*Fastest is __MiniSignals__*


1..30
# tests 30
# pass  30

# ok




TAP version 13
# emit one object - one listener
ok 1 Theoretical max runs without error
ok 2 Theoretical max called handle three times
ok 3 EventEmitter runs without error
ok 4 EventEmitter called handle three times
ok 5 EventEmitter2 runs without error
ok 6 EventEmitter2 called handle three times
ok 7 EventEmitter3 runs without error
ok 8 EventEmitter3 called handle three times
ok 9 push-stream runs without error
ok 10 push-stream called handle three times
ok 11 mini-pipe runs without error
ok 12 mini-pipe called handle three times
ok 13 dripEmitter runs without error
ok 14 dripEmitter called handle three times
ok 15 dripEmitterEnhanced runs without error
ok 16 dripEmitterEnhanced called handle three times
ok 17 RXJS runs without error
ok 18 RXJS called handle three times
ok 19 ReactiveProperty runs without error
ok 20 ReactiveProperty called handle three times
ok 21 JS-Signals runs without error
ok 22 JS-Signals called handle three times
ok 23 MiniSignals runs without error
ok 24 MiniSignals called handle three times
ok 25 MicroSignals runs without error
ok 26 MicroSignals called handle three times
ok 27 signal-emitter runs without error
ok 28 signal-emitter called handle three times
ok 29 event-signal runs without error
ok 30 event-signal called handle three times
ok 31 signal-lite runs without error
ok 32 signal-lite called handle three times
ok 33 EventDispatcher runs without error
ok 34 EventDispatcher called handle three times
ok 35 pull-notify runs without error
ok 36 pull-notify called handle three times
ok 37 pull-pushable runs without error
ok 38 pull-pushable called handle three times
ok 39 xstream runs without error
ok 40 xstream called handle three times
ok 41 evee runs without error
ok 42 evee called handle three times
ok 43 sister runs without error
ok 44 sister called handle three times

    ReactiveProperty x 12,527,351 ops/sec ±3.00% (11 runs sampled)
    Theoretical max x 4,328,065 ops/sec ±2.34% (11 runs sampled) *burn in*
    MicroSignals x 4,036,767 ops/sec ±1.91% (11 runs sampled)
    mini-pipe x 4,001,007 ops/sec ±1.92% (11 runs sampled)
    push-stream x 3,781,169 ops/sec ±2.58% (11 runs sampled)
    MiniSignals x 3,376,475 ops/sec ±1.94% (11 runs sampled)
    sister x 3,297,252 ops/sec ±3.34% (11 runs sampled)
    dripEmitter x 2,718,638 ops/sec ±2.30% (11 runs sampled)
    EventEmitter3 x 2,527,310 ops/sec ±2.04% (11 runs sampled)
    EventEmitter2 x 2,491,137 ops/sec ±2.38% (11 runs sampled)
    xstream x 2,417,077 ops/sec ±3.69% (11 runs sampled)
    event-signal x 2,131,513 ops/sec ±2.55% (11 runs sampled)
    RXJS x 1,977,774 ops/sec ±3.06% (11 runs sampled)
    evee x 1,792,370 ops/sec ±11.95% (11 runs sampled)
    EventDispatcher x 1,405,069 ops/sec ±10.72% (11 runs sampled)
    pull-pushable x 1,208,776 ops/sec ±1.82% (11 runs sampled)
    pull-notify x 942,451 ops/sec ±7.27% (11 runs sampled)
    EventEmitter x 886,462 ops/sec ±1.16% (11 runs sampled)
    signal-lite x 573,025 ops/sec ±2.31% (11 runs sampled)
    dripEmitterEnhanced x 539,179 ops/sec ±2.50% (11 runs sampled)
    signal-emitter x 361,671 ops/sec ±2.35% (11 runs sampled)
    JS-Signals x 308,806 ops/sec ±2.24% (11 runs sampled)

*Fastest is __ReactiveProperty__*


1..44
# tests 44
# pass  44

# ok




TAP version 13
# emit one object - two listeners
ok 1 Theoretical max runs without error
ok 2 Theoretical max called handle three times
ok 3 Theoretical max called handle2 three times
ok 4 EventEmitter runs without error
ok 5 EventEmitter called handle three times
ok 6 EventEmitter called handle2 three times
ok 7 EventEmitter2 runs without error
ok 8 EventEmitter2 called handle three times
ok 9 EventEmitter2 called handle2 three times
ok 10 EventEmitter3 runs without error
ok 11 EventEmitter3 called handle three times
ok 12 EventEmitter3 called handle2 three times
ok 13 push-stream runs without error
ok 14 push-stream called handle three times
ok 15 push-stream called handle2 three times
ok 16 dripEmitter runs without error
ok 17 dripEmitter called handle three times
ok 18 dripEmitter called handle2 three times
ok 19 dripEmitterEnhanced runs without error
ok 20 dripEmitterEnhanced called handle three times
ok 21 dripEmitterEnhanced called handle2 three times
ok 22 RXJS runs without error
ok 23 RXJS called handle three times
ok 24 RXJS called handle2 three times
ok 25 ReactiveProperty runs without error
ok 26 ReactiveProperty called handle three times
ok 27 ReactiveProperty called handle2 three times
ok 28 JS-Signals runs without error
ok 29 JS-Signals called handle three times
ok 30 JS-Signals called handle2 three times
ok 31 MiniSignals runs without error
ok 32 MiniSignals called handle three times
ok 33 MiniSignals called handle2 three times
ok 34 MicroSignals runs without error
ok 35 MicroSignals called handle three times
ok 36 MicroSignals called handle2 three times
ok 37 signal-emitter runs without error
ok 38 signal-emitter called handle three times
ok 39 signal-emitter called handle2 three times
ok 40 event-signal runs without error
ok 41 event-signal called handle three times
ok 42 event-signal called handle2 three times
ok 43 signal-lite runs without error
ok 44 signal-lite called handle three times
ok 45 signal-lite called handle2 three times
ok 46 EventDispatcher runs without error
ok 47 EventDispatcher called handle three times
ok 48 EventDispatcher called handle2 three times
ok 49 pull-notify runs without error
ok 50 pull-notify called handle three times
ok 51 pull-notify called handle2 three times
ok 52 xstream runs without error
ok 53 xstream called handle three times
ok 54 xstream called handle2 three times
ok 55 evee runs without error
ok 56 evee called handle three times
ok 57 evee called handle2 three times
ok 58 sister runs without error
ok 59 sister called handle three times
ok 60 sister called handle2 three times

    ReactiveProperty x 10,730,351 ops/sec ±2.28% (11 runs sampled)
    Theoretical max x 4,200,238 ops/sec ±3.12% (11 runs sampled) *burn in*
    push-stream x 3,389,353 ops/sec ±2.47% (11 runs sampled)
    dripEmitter x 2,572,917 ops/sec ±2.72% (11 runs sampled)
    sister x 2,580,009 ops/sec ±3.15% (11 runs sampled)
    MiniSignals x 2,531,446 ops/sec ±1.79% (11 runs sampled)
    MicroSignals x 2,508,232 ops/sec ±2.79% (11 runs sampled)
    EventEmitter3 x 2,389,053 ops/sec ±3.62% (11 runs sampled)
    xstream x 1,861,426 ops/sec ±1.43% (11 runs sampled)
    EventEmitter2 x 1,811,530 ops/sec ±2.19% (11 runs sampled)
    EventDispatcher x 1,826,951 ops/sec ±3.76% (11 runs sampled)
    event-signal x 1,787,165 ops/sec ±2.18% (11 runs sampled)
    RXJS x 1,667,432 ops/sec ±2.57% (11 runs sampled)
    evee x 1,083,224 ops/sec ±7.51% (11 runs sampled)
    pull-notify x 597,860 ops/sec ±3.49% (11 runs sampled)
    dripEmitterEnhanced x 469,053 ops/sec ±2.87% (11 runs sampled)
    signal-lite x 434,383 ops/sec ±1.44% (10 runs sampled)
    signal-emitter x 331,207 ops/sec ±6.51% (11 runs sampled)
    EventEmitter x 284,611 ops/sec ±3.58% (11 runs sampled)
    JS-Signals x 238,780 ops/sec ±2.98% (11 runs sampled)

*Fastest is __ReactiveProperty__*


1..60
# tests 60
# pass  60

# ok




TAP version 13
# emit one random value - one listener
ok 1 Theoretical max runs without error
ok 2 Theoretical max called handle once
ok 3 EventEmitter runs without error
ok 4 EventEmitter called handle once
ok 5 EventEmitter2 runs without error
ok 6 EventEmitter2 called handle once
ok 7 EventEmitter3 runs without error
ok 8 EventEmitter3 called handle once
ok 9 dripEmitter runs without error
ok 10 dripEmitter called handle once
ok 11 barracks runs without error
ok 12 barracks called handle once
ok 13 push-stream runs without error
ok 14 push-stream called handle once
ok 15 push-stream-patch runs without error
ok 16 push-stream-patch called handle once
ok 17 mini-pipe runs without error
ok 18 mini-pipe called handle once
ok 19 dripEmitterEnhanced runs without error
ok 20 dripEmitterEnhanced called handle once
ok 21 d3-dispatch runs without error
ok 22 d3-dispatch called handle once
ok 23 namespace-emitter runs without error
ok 24 namespace-emitter called handle once
ok 25 ReactiveProperty runs without error
ok 26 ReactiveProperty called handle once
ok 27 observable runs without error
ok 28 observable called handle once
ok 29 observ runs without error
ok 30 observ called handle once
ok 31 RXJS runs without error
ok 32 RXJS called handle once
ok 33 JS-Signals runs without error
ok 34 JS-Signals called handle once
ok 35 MiniSignals runs without error
ok 36 MiniSignals called handle once
ok 37 MicroSignals runs without error
ok 38 MicroSignals called handle once
ok 39 signal-emitter runs without error
ok 40 signal-emitter called handle once
ok 41 event-signal runs without error
ok 42 event-signal called handle once
ok 43 signal-lite runs without error
ok 44 signal-lite called handle once
ok 45 minivents runs without error
ok 46 minivents called handle once
ok 47 pull-notify runs without error
ok 48 pull-notify called handle once
ok 49 pull-pushable runs without error
ok 50 pull-pushable called handle once
ok 51 xstream runs without error
ok 52 xstream called handle once
ok 53 evee runs without error
ok 54 evee called handle once

    Theoretical max x 114,504,893 ops/sec ±2.89% (11 runs sampled) *burn in*
    mini-pipe x 90,613,674 ops/sec ±2.52% (11 runs sampled)
    MicroSignals x 67,244,793 ops/sec ±2.33% (11 runs sampled)
    push-stream x 65,155,583 ops/sec ±3.43% (11 runs sampled)
    push-stream-patch x 63,879,720 ops/sec ±3.07% (11 runs sampled)
    ReactiveProperty x 62,600,177 ops/sec ±4.64% (11 runs sampled)
    xstream x 59,747,758 ops/sec ±3.27% (11 runs sampled)
    observ x 50,095,464 ops/sec ±2.97% (11 runs sampled)
    MiniSignals x 41,992,614 ops/sec ±2.59% (11 runs sampled)
    evee x 24,035,945 ops/sec ±2.54% (11 runs sampled)
    dripEmitter x 22,965,015 ops/sec ±2.56% (11 runs sampled)
    EventEmitter3 x 20,997,497 ops/sec ±2.85% (11 runs sampled)
    EventEmitter2 x 20,241,661 ops/sec ±3.47% (11 runs sampled)
    event-signal x 14,919,718 ops/sec ±1.68% (11 runs sampled)
    barracks x 14,873,121 ops/sec ±2.39% (11 runs sampled)
    d3-dispatch x 12,595,721 ops/sec ±7.75% (11 runs sampled)
    RXJS x 11,866,684 ops/sec ±4.54% (11 runs sampled)
    pull-pushable x 6,316,172 ops/sec ±3.72% (11 runs sampled)
    pull-notify x 5,381,141 ops/sec ±4.32% (11 runs sampled)
    EventEmitter x 4,503,208 ops/sec ±1.87% (11 runs sampled)
    signal-lite x 2,496,486 ops/sec ±1.67% (11 runs sampled)
    dripEmitterEnhanced x 2,046,847 ops/sec ±5.03% (11 runs sampled)
    minivents x 1,288,407 ops/sec ±3.44% (11 runs sampled)
    signal-emitter x 1,165,925 ops/sec ±2.80% (11 runs sampled)
    JS-Signals x 1,069,335 ops/sec ±2.58% (11 runs sampled)
    namespace-emitter x 667,625 ops/sec ±3.45% (11 runs sampled)
    observable x 515,161 ops/sec ±13.82% (11 runs sampled)

*Fastest is __mini-pipe__*


1..54
# tests 54
# pass  54

# ok




TAP version 13
# emit one random value - two listeners
ok 1 Theoretical max runs without error
ok 2 Theoretical max called handle once
ok 3 Theoretical max called handle2 once
ok 4 EventEmitter runs without error
ok 5 EventEmitter called handle once
ok 6 EventEmitter called handle2 once
ok 7 EventEmitter2 runs without error
ok 8 EventEmitter2 called handle once
ok 9 EventEmitter2 called handle2 once
ok 10 EventEmitter3 runs without error
ok 11 EventEmitter3 called handle once
ok 12 EventEmitter3 called handle2 once
ok 13 dripEmitter runs without error
ok 14 dripEmitter called handle once
ok 15 dripEmitter called handle2 once
ok 16 push-stream-patch runs without error
ok 17 push-stream-patch called handle once
ok 18 push-stream-patch called handle2 once
ok 19 push-stream runs without error
ok 20 push-stream called handle once
ok 21 push-stream called handle2 once
ok 22 dripEmitterEnhanced runs without error
ok 23 dripEmitterEnhanced called handle once
ok 24 dripEmitterEnhanced called handle2 once
ok 25 d3-dispatch runs without error
ok 26 d3-dispatch called handle once
ok 27 d3-dispatch called handle2 once
ok 28 namespace-emitter runs without error
ok 29 namespace-emitter called handle once
ok 30 namespace-emitter called handle2 once
ok 31 ReactiveProperty runs without error
ok 32 ReactiveProperty called handle once
ok 33 ReactiveProperty called handle2 once
ok 34 observable runs without error
ok 35 observable called handle once
ok 36 observable called handle2 once
ok 37 observ runs without error
ok 38 observ called handle once
ok 39 observ called handle2 once
ok 40 RXJS runs without error
ok 41 RXJS called handle once
ok 42 RXJS called handle2 once
ok 43 JS-Signals runs without error
ok 44 JS-Signals called handle once
ok 45 JS-Signals called handle2 once
ok 46 MiniSignals runs without error
ok 47 MiniSignals called handle once
ok 48 MiniSignals called handle2 once
ok 49 MicroSignals runs without error
ok 50 MicroSignals called handle once
ok 51 MicroSignals called handle2 once
ok 52 signal-emitter runs without error
ok 53 signal-emitter called handle once
ok 54 signal-emitter called handle2 once
ok 55 event-signal runs without error
ok 56 event-signal called handle once
ok 57 event-signal called handle2 once
ok 58 signal-lite runs without error
ok 59 signal-lite called handle once
ok 60 signal-lite called handle2 once
ok 61 minivents runs without error
ok 62 minivents called handle once
ok 63 minivents called handle2 once
ok 64 pull-notify runs without error
ok 65 pull-notify called handle once
ok 66 pull-notify called handle2 once
ok 67 xstream runs without error
ok 68 xstream called handle once
ok 69 xstream called handle2 once
ok 70 waddup runs without error
ok 71 waddup called handle once
ok 72 waddup called handle2 once
ok 73 evee runs without error
ok 74 evee called handle once
ok 75 evee called handle2 once

    Theoretical max x 68,076,384 ops/sec ±3.35% (11 runs sampled) *burn in*
    ReactiveProperty x 46,382,085 ops/sec ±2.46% (11 runs sampled)
    MicroSignals x 41,307,600 ops/sec ±2.93% (11 runs sampled)
    push-stream-patch x 38,793,320 ops/sec ±4.37% (11 runs sampled)
    push-stream x 37,783,805 ops/sec ±4.41% (11 runs sampled)
    observ x 36,132,389 ops/sec ±4.16% (11 runs sampled)
    MiniSignals x 26,767,723 ops/sec ±2.34% (11 runs sampled)
    xstream x 26,943,482 ops/sec ±3.32% (11 runs sampled)
    waddup x 23,230,827 ops/sec ±4.78% (11 runs sampled)
    dripEmitter x 20,129,107 ops/sec ±5.69% (11 runs sampled)
    EventEmitter3 x 17,070,445 ops/sec ±2.81% (11 runs sampled)
    evee x 15,620,825 ops/sec ±2.04% (11 runs sampled)
    event-signal x 11,712,866 ops/sec ±2.53% (11 runs sampled)
    d3-dispatch x 10,801,411 ops/sec ±4.79% (11 runs sampled)
    EventEmitter2 x 10,314,158 ops/sec ±3.55% (11 runs sampled)
    RXJS x 8,229,338 ops/sec ±2.39% (11 runs sampled)
    pull-notify x 2,801,926 ops/sec ±2.42% (11 runs sampled)
    dripEmitterEnhanced x 1,847,080 ops/sec ±4.59% (11 runs sampled)
    signal-lite x 1,553,213 ops/sec ±4.63% (10 runs sampled)
    signal-emitter x 1,191,544 ops/sec ±1.36% (11 runs sampled)
    EventEmitter x 1,011,503 ops/sec ±1.77% (11 runs sampled)
    JS-Signals x 813,139 ops/sec ±2.18% (11 runs sampled)
    minivents x 769,585 ops/sec ±3.78% (11 runs sampled)
    namespace-emitter x 544,433 ops/sec ±4.90% (10 runs sampled)
    observable x 450,983 ops/sec ±16.70% (10 runs sampled)

*Fastest is __ReactiveProperty__*


1..75
# tests 75
# pass  75

# ok




TAP version 13
# emit one value - bound function
ok 1 Theoretical max runs without error
ok 2 Theoretical max called handle one time
ok 3 Theoretical max called handle2 one time
ok 4 EventEmitter runs without error
ok 5 EventEmitter called handle one time
ok 6 EventEmitter called handle2 one time
ok 7 EventEmitter2 runs without error
ok 8 EventEmitter2 called handle one time
ok 9 EventEmitter2 called handle2 one time
ok 10 EventEmitter3 runs without error
ok 11 EventEmitter3 called handle one time
ok 12 EventEmitter3 called handle2 one time
ok 13 push-stream runs without error
ok 14 push-stream called handle one time
ok 15 push-stream called handle2 one time
ok 16 dripEmitter runs without error
ok 17 dripEmitter called handle one time
ok 18 dripEmitter called handle2 one time
ok 19 dripEmitterEnhanced runs without error
ok 20 dripEmitterEnhanced called handle one time
ok 21 dripEmitterEnhanced called handle2 one time
ok 22 RXJS runs without error
ok 23 RXJS called handle one time
ok 24 RXJS called handle2 one time
ok 25 ReactiveProperty runs without error
ok 26 ReactiveProperty called handle one time
ok 27 ReactiveProperty called handle2 one time
ok 28 JS-Signals runs without error
ok 29 JS-Signals called handle one time
ok 30 JS-Signals called handle2 one time
ok 31 MiniSignals runs without error
ok 32 MiniSignals called handle one time
ok 33 MiniSignals called handle2 one time
ok 34 MicroSignals runs without error
ok 35 MicroSignals called handle one time
ok 36 MicroSignals called handle2 one time
ok 37 signal-emitter runs without error
ok 38 signal-emitter called handle one time
ok 39 signal-emitter called handle2 one time
ok 40 event-signal runs without error
ok 41 event-signal called handle one time
ok 42 event-signal called handle2 one time
ok 43 signal-lite runs without error
ok 44 signal-lite called handle one time
ok 45 signal-lite called handle2 one time
ok 46 pull-notify runs without error
ok 47 pull-notify called handle one time
ok 48 pull-notify called handle2 one time
ok 49 xstream runs without error
ok 50 xstream called handle one time
ok 51 xstream called handle2 one time
ok 52 evee runs without error
ok 53 evee called handle one time
ok 54 evee called handle2 one time

    Theoretical max x 94,119,390 ops/sec ±2.45% (11 runs sampled) *burn in*
    MicroSignals x 33,467,764 ops/sec ±3.20% (11 runs sampled)
    push-stream x 31,077,143 ops/sec ±4.49% (11 runs sampled)
    ReactiveProperty x 28,367,579 ops/sec ±2.80% (11 runs sampled)
    MiniSignals x 26,029,811 ops/sec ±2.80% (11 runs sampled)
    xstream x 23,099,924 ops/sec ±2.74% (11 runs sampled)
    dripEmitter x 20,135,874 ops/sec ±3.55% (11 runs sampled)
    EventEmitter3 x 17,019,099 ops/sec ±2.53% (11 runs sampled)
    event-signal x 11,049,307 ops/sec ±4.66% (11 runs sampled)
    EventEmitter2 x 9,910,005 ops/sec ±2.20% (11 runs sampled)
    RXJS x 8,595,059 ops/sec ±3.85% (11 runs sampled)
    pull-notify x 2,301,806 ops/sec ±2.86% (11 runs sampled)
    dripEmitterEnhanced x 1,974,329 ops/sec ±2.80% (11 runs sampled)
    signal-lite x 1,706,276 ops/sec ±1.08% (11 runs sampled)
    evee x 2,654,422 ops/sec ±68.88% (11 runs sampled)
    signal-emitter x 1,162,180 ops/sec ±2.06% (10 runs sampled)
    EventEmitter x 1,034,207 ops/sec ±1.81% (11 runs sampled)
    JS-Signals x 776,922 ops/sec ±3.71% (11 runs sampled)

*Fastest is __MicroSignals__*


1..54
# tests 54
# pass  54

# ok




TAP version 13
# emit one value - many listeners
ok 1 Theoretical max runs without error
ok 2 Theoretical max called handles N times
ok 3 EventEmitter runs without error
ok 4 EventEmitter called handles N times
ok 5 EventEmitter2 runs without error
ok 6 EventEmitter2 called handles N times
ok 7 EventEmitter3 runs without error
ok 8 EventEmitter3 called handles N times
ok 9 push-stream runs without error
ok 10 push-stream called handles N times
ok 11 dripEmitter runs without error
ok 12 dripEmitter called handles N times
ok 13 dripEmitterEnhanced runs without error
ok 14 dripEmitterEnhanced called handles N times
ok 15 RXJS runs without error
ok 16 RXJS called handles N times
ok 17 ReactiveProperty runs without error
ok 18 ReactiveProperty called handles N times
ok 19 JS-Signals runs without error
ok 20 JS-Signals called handles N times
ok 21 MiniSignals runs without error
ok 22 MiniSignals called handles N times
ok 23 MicroSignal runs without error
ok 24 MicroSignal called handles N times
ok 25 signal-emitter runs without error
ok 26 signal-emitter called handles N times
ok 27 event-signal runs without error
ok 28 event-signal called handles N times
ok 29 signal-lite runs without error
ok 30 signal-lite called handles N times
ok 31 minivents runs without error
ok 32 minivents called handles N times
ok 33 pull-notify runs without error
ok 34 pull-notify called handles N times
ok 35 xstream runs without error
ok 36 xstream called handles N times
ok 37 evee runs without error
ok 38 evee called handles N times

    ReactiveProperty x 20,012,482 ops/sec ±0.67% (11 runs sampled)
    push-stream x 17,760,144 ops/sec ±4.55% (11 runs sampled)
    MicroSignal x 14,963,773 ops/sec ±3.71% (11 runs sampled)
    xstream x 10,744,642 ops/sec ±2.77% (11 runs sampled)
    MiniSignals x 6,898,758 ops/sec ±2.62% (11 runs sampled)
    Theoretical max x 6,154,360 ops/sec ±3.16% (11 runs sampled) *burn in*
    dripEmitter x 5,218,433 ops/sec ±2.20% (11 runs sampled)
    evee x 4,807,579 ops/sec ±1.47% (11 runs sampled)
    EventEmitter3 x 4,689,917 ops/sec ±2.50% (11 runs sampled)
    event-signal x 4,372,402 ops/sec ±0.71% (11 runs sampled)
    EventEmitter2 x 3,521,743 ops/sec ±7.85% (10 runs sampled)
    RXJS x 2,536,391 ops/sec ±1.32% (11 runs sampled)
    dripEmitterEnhanced x 1,511,795 ops/sec ±2.31% (11 runs sampled)
    signal-emitter x 989,135 ops/sec ±3.12% (11 runs sampled)
    pull-notify x 598,316 ops/sec ±2.44% (11 runs sampled)
    signal-lite x 489,388 ops/sec ±1.65% (11 runs sampled)
    EventEmitter x 385,587 ops/sec ±3.12% (11 runs sampled)
    JS-Signals x 292,971 ops/sec ±4.15% (11 runs sampled)
    minivents x 202,338 ops/sec ±2.85% (11 runs sampled)

*Fastest is __ReactiveProperty__*


1..38
# tests 38
# pass  38

# ok




TAP version 13
# emit one value - one listener
ok 1 Theoretical max runs without error
ok 2 Theoretical max called handle once
ok 3 EventEmitter runs without error
ok 4 EventEmitter called handle once
ok 5 EventEmitter2 runs without error
ok 6 EventEmitter2 called handle once
ok 7 EventEmitter3 runs without error
ok 8 EventEmitter3 called handle once
ok 9 dripEmitter runs without error
ok 10 dripEmitter called handle once
ok 11 barracks runs without error
ok 12 barracks called handle once
ok 13 push-stream runs without error
ok 14 push-stream called handle once
ok 15 push-stream-patch runs without error
ok 16 push-stream-patch called handle once
ok 17 mini-pipe runs without error
ok 18 mini-pipe called handle once
ok 19 dripEmitterEnhanced runs without error
ok 20 dripEmitterEnhanced called handle once
ok 21 d3-dispatch runs without error
ok 22 d3-dispatch called handle once
ok 23 namespace-emitter runs without error
ok 24 namespace-emitter called handle once
ok 25 ReactiveProperty runs without error
ok 26 ReactiveProperty called handle once
ok 27 observable runs without error
ok 28 observable called handle once
ok 29 observ runs without error
ok 30 observ called handle once
ok 31 RXJS runs without error
ok 32 RXJS called handle once
ok 33 JS-Signals runs without error
ok 34 JS-Signals called handle once
ok 35 MiniSignals runs without error
ok 36 MiniSignals called handle once
ok 37 MicroSignals runs without error
ok 38 MicroSignals called handle once
ok 39 signal-emitter runs without error
ok 40 signal-emitter called handle once
ok 41 event-signal runs without error
ok 42 event-signal called handle once
ok 43 signal-lite runs without error
ok 44 signal-lite called handle once
ok 45 minivents runs without error
ok 46 minivents called handle once
ok 47 pull-notify runs without error
ok 48 pull-notify called handle once
ok 49 pull-pushable runs without error
ok 50 pull-pushable called handle once
ok 51 xstream runs without error
ok 52 xstream called handle once
ok 53 evee runs without error
ok 54 evee called handle once
ok 55 sister runs without error
ok 56 sister called handle once

    Theoretical max x 205,973,248 ops/sec ±2.69% (11 runs sampled) *burn in*
    mini-pipe x 94,919,504 ops/sec ±2.77% (11 runs sampled)
    ReactiveProperty x 72,373,707 ops/sec ±2.72% (11 runs sampled)
    MicroSignals x 72,171,424 ops/sec ±3.54% (11 runs sampled)
    xstream x 71,833,927 ops/sec ±3.48% (11 runs sampled)
    push-stream x 69,427,970 ops/sec ±3.37% (11 runs sampled)
    push-stream-patch x 64,177,740 ops/sec ±4.78% (11 runs sampled)
    observ x 51,692,158 ops/sec ±2.48% (11 runs sampled)
    sister x 51,688,581 ops/sec ±3.43% (11 runs sampled)
    MiniSignals x 46,412,203 ops/sec ±2.41% (11 runs sampled)
    evee x 24,579,455 ops/sec ±2.14% (11 runs sampled)
    dripEmitter x 24,962,822 ops/sec ±5.31% (11 runs sampled)
    EventEmitter3 x 22,898,102 ops/sec ±2.17% (11 runs sampled)
    EventEmitter2 x 21,453,758 ops/sec ±3.14% (11 runs sampled)
    event-signal x 14,975,544 ops/sec ±2.08% (11 runs sampled)
    d3-dispatch x 14,308,565 ops/sec ±2.48% (11 runs sampled)
    barracks x 14,470,743 ops/sec ±5.62% (11 runs sampled)
    RXJS x 11,325,310 ops/sec ±3.66% (11 runs sampled)
    pull-pushable x 6,390,859 ops/sec ±2.21% (11 runs sampled)
    pull-notify x 5,459,692 ops/sec ±2.35% (11 runs sampled)
    EventEmitter x 4,489,768 ops/sec ±4.83% (11 runs sampled)
    signal-lite x 2,613,902 ops/sec ±1.69% (11 runs sampled)
    dripEmitterEnhanced x 2,137,544 ops/sec ±2.64% (11 runs sampled)
    minivents x 1,403,419 ops/sec ±2.55% (11 runs sampled)
    JS-Signals x 1,103,867 ops/sec ±2.89% (11 runs sampled)
    signal-emitter x 1,103,315 ops/sec ±3.62% (11 runs sampled)
    namespace-emitter x 685,697 ops/sec ±2.66% (11 runs sampled)
    observable x 552,218 ops/sec ±3.93% (11 runs sampled)

*Fastest is __mini-pipe__*


1..56
# tests 56
# pass  56

# ok




TAP version 13
# emit one value - two listeners
ok 1 Theoretical max runs without error
ok 2 Theoretical max called handle once
ok 3 Theoretical max called handle2 once
ok 4 EventEmitter runs without error
ok 5 EventEmitter called handle once
ok 6 EventEmitter called handle2 once
ok 7 EventEmitter2 runs without error
ok 8 EventEmitter2 called handle once
ok 9 EventEmitter2 called handle2 once
ok 10 EventEmitter3 runs without error
ok 11 EventEmitter3 called handle once
ok 12 EventEmitter3 called handle2 once
ok 13 dripEmitter runs without error
ok 14 dripEmitter called handle once
ok 15 dripEmitter called handle2 once
ok 16 push-stream-patch runs without error
ok 17 push-stream-patch called handle once
ok 18 push-stream-patch called handle2 once
ok 19 push-stream runs without error
ok 20 push-stream called handle once
ok 21 push-stream called handle2 once
ok 22 dripEmitterEnhanced runs without error
ok 23 dripEmitterEnhanced called handle once
ok 24 dripEmitterEnhanced called handle2 once
ok 25 d3-dispatch runs without error
ok 26 d3-dispatch called handle once
ok 27 d3-dispatch called handle2 once
ok 28 namespace-emitter runs without error
ok 29 namespace-emitter called handle once
ok 30 namespace-emitter called handle2 once
ok 31 ReactiveProperty runs without error
ok 32 ReactiveProperty called handle once
ok 33 ReactiveProperty called handle2 once
ok 34 observable runs without error
ok 35 observable called handle once
ok 36 observable called handle2 once
ok 37 observ runs without error
ok 38 observ called handle once
ok 39 observ called handle2 once
ok 40 RXJS runs without error
ok 41 RXJS called handle once
ok 42 RXJS called handle2 once
ok 43 JS-Signals runs without error
ok 44 JS-Signals called handle once
ok 45 JS-Signals called handle2 once
ok 46 MiniSignals runs without error
ok 47 MiniSignals called handle once
ok 48 MiniSignals called handle2 once
ok 49 MicroSignals runs without error
ok 50 MicroSignals called handle once
ok 51 MicroSignals called handle2 once
ok 52 signal-emitter runs without error
ok 53 signal-emitter called handle once
ok 54 signal-emitter called handle2 once
ok 55 event-signal runs without error
ok 56 event-signal called handle once
ok 57 event-signal called handle2 once
ok 58 signal-lite runs without error
ok 59 signal-lite called handle once
ok 60 signal-lite called handle2 once
ok 61 minivents runs without error
ok 62 minivents called handle once
ok 63 minivents called handle2 once
ok 64 pull-notify runs without error
ok 65 pull-notify called handle once
ok 66 pull-notify called handle2 once
ok 67 xstream runs without error
ok 68 xstream called handle once
ok 69 xstream called handle2 once
ok 70 waddup runs without error
ok 71 waddup called handle once
ok 72 waddup called handle2 once
ok 73 evee runs without error
ok 74 evee called handle once
ok 75 evee called handle2 once
ok 76 sister runs without error
ok 77 sister called handle once
ok 78 sister called handle2 once

    Theoretical max x 102,557,854 ops/sec ±4.16% (11 runs sampled) *burn in*
    ReactiveProperty x 48,212,336 ops/sec ±1.90% (11 runs sampled)
    MicroSignals x 42,996,297 ops/sec ±1.92% (11 runs sampled)
    push-stream-patch x 41,305,000 ops/sec ±1.67% (11 runs sampled)
    push-stream x 40,634,153 ops/sec ±3.05% (11 runs sampled)
    observ x 35,888,430 ops/sec ±2.40% (11 runs sampled)
    sister x 34,446,607 ops/sec ±2.45% (11 runs sampled)
    xstream x 30,040,657 ops/sec ±2.02% (11 runs sampled)
    MiniSignals x 28,450,063 ops/sec ±2.81% (11 runs sampled)
    waddup x 23,862,023 ops/sec ±1.90% (11 runs sampled)
    dripEmitter x 21,030,132 ops/sec ±2.96% (11 runs sampled)
    EventEmitter3 x 17,485,384 ops/sec ±3.09% (11 runs sampled)
    evee x 15,979,050 ops/sec ±2.48% (11 runs sampled)
    event-signal x 12,481,086 ops/sec ±2.69% (11 runs sampled)
    d3-dispatch x 11,458,417 ops/sec ±3.81% (11 runs sampled)
    EventEmitter2 x 10,255,656 ops/sec ±3.75% (11 runs sampled)
    RXJS x 8,846,208 ops/sec ±2.04% (11 runs sampled)
    pull-notify x 2,928,208 ops/sec ±0.62% (11 runs sampled)
    dripEmitterEnhanced x 1,950,018 ops/sec ±4.69% (11 runs sampled)
    signal-lite x 1,615,412 ops/sec ±2.73% (11 runs sampled)
    signal-emitter x 1,194,242 ops/sec ±2.13% (11 runs sampled)
    EventEmitter x 988,163 ops/sec ±5.80% (11 runs sampled)
    JS-Signals x 817,483 ops/sec ±2.23% (11 runs sampled)
    minivents x 813,101 ops/sec ±1.92% (11 runs sampled)
    namespace-emitter x 565,299 ops/sec ±2.96% (11 runs sampled)
    observable x 459,934 ops/sec ±17.24% (10 runs sampled)

*Fastest is __ReactiveProperty__*


1..78
# tests 78
# pass  78

# ok




TAP version 13
# emit one value - with context
ok 1 Theoretical max runs without error
ok 2 Theoretical max called handle one time
ok 3 Theoretical max called handle2 called one time
ok 4 EventEmitter runs without error
ok 5 EventEmitter called handle one time
ok 6 EventEmitter called handle2 called one time
ok 7 EventEmitter2 runs without error
ok 8 EventEmitter2 called handle one time
ok 9 EventEmitter2 called handle2 called one time
ok 10 EventEmitter3 runs without error
ok 11 EventEmitter3 called handle one time
ok 12 EventEmitter3 called handle2 called one time
ok 13 push-stream runs without error
ok 14 push-stream called handle one time
ok 15 push-stream called handle2 called one time
ok 16 dripEmitter runs without error
ok 17 dripEmitter called handle one time
ok 18 dripEmitter called handle2 called one time
ok 19 dripEmitterEnhanced runs without error
ok 20 dripEmitterEnhanced called handle one time
ok 21 dripEmitterEnhanced called handle2 called one time
ok 22 RXJS runs without error
ok 23 RXJS called handle one time
ok 24 RXJS called handle2 called one time
ok 25 ReactiveProperty runs without error
ok 26 ReactiveProperty called handle one time
ok 27 ReactiveProperty called handle2 called one time
ok 28 JS-Signals runs without error
ok 29 JS-Signals called handle one time
ok 30 JS-Signals called handle2 called one time
ok 31 MiniSignals runs without error
ok 32 MiniSignals called handle one time
ok 33 MiniSignals called handle2 called one time
ok 34 MicroSignals runs without error
ok 35 MicroSignals called handle one time
ok 36 MicroSignals called handle2 called one time
ok 37 signal-emitter runs without error
ok 38 signal-emitter called handle one time
ok 39 signal-emitter called handle2 called one time
ok 40 event-signal runs without error
ok 41 event-signal called handle one time
ok 42 event-signal called handle2 called one time
ok 43 signal-lite runs without error
ok 44 signal-lite called handle one time
ok 45 signal-lite called handle2 called one time
ok 46 pull-notify runs without error
ok 47 pull-notify called handle one time
ok 48 pull-notify called handle2 called one time
ok 49 evee runs without error
ok 50 evee called handle one time
ok 51 evee called handle2 called one time
ok 52 sister runs without error
ok 53 sister called handle one time
ok 54 sister called handle2 called one time

    Theoretical max x 79,242,894 ops/sec ±5.09% (11 runs sampled) *burn in*
    MicroSignals x 31,391,681 ops/sec ±4.91% (11 runs sampled)
    push-stream x 28,186,666 ops/sec ±2.40% (11 runs sampled)
    ReactiveProperty x 27,628,448 ops/sec ±3.02% (11 runs sampled)
    MiniSignals x 26,670,402 ops/sec ±2.21% (11 runs sampled)
    sister x 26,002,544 ops/sec ±3.20% (11 runs sampled)
    dripEmitter x 19,940,543 ops/sec ±3.05% (11 runs sampled)
    EventEmitter3 x 18,359,854 ops/sec ±4.61% (11 runs sampled)
    event-signal x 12,498,963 ops/sec ±1.56% (11 runs sampled)
    EventEmitter2 x 10,239,117 ops/sec ±2.81% (11 runs sampled)
    RXJS x 8,257,659 ops/sec ±1.65% (11 runs sampled)
    evee x 4,067,542 ops/sec ±14.15% (11 runs sampled)
    pull-notify x 2,859,888 ops/sec ±3.03% (11 runs sampled)
    dripEmitterEnhanced x 2,014,665 ops/sec ±2.23% (11 runs sampled)
    signal-lite x 1,654,211 ops/sec ±2.02% (11 runs sampled)
    signal-emitter x 1,195,751 ops/sec ±1.32% (11 runs sampled)
    EventEmitter x 887,448 ops/sec ±3.77% (11 runs sampled)
    JS-Signals x 807,526 ops/sec ±3.21% (11 runs sampled)

*Fastest is __MicroSignals__*


1..54
# tests 54
# pass  54

# ok




TAP version 13
# emit variable number of values
ok 1 Theoretical max runs without error
ok 2 Theoretical max called handle four times
ok 3 Theoretical max called handle2 four times
ok 4 EventEmitter runs without error
ok 5 EventEmitter called handle four times
ok 6 EventEmitter called handle2 four times
ok 7 EventEmitter2 runs without error
ok 8 EventEmitter2 called handle four times
ok 9 EventEmitter2 called handle2 four times
ok 10 EventEmitter3 runs without error
ok 11 EventEmitter3 called handle four times
ok 12 EventEmitter3 called handle2 four times
ok 13 dripEmitterEnhanced runs without error
ok 14 dripEmitterEnhanced called handle four times
ok 15 dripEmitterEnhanced called handle2 four times
ok 16 JS-Signals runs without error
ok 17 JS-Signals called handle four times
ok 18 JS-Signals called handle2 four times
ok 19 MiniSignals runs without error
ok 20 MiniSignals called handle four times
ok 21 MiniSignals called handle2 four times
ok 22 signal-emitter runs without error
ok 23 signal-emitter called handle four times
ok 24 signal-emitter called handle2 four times
ok 25 signal-lite runs without error
ok 26 signal-lite called handle four times
ok 27 signal-lite called handle2 four times

    Theoretical max x 51,154,919 ops/sec ±3.86% (11 runs sampled) *burn in*
    MiniSignals x 6,471,249 ops/sec ±6.38% (11 runs sampled)
    EventEmitter3 x 3,675,921 ops/sec ±3.88% (11 runs sampled)
    EventEmitter2 x 2,146,099 ops/sec ±3.30% (11 runs sampled)
    dripEmitterEnhanced x 443,427 ops/sec ±3.68% (11 runs sampled)
    signal-lite x 414,866 ops/sec ±1.42% (11 runs sampled)
    signal-emitter x 292,414 ops/sec ±1.77% (11 runs sampled)
    EventEmitter x 217,514 ops/sec ±6.19% (11 runs sampled)
    JS-Signals x 190,558 ops/sec ±3.30% (11 runs sampled)

*Fastest is __MiniSignals__*


1..27
# tests 27
# pass  27

# ok




TAP version 13
# init
ok 1 Theoretical max runs without error
ok 2 Theoretical max constructed an object
ok 3 EventEmitter runs without error
ok 4 EventEmitter constructed an object
ok 5 EventEmitter2 runs without error
ok 6 EventEmitter2 constructed an object
ok 7 EventEmitter3 runs without error
ok 8 EventEmitter3 constructed an object
ok 9 push-stream runs without error
ok 10 push-stream constructed an object
ok 11 DripEmitter runs without error
ok 12 DripEmitter constructed an object
ok 13 DripEmitterEnhanced runs without error
ok 14 DripEmitterEnhanced constructed an object
ok 15 ReactiveProperty runs without error
ok 16 ReactiveProperty constructed an object
ok 17 JS-Signals runs without error
ok 18 JS-Signals constructed an object
ok 19 MiniSignals runs without error
ok 20 MiniSignals constructed an object
ok 21 EventDispatcher runs without error
ok 22 EventDispatcher constructed an object
ok 23 pull-notify runs without error
ok 24 pull-notify constructed an object

    EventDispatcher x 70,221,467 ops/sec ±0.94% (11 runs sampled)
    EventEmitter3 x 68,219,854 ops/sec ±2.58% (11 runs sampled)
    Theoretical max x 66,986,827 ops/sec ±2.45% (11 runs sampled) *burn in*
    DripEmitter x 58,142,802 ops/sec ±3.34% (11 runs sampled)
    MiniSignals x 36,213,250 ops/sec ±1.56% (11 runs sampled)
    EventEmitter2 x 35,949,209 ops/sec ±3.01% (11 runs sampled)
    EventEmitter x 31,661,824 ops/sec ±2.34% (11 runs sampled)
    JS-Signals x 19,134,852 ops/sec ±2.68% (11 runs sampled)
    DripEmitterEnhanced x 14,461,769 ops/sec ±3.51% (11 runs sampled)
    push-stream x 12,236,196 ops/sec ±3.50% (11 runs sampled)
    pull-notify x 10,126,434 ops/sec ±2.36% (11 runs sampled)
    ReactiveProperty x 3,760,122 ops/sec ±3.64% (10 runs sampled)

*Fastest is __EventDispatcher, EventEmitter3__*


1..24
# tests 24
# pass  24

# ok


