

TAP version 13
# Platform
ok 1 should be truthy
Chrome 54.0.2840.71 on OS X 10.11.5
NODE_ENV = production
BENCH = undefined

1..1
# tests 1
# pass  1

# ok




TAP version 13
# add and remove
ok 1 EventEmitter runs without error
ok 2 EventEmitter never called handle
ok 3 EventEmitter2 runs without error
ok 4 EventEmitter2 never called handle
ok 5 EventEmitter3 runs without error
ok 6 EventEmitter3 never called handle
ok 7 dripEmitter runs without error
ok 8 dripEmitter never called handle
ok 9 pushStream runs without error
ok 10 pushStream never called handle
ok 11 dripEmitterEnhanced runs without error
ok 12 dripEmitterEnhanced never called handle
ok 13 ReactiveProperty runs without error
ok 14 ReactiveProperty never called handle
ok 15 JS-Signals runs without error
ok 16 JS-Signals never called handle
ok 17 MiniSignals runs without error
ok 18 MiniSignals never called handle
ok 19 EventDispatcher runs without error
ok 20 EventDispatcher never called handle

    dripEmitter x 17,577,228 ops/sec ±26.33% (11 runs sampled)
    MiniSignals x 9,213,361 ops/sec ±24.72% (11 runs sampled)
    ReactiveProperty x 2,298,954 ops/sec ±21.28% (11 runs sampled)
    EventEmitter3 x 1,753,061 ops/sec ±8.97% (10 runs sampled)
    EventEmitter x 1,663,078 ops/sec ±5.19% (11 runs sampled)
    EventEmitter2 x 1,367,136 ops/sec ±4.62% (11 runs sampled)
    EventDispatcher x 696,918 ops/sec ±26.15% (11 runs sampled)
    pushStream x 612,921 ops/sec ±18.74% (10 runs sampled)
    dripEmitterEnhanced x 284,075 ops/sec ±13.34% (10 runs sampled)
    JS-Signals x 249,008 ops/sec ±20.43% (11 runs sampled)

*Fastest is __dripEmitter__*


1..20
# tests 20
# pass  20

# ok




TAP version 13
# emit one array
ok 1 Theoretical max runs without error
ok 2 Theoretical max called handle three times
ok 3 Theoretical max called handle2 three times
ok 4 EventEmitter runs without error
ok 5 EventEmitter called handle three times
ok 6 EventEmitter called handle2 three times
ok 7 EventEmitter2 runs without error
ok 8 EventEmitter2 called handle three times
ok 9 EventEmitter2 called handle2 three times
ok 10 EventEmitter3 runs without error
ok 11 EventEmitter3 called handle three times
ok 12 EventEmitter3 called handle2 three times
ok 13 push-stream runs without error
ok 14 push-stream called handle three times
ok 15 push-stream called handle2 three times
ok 16 dripEmitter runs without error
ok 17 dripEmitter called handle three times
ok 18 dripEmitter called handle2 three times
ok 19 dripEmitterEnhanced runs without error
ok 20 dripEmitterEnhanced called handle three times
ok 21 dripEmitterEnhanced called handle2 three times
ok 22 RXJS runs without error
ok 23 RXJS called handle three times
ok 24 RXJS called handle2 three times
ok 25 ReactiveProperty runs without error
ok 26 ReactiveProperty called handle three times
ok 27 ReactiveProperty called handle2 three times
ok 28 JS-Signals runs without error
ok 29 JS-Signals called handle three times
ok 30 JS-Signals called handle2 three times
ok 31 MiniSignals runs without error
ok 32 MiniSignals called handle three times
ok 33 MiniSignals called handle2 three times
ok 34 MicroSignals runs without error
ok 35 MicroSignals called handle three times
ok 36 MicroSignals called handle2 three times
ok 37 signal-emitter runs without error
ok 38 signal-emitter called handle three times
ok 39 signal-emitter called handle2 three times
ok 40 event-signal runs without error
ok 41 event-signal called handle three times
ok 42 event-signal called handle2 three times
ok 43 signal-lite runs without error
ok 44 signal-lite called handle three times
ok 45 signal-lite called handle2 three times
ok 46 pull-notify runs without error
ok 47 pull-notify called handle three times
ok 48 pull-notify called handle2 three times
ok 49 evee runs without error
ok 50 evee called handle three times
ok 51 evee called handle2 three times
ok 52 sister runs without error
ok 53 sister called handle three times
ok 54 sister called handle2 three times

    Theoretical max x 10,757,162 ops/sec ±7.30% (11 runs sampled) *burn in*
    MicroSignals x 7,077,915 ops/sec ±5.41% (11 runs sampled)
    MiniSignals x 5,770,850 ops/sec ±17.32% (11 runs sampled)
    push-stream x 4,860,102 ops/sec ±6.76% (11 runs sampled)
    sister x 4,660,810 ops/sec ±7.88% (11 runs sampled)
    dripEmitter x 4,231,432 ops/sec ±16.31% (10 runs sampled)
    ReactiveProperty x 3,906,103 ops/sec ±20.37% (11 runs sampled)
    EventEmitter3 x 3,641,335 ops/sec ±12.42% (10 runs sampled)
    signal-lite x 2,744,510 ops/sec ±45.18% (10 runs sampled)
    evee x 1,755,411 ops/sec ±58.88% (11 runs sampled)
    dripEmitterEnhanced x 668,193 ops/sec ±4.98% (11 runs sampled)
    signal-emitter x 489,241 ops/sec ±6.69% (11 runs sampled)
    pull-notify x 471,460 ops/sec ±27.06% (11 runs sampled)
    event-signal x 374,684 ops/sec ±6.05% (11 runs sampled)
    EventEmitter2 x 313,090 ops/sec ±9.37% (11 runs sampled)
    RXJS x 296,131 ops/sec ±12.28% (10 runs sampled)
    JS-Signals x 159,940 ops/sec ±5.95% (11 runs sampled)
    EventEmitter x 150,616 ops/sec ±11.23% (10 runs sampled)

*Fastest is __MicroSignals__*


1..54
# tests 54
# pass  54

# ok




TAP version 13
# emit many values - two listeners
ok 1 Theoretical max runs without error
ok 2 Theoretical max called handle once
ok 3 Theoretical max called handle2 once
ok 4 EventEmitter runs without error
ok 5 EventEmitter called handle once
ok 6 EventEmitter called handle2 once
ok 7 EventEmitter2 runs without error
ok 8 EventEmitter2 called handle once
ok 9 EventEmitter2 called handle2 once
ok 10 EventEmitter3 runs without error
ok 11 EventEmitter3 called handle once
ok 12 EventEmitter3 called handle2 once
ok 13 dripEmitterEnhanced runs without error
ok 14 dripEmitterEnhanced called handle once
ok 15 dripEmitterEnhanced called handle2 once
ok 16 JS-Signals runs without error
ok 17 JS-Signals called handle once
ok 18 JS-Signals called handle2 once
ok 19 MiniSignals runs without error
ok 20 MiniSignals called handle once
ok 21 MiniSignals called handle2 once
ok 22 signal-emitter runs without error
ok 23 signal-emitter called handle once
ok 24 signal-emitter called handle2 once
ok 25 signal-lite runs without error
ok 26 signal-lite called handle once
ok 27 signal-lite called handle2 once
ok 28 minivents runs without error
ok 29 minivents called handle once
ok 30 minivents called handle2 once

    Theoretical max x 16,929,449 ops/sec ±18.19% (11 runs sampled) *burn in*
    MiniSignals x 13,150,738 ops/sec ±11.29% (10 runs sampled)
    signal-lite x 11,046,278 ops/sec ±18.45% (10 runs sampled)
    signal-emitter x 439,445 ops/sec ±7.99% (10 runs sampled)
    dripEmitterEnhanced x 408,588 ops/sec ±12.39% (10 runs sampled)
    EventEmitter3 x 414,173 ops/sec ±37.04% (10 runs sampled)
    EventEmitter2 x 199,213 ops/sec ±45.78% (10 runs sampled)
    minivents x 113,876 ops/sec ±8.90% (11 runs sampled)
    EventEmitter x 116,838 ops/sec ±19.12% (11 runs sampled)
    JS-Signals x 108,166 ops/sec ±25.90% (11 runs sampled)

*Fastest is __MiniSignals, signal-lite__*


1..30
# tests 30
# pass  30

# ok




TAP version 13
# emit one object - one listener
ok 1 Theoretical max runs without error
ok 2 Theoretical max called handle three times
ok 3 EventEmitter runs without error
ok 4 EventEmitter called handle three times
ok 5 EventEmitter2 runs without error
ok 6 EventEmitter2 called handle three times
ok 7 EventEmitter3 runs without error
ok 8 EventEmitter3 called handle three times
ok 9 push-stream runs without error
ok 10 push-stream called handle three times
ok 11 mini-pipe runs without error
ok 12 mini-pipe called handle three times
ok 13 dripEmitter runs without error
ok 14 dripEmitter called handle three times
ok 15 dripEmitterEnhanced runs without error
ok 16 dripEmitterEnhanced called handle three times
ok 17 RXJS runs without error
ok 18 RXJS called handle three times
ok 19 ReactiveProperty runs without error
ok 20 ReactiveProperty called handle three times
ok 21 JS-Signals runs without error
ok 22 JS-Signals called handle three times
ok 23 MiniSignals runs without error
ok 24 MiniSignals called handle three times
ok 25 MicroSignals runs without error
ok 26 MicroSignals called handle three times
ok 27 signal-emitter runs without error
ok 28 signal-emitter called handle three times
ok 29 event-signal runs without error
ok 30 event-signal called handle three times
ok 31 signal-lite runs without error
ok 32 signal-lite called handle three times
ok 33 EventDispatcher runs without error
ok 34 EventDispatcher called handle three times
ok 35 pull-notify runs without error
ok 36 pull-notify called handle three times
ok 37 pull-pushable runs without error
ok 38 pull-pushable called handle three times
ok 39 xstream runs without error
ok 40 xstream called handle three times
ok 41 evee runs without error
ok 42 evee called handle three times
ok 43 sister runs without error
ok 44 sister called handle three times
ok 45 mobx runs without error
ok 46 mobx called handle three times

    MicroSignals x 10,172,180 ops/sec ±1.67% (11 runs sampled)
    MiniSignals x 8,825,200 ops/sec ±2.63% (11 runs sampled)
    signal-lite x 8,104,689 ops/sec ±3.20% (11 runs sampled)
    xstream x 7,044,411 ops/sec ±4.58% (11 runs sampled)
    mini-pipe x 7,110,465 ops/sec ±5.74% (11 runs sampled)
    Theoretical max x 7,438,320 ops/sec ±14.14% (10 runs sampled) *burn in*
    ReactiveProperty x 6,355,917 ops/sec ±5.95% (11 runs sampled)
    sister x 6,056,817 ops/sec ±6.15% (10 runs sampled)
    push-stream x 5,992,206 ops/sec ±12.06% (10 runs sampled)
    dripEmitter x 5,794,793 ops/sec ±14.23% (11 runs sampled)
    EventEmitter3 x 5,287,077 ops/sec ±15.26% (11 runs sampled)
    evee x 4,524,495 ops/sec ±5.77% (11 runs sampled)
    EventEmitter2 x 4,401,661 ops/sec ±25.87% (10 runs sampled)
    EventDispatcher x 3,075,217 ops/sec ±2.06% (11 runs sampled)
    pull-pushable x 2,022,742 ops/sec ±6.41% (11 runs sampled)
    pull-notify x 1,884,526 ops/sec ±15.88% (11 runs sampled)
    EventEmitter x 1,642,801 ops/sec ±14.60% (11 runs sampled)
    dripEmitterEnhanced x 689,430 ops/sec ±7.45% (10 runs sampled)
    event-signal x 498,911 ops/sec ±2.98% (11 runs sampled)
    signal-emitter x 510,671 ops/sec ±6.86% (11 runs sampled)
    RXJS x 467,437 ops/sec ±6.11% (11 runs sampled)
    mobx x 406,456 ops/sec ±14.13% (11 runs sampled)
    JS-Signals x 229,922 ops/sec ±6.27% (10 runs sampled)

*Fastest is __MicroSignals__*


1..46
# tests 46
# pass  46

# ok




TAP version 13
# emit one object - two listeners
ok 1 Theoretical max runs without error
ok 2 Theoretical max called handle three times
ok 3 Theoretical max called handle2 three times
ok 4 EventEmitter runs without error
ok 5 EventEmitter called handle three times
ok 6 EventEmitter called handle2 three times
ok 7 EventEmitter2 runs without error
ok 8 EventEmitter2 called handle three times
ok 9 EventEmitter2 called handle2 three times
ok 10 EventEmitter3 runs without error
ok 11 EventEmitter3 called handle three times
ok 12 EventEmitter3 called handle2 three times
ok 13 push-stream runs without error
ok 14 push-stream called handle three times
ok 15 push-stream called handle2 three times
ok 16 dripEmitter runs without error
ok 17 dripEmitter called handle three times
ok 18 dripEmitter called handle2 three times
ok 19 dripEmitterEnhanced runs without error
ok 20 dripEmitterEnhanced called handle three times
ok 21 dripEmitterEnhanced called handle2 three times
ok 22 RXJS runs without error
ok 23 RXJS called handle three times
ok 24 RXJS called handle2 three times
ok 25 ReactiveProperty runs without error
ok 26 ReactiveProperty called handle three times
ok 27 ReactiveProperty called handle2 three times
ok 28 JS-Signals runs without error
ok 29 JS-Signals called handle three times
ok 30 JS-Signals called handle2 three times
ok 31 MiniSignals runs without error
ok 32 MiniSignals called handle three times
ok 33 MiniSignals called handle2 three times
ok 34 MicroSignals runs without error
ok 35 MicroSignals called handle three times
ok 36 MicroSignals called handle2 three times
ok 37 signal-emitter runs without error
ok 38 signal-emitter called handle three times
ok 39 signal-emitter called handle2 three times
ok 40 event-signal runs without error
ok 41 event-signal called handle three times
ok 42 event-signal called handle2 three times
ok 43 signal-lite runs without error
ok 44 signal-lite called handle three times
ok 45 signal-lite called handle2 three times
ok 46 EventDispatcher runs without error
ok 47 EventDispatcher called handle three times
ok 48 EventDispatcher called handle2 three times
ok 49 pull-notify runs without error
ok 50 pull-notify called handle three times
ok 51 pull-notify called handle2 three times
ok 52 xstream runs without error
ok 53 xstream called handle three times
ok 54 xstream called handle2 three times
ok 55 evee runs without error
ok 56 evee called handle three times
ok 57 evee called handle2 three times
ok 58 sister runs without error
ok 59 sister called handle three times
ok 60 sister called handle2 three times
ok 61 mobx runs without error
ok 62 mobx called handle three times
ok 63 mobx called handle2 three times

    MicroSignals x 5,506,018 ops/sec ±6.38% (11 runs sampled)
    MiniSignals x 5,279,592 ops/sec ±5.32% (11 runs sampled)
    signal-lite x 5,035,933 ops/sec ±5.56% (11 runs sampled)
    Theoretical max x 5,556,943 ops/sec ±26.11% (10 runs sampled) *burn in*
    dripEmitter x 4,459,065 ops/sec ±1.97% (11 runs sampled)
    push-stream x 4,547,909 ops/sec ±5.97% (11 runs sampled)
    sister x 4,377,154 ops/sec ±2.33% (11 runs sampled)
    ReactiveProperty x 4,340,842 ops/sec ±11.44% (11 runs sampled)
    EventEmitter3 x 3,776,552 ops/sec ±6.91% (11 runs sampled)
    xstream x 3,550,413 ops/sec ±6.10% (11 runs sampled)
    evee x 2,875,640 ops/sec ±5.52% (11 runs sampled)
    EventDispatcher x 2,481,967 ops/sec ±3.39% (11 runs sampled)
    pull-notify x 989,874 ops/sec ±5.55% (11 runs sampled)
    dripEmitterEnhanced x 728,620 ops/sec ±5.44% (10 runs sampled)
    signal-emitter x 521,460 ops/sec ±3.10% (11 runs sampled)
    event-signal x 436,434 ops/sec ±3.92% (11 runs sampled)
    EventEmitter2 x 419,757 ops/sec ±3.17% (10 runs sampled)
    RXJS x 399,305 ops/sec ±7.00% (10 runs sampled)
    mobx x 346,497 ops/sec ±7.59% (11 runs sampled)
    EventEmitter x 192,006 ops/sec ±14.67% (11 runs sampled)
    JS-Signals x 175,615 ops/sec ±7.24% (11 runs sampled)

*Fastest is __MicroSignals, MiniSignals__*


1..63
# tests 63
# pass  63

# ok




TAP version 13
# emit one random value - one listener
ok 1 Theoretical max runs without error
ok 2 Theoretical max called handle once
ok 3 EventEmitter runs without error
ok 4 EventEmitter called handle once
ok 5 EventEmitter2 runs without error
ok 6 EventEmitter2 called handle once
ok 7 EventEmitter3 runs without error
ok 8 EventEmitter3 called handle once
ok 9 dripEmitter runs without error
ok 10 dripEmitter called handle once
ok 11 barracks runs without error
ok 12 barracks called handle once
ok 13 push-stream runs without error
ok 14 push-stream called handle once
ok 15 push-stream-patch runs without error
ok 16 push-stream-patch called handle once
ok 17 mini-pipe runs without error
ok 18 mini-pipe called handle once
ok 19 dripEmitterEnhanced runs without error
ok 20 dripEmitterEnhanced called handle once
ok 21 d3-dispatch runs without error
ok 22 d3-dispatch called handle once
ok 23 namespace-emitter runs without error
ok 24 namespace-emitter called handle once
ok 25 ReactiveProperty runs without error
ok 26 ReactiveProperty called handle once
ok 27 observable runs without error
ok 28 observable called handle once
ok 29 observ runs without error
ok 30 observ called handle once
ok 31 RXJS runs without error
ok 32 RXJS called handle once
ok 33 JS-Signals runs without error
ok 34 JS-Signals called handle once
ok 35 MiniSignals runs without error
ok 36 MiniSignals called handle once
ok 37 MicroSignals runs without error
ok 38 MicroSignals called handle once
ok 39 signal-emitter runs without error
ok 40 signal-emitter called handle once
ok 41 event-signal runs without error
ok 42 event-signal called handle once
ok 43 signal-lite runs without error
ok 44 signal-lite called handle once
ok 45 minivents runs without error
ok 46 minivents called handle once
ok 47 pull-notify runs without error
ok 48 pull-notify called handle once
ok 49 pull-pushable runs without error
ok 50 pull-pushable called handle once
ok 51 xstream runs without error
ok 52 xstream called handle once
ok 53 evee runs without error
ok 54 evee called handle once
ok 55 mobx runs without error
ok 56 mobx called handle once

    Theoretical max x 24,712,945 ops/sec ±13.22% (10 runs sampled) *burn in*
    MiniSignals x 22,940,254 ops/sec ±6.57% (11 runs sampled)
    signal-lite x 20,172,786 ops/sec ±2.77% (11 runs sampled)
    mini-pipe x 20,407,261 ops/sec ±4.38% (11 runs sampled)
    dripEmitter x 19,305,339 ops/sec ±3.01% (11 runs sampled)
    EventEmitter2 x 19,321,780 ops/sec ±3.82% (11 runs sampled)
    push-stream x 17,627,511 ops/sec ±7.09% (11 runs sampled)
    ReactiveProperty x 16,708,394 ops/sec ±1.83% (11 runs sampled)
    MicroSignals x 19,646,911 ops/sec ±19.93% (11 runs sampled)
    xstream x 19,462,542 ops/sec ±22.42% (10 runs sampled)
    push-stream-patch x 16,723,872 ops/sec ±9.48% (10 runs sampled)
    EventEmitter3 x 16,716,524 ops/sec ±26.01% (11 runs sampled)
    evee x 14,001,595 ops/sec ±9.22% (11 runs sampled)
    barracks x 9,186,891 ops/sec ±4.18% (11 runs sampled)
    observ x 8,408,773 ops/sec ±4.68% (11 runs sampled)
    EventEmitter x 5,959,290 ops/sec ±2.86% (11 runs sampled)
    pull-notify x 6,113,882 ops/sec ±14.01% (11 runs sampled)
    pull-pushable x 5,531,760 ops/sec ±8.39% (11 runs sampled)
    d3-dispatch x 3,835,656 ops/sec ±3.62% (11 runs sampled)
    dripEmitterEnhanced x 2,486,555 ops/sec ±3.93% (11 runs sampled)
    observable x 2,804,690 ops/sec ±19.76% (11 runs sampled)
    event-signal x 1,453,546 ops/sec ±4.80% (10 runs sampled)
    RXJS x 1,339,422 ops/sec ±11.27% (11 runs sampled)
    signal-emitter x 1,277,092 ops/sec ±17.45% (10 runs sampled)
    namespace-emitter x 1,103,128 ops/sec ±5.00% (11 runs sampled)
    mobx x 836,934 ops/sec ±8.72% (11 runs sampled)
    JS-Signals x 610,011 ops/sec ±4.60% (11 runs sampled)
    minivents x 647,525 ops/sec ±17.17% (11 runs sampled)

*Fastest is __MiniSignals, MicroSignals, xstream__*


1..56
# tests 56
# pass  56

# ok




TAP version 13
# emit one random value - two listeners
ok 1 Theoretical max runs without error
ok 2 Theoretical max called handle once
ok 3 Theoretical max called handle2 once
ok 4 EventEmitter runs without error
ok 5 EventEmitter called handle once
ok 6 EventEmitter called handle2 once
ok 7 EventEmitter2 runs without error
ok 8 EventEmitter2 called handle once
ok 9 EventEmitter2 called handle2 once
ok 10 EventEmitter3 runs without error
ok 11 EventEmitter3 called handle once
ok 12 EventEmitter3 called handle2 once
ok 13 dripEmitter runs without error
ok 14 dripEmitter called handle once
ok 15 dripEmitter called handle2 once
ok 16 push-stream-patch runs without error
ok 17 push-stream-patch called handle once
ok 18 push-stream-patch called handle2 once
ok 19 push-stream runs without error
ok 20 push-stream called handle once
ok 21 push-stream called handle2 once
ok 22 dripEmitterEnhanced runs without error
ok 23 dripEmitterEnhanced called handle once
ok 24 dripEmitterEnhanced called handle2 once
ok 25 d3-dispatch runs without error
ok 26 d3-dispatch called handle once
ok 27 d3-dispatch called handle2 once
ok 28 namespace-emitter runs without error
ok 29 namespace-emitter called handle once
ok 30 namespace-emitter called handle2 once
ok 31 ReactiveProperty runs without error
ok 32 ReactiveProperty called handle once
ok 33 ReactiveProperty called handle2 once
ok 34 observable runs without error
ok 35 observable called handle once
ok 36 observable called handle2 once
ok 37 observ runs without error
ok 38 observ called handle once
ok 39 observ called handle2 once
ok 40 RXJS runs without error
ok 41 RXJS called handle once
ok 42 RXJS called handle2 once
ok 43 JS-Signals runs without error
ok 44 JS-Signals called handle once
ok 45 JS-Signals called handle2 once
ok 46 MiniSignals runs without error
ok 47 MiniSignals called handle once
ok 48 MiniSignals called handle2 once
ok 49 MicroSignals runs without error
ok 50 MicroSignals called handle once
ok 51 MicroSignals called handle2 once
ok 52 signal-emitter runs without error
ok 53 signal-emitter called handle once
ok 54 signal-emitter called handle2 once
ok 55 event-signal runs without error
ok 56 event-signal called handle once
ok 57 event-signal called handle2 once
ok 58 signal-lite runs without error
ok 59 signal-lite called handle once
ok 60 signal-lite called handle2 once
ok 61 minivents runs without error
ok 62 minivents called handle once
ok 63 minivents called handle2 once
ok 64 pull-notify runs without error
ok 65 pull-notify called handle once
ok 66 pull-notify called handle2 once
ok 67 xstream runs without error
ok 68 xstream called handle once
ok 69 xstream called handle2 once
ok 70 waddup runs without error
ok 71 waddup called handle once
ok 72 waddup called handle2 once
ok 73 evee runs without error
ok 74 evee called handle once
ok 75 evee called handle2 once

    MicroSignals x 14,750,870 ops/sec ±4.75% (11 runs sampled)
    signal-lite x 14,359,703 ops/sec ±4.42% (11 runs sampled)
    push-stream-patch x 13,887,973 ops/sec ±2.60% (11 runs sampled)
    MiniSignals x 14,258,301 ops/sec ±9.41% (11 runs sampled)
    push-stream x 13,477,764 ops/sec ±4.00% (11 runs sampled)
    dripEmitter x 12,849,100 ops/sec ±2.54% (10 runs sampled)
    xstream x 13,321,983 ops/sec ±7.18% (11 runs sampled)
    Theoretical max x 13,482,784 ops/sec ±16.63% (10 runs sampled) *burn in*
    EventEmitter3 x 10,963,112 ops/sec ±14.36% (11 runs sampled)
    ReactiveProperty x 9,757,290 ops/sec ±10.73% (11 runs sampled)
    evee x 7,766,317 ops/sec ±52.06% (11 runs sampled)
    waddup x 4,608,614 ops/sec ±5.38% (11 runs sampled)
    observ x 3,766,098 ops/sec ±21.53% (10 runs sampled)
    pull-notify x 2,743,563 ops/sec ±21.11% (11 runs sampled)
    observable x 2,611,661 ops/sec ±17.34% (11 runs sampled)
    dripEmitterEnhanced x 2,070,305 ops/sec ±6.76% (11 runs sampled)
    d3-dispatch x 1,833,334 ops/sec ±2.64% (11 runs sampled)
    signal-emitter x 1,353,622 ops/sec ±6.75% (10 runs sampled)
    EventEmitter2 x 1,118,183 ops/sec ±5.66% (11 runs sampled)
    RXJS x 1,101,855 ops/sec ±5.83% (11 runs sampled)
    event-signal x 1,071,405 ops/sec ±9.24% (11 runs sampled)
    namespace-emitter x 834,806 ops/sec ±8.70% (11 runs sampled)
    minivents x 592,876 ops/sec ±3.84% (11 runs sampled)
    EventEmitter x 570,838 ops/sec ±2.50% (11 runs sampled)
    JS-Signals x 506,961 ops/sec ±5.05% (10 runs sampled)

*Fastest is __MicroSignals, signal-lite, MiniSignals__*


1..75
# tests 75
# pass  75

# ok




TAP version 13
# emit one value - bound function
ok 1 Theoretical max runs without error
ok 2 Theoretical max called handle one time
ok 3 Theoretical max called handle2 one time
ok 4 EventEmitter runs without error
ok 5 EventEmitter called handle one time
ok 6 EventEmitter called handle2 one time
ok 7 EventEmitter2 runs without error
ok 8 EventEmitter2 called handle one time
ok 9 EventEmitter2 called handle2 one time
ok 10 EventEmitter3 runs without error
ok 11 EventEmitter3 called handle one time
ok 12 EventEmitter3 called handle2 one time
ok 13 push-stream runs without error
ok 14 push-stream called handle one time
ok 15 push-stream called handle2 one time
ok 16 dripEmitter runs without error
ok 17 dripEmitter called handle one time
ok 18 dripEmitter called handle2 one time
ok 19 dripEmitterEnhanced runs without error
ok 20 dripEmitterEnhanced called handle one time
ok 21 dripEmitterEnhanced called handle2 one time
ok 22 RXJS runs without error
ok 23 RXJS called handle one time
ok 24 RXJS called handle2 one time
ok 25 ReactiveProperty runs without error
ok 26 ReactiveProperty called handle one time
ok 27 ReactiveProperty called handle2 one time
ok 28 JS-Signals runs without error
ok 29 JS-Signals called handle one time
ok 30 JS-Signals called handle2 one time
ok 31 MiniSignals runs without error
ok 32 MiniSignals called handle one time
ok 33 MiniSignals called handle2 one time
ok 34 MicroSignals runs without error
ok 35 MicroSignals called handle one time
ok 36 MicroSignals called handle2 one time
ok 37 signal-emitter runs without error
ok 38 signal-emitter called handle one time
ok 39 signal-emitter called handle2 one time
ok 40 event-signal runs without error
ok 41 event-signal called handle one time
ok 42 event-signal called handle2 one time
ok 43 signal-lite runs without error
ok 44 signal-lite called handle one time
ok 45 signal-lite called handle2 one time
ok 46 pull-notify runs without error
ok 47 pull-notify called handle one time
ok 48 pull-notify called handle2 one time
ok 49 xstream runs without error
ok 50 xstream called handle one time
ok 51 xstream called handle2 one time
ok 52 evee runs without error
ok 53 evee called handle one time
ok 54 evee called handle2 one time

    Theoretical max x 26,864,321 ops/sec ±9.24% (11 runs sampled) *burn in*
    MicroSignals x 16,603,846 ops/sec ±16.15% (10 runs sampled)
    ReactiveProperty x 13,092,976 ops/sec ±2.72% (11 runs sampled)
    push-stream x 13,425,360 ops/sec ±6.64% (11 runs sampled)
    xstream x 13,203,565 ops/sec ±5.55% (11 runs sampled)
    dripEmitter x 11,561,231 ops/sec ±3.84% (11 runs sampled)
    EventEmitter3 x 10,141,242 ops/sec ±9.94% (11 runs sampled)
    evee x 8,043,088 ops/sec ±7.35% (11 runs sampled)
    MiniSignals x 5,822,568 ops/sec ±11.57% (11 runs sampled)
    signal-lite x 4,394,963 ops/sec ±25.97% (11 runs sampled)
    pull-notify x 3,318,110 ops/sec ±3.43% (11 runs sampled)
    dripEmitterEnhanced x 2,401,306 ops/sec ±2.07% (11 runs sampled)
    signal-emitter x 1,241,985 ops/sec ±6.54% (11 runs sampled)
    RXJS x 1,141,761 ops/sec ±3.42% (11 runs sampled)
    event-signal x 1,108,197 ops/sec ±6.86% (11 runs sampled)
    EventEmitter2 x 1,027,836 ops/sec ±3.99% (11 runs sampled)
    EventEmitter x 540,123 ops/sec ±5.48% (11 runs sampled)
    JS-Signals x 426,861 ops/sec ±16.98% (10 runs sampled)

*Fastest is __MicroSignals__*


1..54
# tests 54
# pass  54

# ok




TAP version 13
# emit one value - many listeners
ok 1 Theoretical max runs without error
ok 2 Theoretical max called handles N times
ok 3 EventEmitter runs without error
ok 4 EventEmitter called handles N times
ok 5 EventEmitter2 runs without error
ok 6 EventEmitter2 called handles N times
ok 7 EventEmitter3 runs without error
ok 8 EventEmitter3 called handles N times
ok 9 push-stream runs without error
ok 10 push-stream called handles N times
ok 11 dripEmitter runs without error
ok 12 dripEmitter called handles N times
ok 13 dripEmitterEnhanced runs without error
ok 14 dripEmitterEnhanced called handles N times
ok 15 RXJS runs without error
ok 16 RXJS called handles N times
ok 17 ReactiveProperty runs without error
ok 18 ReactiveProperty called handles N times
ok 19 JS-Signals runs without error
ok 20 JS-Signals called handles N times
ok 21 MiniSignals runs without error
ok 22 MiniSignals called handles N times
ok 23 MicroSignal runs without error
ok 24 MicroSignal called handles N times
ok 25 signal-emitter runs without error
ok 26 signal-emitter called handles N times
ok 27 event-signal runs without error
ok 28 event-signal called handles N times
ok 29 signal-lite runs without error
ok 30 signal-lite called handles N times
ok 31 minivents runs without error
ok 32 minivents called handles N times
ok 33 pull-notify runs without error
ok 34 pull-notify called handles N times
ok 35 xstream runs without error
ok 36 xstream called handles N times
ok 37 evee runs without error
ok 38 evee called handles N times
ok 39 mobx runs without error
ok 40 mobx called handles N times

    MicroSignal x 4,861,971 ops/sec ±3.24% (11 runs sampled)
    push-stream x 4,720,926 ops/sec ±2.25% (11 runs sampled)
    dripEmitter x 4,640,306 ops/sec ±2.04% (11 runs sampled)
    signal-lite x 4,745,867 ops/sec ±6.24% (11 runs sampled)
    xstream x 4,403,753 ops/sec ±1.17% (11 runs sampled)
    MiniSignals x 4,357,484 ops/sec ±7.72% (11 runs sampled)
    EventEmitter3 x 4,005,517 ops/sec ±5.46% (11 runs sampled)
    ReactiveProperty x 3,789,919 ops/sec ±4.28% (11 runs sampled)
    Theoretical max x 3,869,402 ops/sec ±12.57% (10 runs sampled) *burn in*
    evee x 3,242,966 ops/sec ±2.87% (11 runs sampled)
    dripEmitterEnhanced x 1,661,204 ops/sec ±6.00% (11 runs sampled)
    signal-emitter x 1,238,172 ops/sec ±6.97% (10 runs sampled)
    pull-notify x 781,957 ops/sec ±2.12% (11 runs sampled)
    event-signal x 599,131 ops/sec ±2.69% (11 runs sampled)
    RXJS x 524,583 ops/sec ±5.02% (11 runs sampled)
    mobx x 493,422 ops/sec ±7.58% (11 runs sampled)
    EventEmitter2 x 489,345 ops/sec ±7.23% (10 runs sampled)
    EventEmitter x 212,871 ops/sec ±9.43% (11 runs sampled)
    JS-Signals x 203,786 ops/sec ±8.68% (10 runs sampled)
    minivents x 191,290 ops/sec ±3.09% (11 runs sampled)

*Fastest is __MicroSignal, push-stream, signal-lite__*


1..40
# tests 40
# pass  40

# ok




TAP version 13
# emit one value - one listener
ok 1 Theoretical max runs without error
ok 2 Theoretical max called handle once
ok 3 EventEmitter runs without error
ok 4 EventEmitter called handle once
ok 5 EventEmitter2 runs without error
ok 6 EventEmitter2 called handle once
ok 7 EventEmitter3 runs without error
ok 8 EventEmitter3 called handle once
ok 9 dripEmitter runs without error
ok 10 dripEmitter called handle once
ok 11 barracks runs without error
ok 12 barracks called handle once
ok 13 push-stream runs without error
ok 14 push-stream called handle once
ok 15 push-stream-patch runs without error
ok 16 push-stream-patch called handle once
ok 17 mini-pipe runs without error
ok 18 mini-pipe called handle once
ok 19 dripEmitterEnhanced runs without error
ok 20 dripEmitterEnhanced called handle once
ok 21 d3-dispatch runs without error
ok 22 d3-dispatch called handle once
ok 23 namespace-emitter runs without error
ok 24 namespace-emitter called handle once
ok 25 ReactiveProperty runs without error
ok 26 ReactiveProperty called handle once
ok 27 observable runs without error
ok 28 observable called handle once
ok 29 observ runs without error
ok 30 observ called handle once
ok 31 RXJS runs without error
ok 32 RXJS called handle once
ok 33 JS-Signals runs without error
ok 34 JS-Signals called handle once
ok 35 MiniSignals runs without error
ok 36 MiniSignals called handle once
ok 37 MicroSignals runs without error
ok 38 MicroSignals called handle once
ok 39 signal-emitter runs without error
ok 40 signal-emitter called handle once
ok 41 event-signal runs without error
ok 42 event-signal called handle once
ok 43 signal-lite runs without error
ok 44 signal-lite called handle once
ok 45 minivents runs without error
ok 46 minivents called handle once
ok 47 pull-notify runs without error
ok 48 pull-notify called handle once
ok 49 pull-pushable runs without error
ok 50 pull-pushable called handle once
ok 51 xstream runs without error
ok 52 xstream called handle once
ok 53 evee runs without error
ok 54 evee called handle once
ok 55 sister runs without error
ok 56 sister called handle once

    MicroSignals x 32,539,935 ops/sec ±3.24% (11 runs sampled)
    Theoretical max x 34,164,424 ops/sec ±9.06% (11 runs sampled) *burn in*
    mini-pipe x 29,265,377 ops/sec ±2.55% (11 runs sampled)
    MiniSignals x 27,619,615 ops/sec ±5.72% (10 runs sampled)
    dripEmitter x 23,459,582 ops/sec ±1.76% (11 runs sampled)
    push-stream x 22,553,758 ops/sec ±4.20% (11 runs sampled)
    ReactiveProperty x 21,082,604 ops/sec ±3.59% (11 runs sampled)
    push-stream-patch x 21,043,363 ops/sec ±4.37% (11 runs sampled)
    sister x 21,534,979 ops/sec ±15.31% (11 runs sampled)
    EventEmitter2 x 18,304,822 ops/sec ±4.29% (10 runs sampled)
    signal-lite x 21,944,339 ops/sec ±25.50% (11 runs sampled)
    evee x 15,913,599 ops/sec ±8.99% (10 runs sampled)
    xstream x 19,014,202 ops/sec ±38.97% (10 runs sampled)
    EventEmitter3 x 17,993,241 ops/sec ±34.17% (11 runs sampled)
    observ x 10,745,524 ops/sec ±5.54% (11 runs sampled)
    barracks x 9,972,331 ops/sec ±5.79% (11 runs sampled)
    pull-pushable x 6,843,137 ops/sec ±7.34% (11 runs sampled)
    pull-notify x 6,227,238 ops/sec ±6.96% (10 runs sampled)
    EventEmitter x 6,007,192 ops/sec ±12.97% (10 runs sampled)
    observable x 4,721,067 ops/sec ±2.23% (11 runs sampled)
    d3-dispatch x 4,583,059 ops/sec ±2.83% (11 runs sampled)
    dripEmitterEnhanced x 2,612,383 ops/sec ±3.62% (11 runs sampled)
    event-signal x 1,549,080 ops/sec ±3.12% (11 runs sampled)
    signal-emitter x 1,538,243 ops/sec ±5.84% (11 runs sampled)
    RXJS x 1,350,415 ops/sec ±7.79% (10 runs sampled)
    namespace-emitter x 1,243,084 ops/sec ±2.77% (11 runs sampled)
    minivents x 743,147 ops/sec ±24.29% (10 runs sampled)
    JS-Signals x 467,856 ops/sec ±18.65% (10 runs sampled)

*Fastest is __MicroSignals__*


1..56
# tests 56
# pass  56

# ok




TAP version 13
# emit one value - two listeners
ok 1 Theoretical max runs without error
ok 2 Theoretical max called handle once
ok 3 Theoretical max called handle2 once
ok 4 EventEmitter runs without error
ok 5 EventEmitter called handle once
ok 6 EventEmitter called handle2 once
ok 7 EventEmitter2 runs without error
ok 8 EventEmitter2 called handle once
ok 9 EventEmitter2 called handle2 once
ok 10 EventEmitter3 runs without error
ok 11 EventEmitter3 called handle once
ok 12 EventEmitter3 called handle2 once
ok 13 dripEmitter runs without error
ok 14 dripEmitter called handle once
ok 15 dripEmitter called handle2 once
ok 16 push-stream-patch runs without error
ok 17 push-stream-patch called handle once
ok 18 push-stream-patch called handle2 once
ok 19 push-stream runs without error
ok 20 push-stream called handle once
ok 21 push-stream called handle2 once
ok 22 dripEmitterEnhanced runs without error
ok 23 dripEmitterEnhanced called handle once
ok 24 dripEmitterEnhanced called handle2 once
ok 25 d3-dispatch runs without error
ok 26 d3-dispatch called handle once
ok 27 d3-dispatch called handle2 once
ok 28 namespace-emitter runs without error
ok 29 namespace-emitter called handle once
ok 30 namespace-emitter called handle2 once
ok 31 ReactiveProperty runs without error
ok 32 ReactiveProperty called handle once
ok 33 ReactiveProperty called handle2 once
ok 34 observable runs without error
ok 35 observable called handle once
ok 36 observable called handle2 once
ok 37 observ runs without error
ok 38 observ called handle once
ok 39 observ called handle2 once
ok 40 RXJS runs without error
ok 41 RXJS called handle once
ok 42 RXJS called handle2 once
ok 43 JS-Signals runs without error
ok 44 JS-Signals called handle once
ok 45 JS-Signals called handle2 once
ok 46 MiniSignals runs without error
ok 47 MiniSignals called handle once
ok 48 MiniSignals called handle2 once
ok 49 MicroSignals runs without error
ok 50 MicroSignals called handle once
ok 51 MicroSignals called handle2 once
ok 52 signal-emitter runs without error
ok 53 signal-emitter called handle once
ok 54 signal-emitter called handle2 once
ok 55 event-signal runs without error
ok 56 event-signal called handle once
ok 57 event-signal called handle2 once
ok 58 signal-lite runs without error
ok 59 signal-lite called handle once
ok 60 signal-lite called handle2 once
ok 61 minivents runs without error
ok 62 minivents called handle once
ok 63 minivents called handle2 once
ok 64 pull-notify runs without error
ok 65 pull-notify called handle once
ok 66 pull-notify called handle2 once
ok 67 xstream runs without error
ok 68 xstream called handle once
ok 69 xstream called handle2 once
ok 70 waddup runs without error
ok 71 waddup called handle once
ok 72 waddup called handle2 once
ok 73 evee runs without error
ok 74 evee called handle once
ok 75 evee called handle2 once
ok 76 sister runs without error
ok 77 sister called handle once
ok 78 sister called handle2 once

    MicroSignals x 18,414,000 ops/sec ±3.73% (11 runs sampled)
    MiniSignals x 18,263,318 ops/sec ±4.40% (11 runs sampled)
    Theoretical max x 19,237,486 ops/sec ±11.42% (11 runs sampled) *burn in*
    sister x 17,653,549 ops/sec ±4.93% (11 runs sampled)
    push-stream x 15,137,886 ops/sec ±2.21% (11 runs sampled)
    push-stream-patch x 14,028,418 ops/sec ±4.91% (11 runs sampled)
    signal-lite x 14,305,809 ops/sec ±8.70% (11 runs sampled)
    dripEmitter x 13,324,398 ops/sec ±4.49% (10 runs sampled)
    EventEmitter3 x 12,706,204 ops/sec ±2.74% (11 runs sampled)
    ReactiveProperty x 12,854,971 ops/sec ±4.22% (11 runs sampled)
    xstream x 10,537,391 ops/sec ±12.16% (10 runs sampled)
    evee x 9,607,912 ops/sec ±17.09% (11 runs sampled)
    observ x 6,487,708 ops/sec ±1.85% (11 runs sampled)
    waddup x 4,299,641 ops/sec ±10.62% (11 runs sampled)
    observable x 3,777,480 ops/sec ±5.28% (11 runs sampled)
    dripEmitterEnhanced x 2,404,889 ops/sec ±2.92% (11 runs sampled)
    pull-notify x 2,676,479 ops/sec ±20.87% (10 runs sampled)
    d3-dispatch x 2,232,963 ops/sec ±3.81% (11 runs sampled)
    signal-emitter x 1,630,566 ops/sec ±3.77% (11 runs sampled)
    RXJS x 1,289,778 ops/sec ±3.13% (11 runs sampled)
    event-signal x 1,261,550 ops/sec ±5.16% (11 runs sampled)
    EventEmitter2 x 1,126,190 ops/sec ±4.63% (11 runs sampled)
    namespace-emitter x 947,857 ops/sec ±6.49% (11 runs sampled)
    JS-Signals x 573,858 ops/sec ±3.51% (11 runs sampled)
    EventEmitter x 568,002 ops/sec ±3.45% (11 runs sampled)
    minivents x 545,393 ops/sec ±14.14% (11 runs sampled)

*Fastest is __MicroSignals, MiniSignals, sister__*


1..78
# tests 78
# pass  78

# ok




TAP version 13
# emit one value - with context
ok 1 Theoretical max runs without error
ok 2 Theoretical max called handle one time
ok 3 Theoretical max called handle2 called one time
ok 4 EventEmitter runs without error
ok 5 EventEmitter called handle one time
ok 6 EventEmitter called handle2 called one time
ok 7 EventEmitter2 runs without error
ok 8 EventEmitter2 called handle one time
ok 9 EventEmitter2 called handle2 called one time
ok 10 EventEmitter3 runs without error
ok 11 EventEmitter3 called handle one time
ok 12 EventEmitter3 called handle2 called one time
ok 13 push-stream runs without error
ok 14 push-stream called handle one time
ok 15 push-stream called handle2 called one time
ok 16 dripEmitter runs without error
ok 17 dripEmitter called handle one time
ok 18 dripEmitter called handle2 called one time
ok 19 dripEmitterEnhanced runs without error
ok 20 dripEmitterEnhanced called handle one time
ok 21 dripEmitterEnhanced called handle2 called one time
ok 22 RXJS runs without error
ok 23 RXJS called handle one time
ok 24 RXJS called handle2 called one time
ok 25 ReactiveProperty runs without error
ok 26 ReactiveProperty called handle one time
ok 27 ReactiveProperty called handle2 called one time
ok 28 JS-Signals runs without error
ok 29 JS-Signals called handle one time
ok 30 JS-Signals called handle2 called one time
ok 31 MiniSignals runs without error
ok 32 MiniSignals called handle one time
ok 33 MiniSignals called handle2 called one time
ok 34 MicroSignals runs without error
ok 35 MicroSignals called handle one time
ok 36 MicroSignals called handle2 called one time
ok 37 signal-emitter runs without error
ok 38 signal-emitter called handle one time
ok 39 signal-emitter called handle2 called one time
ok 40 event-signal runs without error
ok 41 event-signal called handle one time
ok 42 event-signal called handle2 called one time
ok 43 signal-lite runs without error
ok 44 signal-lite called handle one time
ok 45 signal-lite called handle2 called one time
ok 46 pull-notify runs without error
ok 47 pull-notify called handle one time
ok 48 pull-notify called handle2 called one time
ok 49 evee runs without error
ok 50 evee called handle one time
ok 51 evee called handle2 called one time
ok 52 sister runs without error
ok 53 sister called handle one time
ok 54 sister called handle2 called one time
ok 55 mobx runs without error
ok 56 mobx called handle one time
ok 57 mobx called handle2 called one time

    Theoretical max x 23,802,132 ops/sec ±7.85% (11 runs sampled) *burn in*
    sister x 19,284,906 ops/sec ±3.16% (11 runs sampled)
    MicroSignals x 17,348,077 ops/sec ±4.94% (11 runs sampled)
    push-stream x 14,759,490 ops/sec ±4.15% (11 runs sampled)
    MiniSignals x 16,330,090 ops/sec ±17.71% (11 runs sampled)
    ReactiveProperty x 14,208,719 ops/sec ±2.56% (11 runs sampled)
    EventEmitter3 x 13,829,896 ops/sec ±4.63% (11 runs sampled)
    dripEmitter x 13,127,735 ops/sec ±4.18% (11 runs sampled)
    signal-lite x 13,405,057 ops/sec ±10.47% (11 runs sampled)
    evee x 8,814,908 ops/sec ±2.77% (11 runs sampled)
    pull-notify x 3,479,877 ops/sec ±2.73% (11 runs sampled)
    dripEmitterEnhanced x 2,374,168 ops/sec ±3.18% (11 runs sampled)
    signal-emitter x 1,610,837 ops/sec ±3.60% (11 runs sampled)
    event-signal x 1,197,674 ops/sec ±5.87% (10 runs sampled)
    EventEmitter2 x 1,170,921 ops/sec ±3.99% (11 runs sampled)
    RXJS x 1,150,658 ops/sec ±4.46% (11 runs sampled)
    mobx x 1,089,788 ops/sec ±5.00% (11 runs sampled)
    JS-Signals x 518,294 ops/sec ±3.19% (11 runs sampled)
    EventEmitter x 532,888 ops/sec ±17.12% (11 runs sampled)

*Fastest is __sister__*


1..57
# tests 57
# pass  57

# ok




TAP version 13
# emit variable number of values
ok 1 Theoretical max runs without error
ok 2 Theoretical max called handle four times
ok 3 Theoretical max called handle2 four times
ok 4 EventEmitter runs without error
ok 5 EventEmitter called handle four times
ok 6 EventEmitter called handle2 four times
ok 7 EventEmitter2 runs without error
ok 8 EventEmitter2 called handle four times
ok 9 EventEmitter2 called handle2 four times
ok 10 EventEmitter3 runs without error
ok 11 EventEmitter3 called handle four times
ok 12 EventEmitter3 called handle2 four times
ok 13 dripEmitterEnhanced runs without error
ok 14 dripEmitterEnhanced called handle four times
ok 15 dripEmitterEnhanced called handle2 four times
ok 16 JS-Signals runs without error
ok 17 JS-Signals called handle four times
ok 18 JS-Signals called handle2 four times
ok 19 MiniSignals runs without error
ok 20 MiniSignals called handle four times
ok 21 MiniSignals called handle2 four times
ok 22 signal-emitter runs without error
ok 23 signal-emitter called handle four times
ok 24 signal-emitter called handle2 four times
ok 25 signal-lite runs without error
ok 26 signal-lite called handle four times
ok 27 signal-lite called handle2 four times

    MiniSignals x 4,726,477 ops/sec ±2.17% (11 runs sampled)
    Theoretical max x 5,209,892 ops/sec ±14.48% (10 runs sampled) *burn in*
    signal-lite x 4,320,881 ops/sec ±2.42% (11 runs sampled)
    EventEmitter3 x 1,176,515 ops/sec ±2.70% (11 runs sampled)
    dripEmitterEnhanced x 450,718 ops/sec ±3.75% (11 runs sampled)
    signal-emitter x 326,385 ops/sec ±3.84% (11 runs sampled)
    EventEmitter2 x 221,467 ops/sec ±8.07% (11 runs sampled)
    EventEmitter x 130,412 ops/sec ±3.50% (10 runs sampled)
    JS-Signals x 128,135 ops/sec ±4.05% (11 runs sampled)

*Fastest is __MiniSignals__*


1..27
# tests 27
# pass  27

# ok




TAP version 13
# init
ok 1 Theoretical max runs without error
ok 2 Theoretical max constructed an object
ok 3 EventEmitter runs without error
ok 4 EventEmitter constructed an object
ok 5 EventEmitter2 runs without error
ok 6 EventEmitter2 constructed an object
ok 7 EventEmitter3 runs without error
ok 8 EventEmitter3 constructed an object
ok 9 push-stream runs without error
ok 10 push-stream constructed an object
ok 11 DripEmitter runs without error
ok 12 DripEmitter constructed an object
ok 13 DripEmitterEnhanced runs without error
ok 14 DripEmitterEnhanced constructed an object
ok 15 ReactiveProperty runs without error
ok 16 ReactiveProperty constructed an object
ok 17 JS-Signals runs without error
ok 18 JS-Signals constructed an object
ok 19 MiniSignals runs without error
ok 20 MiniSignals constructed an object
ok 21 EventDispatcher runs without error
ok 22 EventDispatcher constructed an object
ok 23 pull-notify runs without error
ok 24 pull-notify constructed an object

    DripEmitter x 50,850,592 ops/sec ±4.77% (11 runs sampled)
    EventEmitter3 x 47,513,076 ops/sec ±6.16% (11 runs sampled)
    EventDispatcher x 46,410,891 ops/sec ±4.03% (10 runs sampled)
    EventEmitter x 34,146,330 ops/sec ±3.63% (11 runs sampled)
    MiniSignals x 33,148,090 ops/sec ±5.59% (11 runs sampled)
    EventEmitter2 x 30,306,833 ops/sec ±5.65% (11 runs sampled)
    Theoretical max x 32,549,185 ops/sec ±39.67% (10 runs sampled) *burn in*
    DripEmitterEnhanced x 21,509,565 ops/sec ±4.23% (11 runs sampled)
    push-stream x 15,275,132 ops/sec ±3.31% (11 runs sampled)
    JS-Signals x 1,883,104 ops/sec ±25.71% (10 runs sampled)
    ReactiveProperty x 1,122,917 ops/sec ±23.03% (10 runs sampled)
    pull-notify x 950,651 ops/sec ±15.75% (10 runs sampled)

*Fastest is __DripEmitter, EventEmitter3__*


1..24
# tests 24
# pass  24

# ok


