
TAP version 13
# Platform
ok 1 should be truthy
Node.js 6.3.1 on Darwin 64-bit
NODE_ENV = production
BENCH = undefined

1..1
# tests 1
# pass  1

# ok



TAP version 13
# add and remove
ok 1 EventEmitter runs without error
ok 2 EventEmitter never called handle
ok 3 EventEmitter2 runs without error
ok 4 EventEmitter2 never called handle
ok 5 EventEmitter3 runs without error
ok 6 EventEmitter3 never called handle
ok 7 dripEmitter runs without error
ok 8 dripEmitter never called handle
ok 9 pushStream runs without error
ok 10 pushStream never called handle
ok 11 dripEmitterEnhanced runs without error
ok 12 dripEmitterEnhanced never called handle
ok 13 ReactiveProperty runs without error
ok 14 ReactiveProperty never called handle
ok 15 JS-Signals runs without error
ok 16 JS-Signals never called handle
ok 17 MiniSignals runs without error
ok 18 MiniSignals never called handle
ok 19 EventDispatcher runs without error
ok 20 EventDispatcher never called handle

    dripEmitter x 29,717,517 ops/sec ±3.22% (17 runs sampled)
    MiniSignals x 14,922,019 ops/sec ±16.87% (15 runs sampled)
    EventDispatcher x 5,210,900 ops/sec ±3.24% (16 runs sampled)
    ReactiveProperty x 5,283,830 ops/sec ±7.68% (16 runs sampled)
    pushStream x 3,759,969 ops/sec ±2.53% (17 runs sampled)
    EventEmitter x 3,905,038 ops/sec ±9.60% (15 runs sampled)
    EventEmitter3 x 1,571,119 ops/sec ±4.32% (17 runs sampled)
    EventEmitter2 x 1,161,836 ops/sec ±4.34% (16 runs sampled)
    JS-Signals x 855,787 ops/sec ±2.53% (18 runs sampled)
    dripEmitterEnhanced x 596,425 ops/sec ±6.38% (17 runs sampled)

*Fastest is __dripEmitter__*


1..20
# tests 20
# pass  20

# ok



TAP version 13
# emit one array
ok 1 Theoretical max runs without error
ok 2 Theoretical max called handle three times
ok 3 Theoretical max called handle2 three times
ok 4 EventEmitter runs without error
ok 5 EventEmitter called handle three times
ok 6 EventEmitter called handle2 three times
ok 7 EventEmitter2 runs without error
ok 8 EventEmitter2 called handle three times
ok 9 EventEmitter2 called handle2 three times
ok 10 EventEmitter3 runs without error
ok 11 EventEmitter3 called handle three times
ok 12 EventEmitter3 called handle2 three times
ok 13 push-stream runs without error
ok 14 push-stream called handle three times
ok 15 push-stream called handle2 three times
ok 16 dripEmitter runs without error
ok 17 dripEmitter called handle three times
ok 18 dripEmitter called handle2 three times
ok 19 dripEmitterEnhanced runs without error
ok 20 dripEmitterEnhanced called handle three times
ok 21 dripEmitterEnhanced called handle2 three times
ok 22 RXJS runs without error
ok 23 RXJS called handle three times
ok 24 RXJS called handle2 three times
ok 25 ReactiveProperty runs without error
ok 26 ReactiveProperty called handle three times
ok 27 ReactiveProperty called handle2 three times
ok 28 JS-Signals runs without error
ok 29 JS-Signals called handle three times
ok 30 JS-Signals called handle2 three times
ok 31 MiniSignals runs without error
ok 32 MiniSignals called handle three times
ok 33 MiniSignals called handle2 three times
ok 34 MicroSignals runs without error
ok 35 MicroSignals called handle three times
ok 36 MicroSignals called handle2 three times
ok 37 signal-emitter runs without error
ok 38 signal-emitter called handle three times
ok 39 signal-emitter called handle2 three times
ok 40 event-signal runs without error
ok 41 event-signal called handle three times
ok 42 event-signal called handle2 three times
ok 43 signal-lite runs without error
ok 44 signal-lite called handle three times
ok 45 signal-lite called handle2 three times
ok 46 pull-notify runs without error
ok 47 pull-notify called handle three times
ok 48 pull-notify called handle2 three times
ok 49 evee runs without error
ok 50 evee called handle three times
ok 51 evee called handle2 three times
ok 52 sister runs without error
ok 53 sister called handle three times
ok 54 sister called handle2 three times

    Theoretical max x 13,453,678 ops/sec ±2.50% (17 runs sampled) *burn in*
    sister x 7,669,582 ops/sec ±2.85% (18 runs sampled)
    MicroSignals x 6,904,666 ops/sec ±1.76% (16 runs sampled)
    push-stream x 6,206,390 ops/sec ±3.30% (17 runs sampled)
    MiniSignals x 6,333,780 ops/sec ±6.11% (17 runs sampled)
    dripEmitter x 5,473,044 ops/sec ±4.17% (16 runs sampled)
    EventEmitter3 x 5,171,984 ops/sec ±3.57% (17 runs sampled)
    signal-lite x 5,330,338 ops/sec ±10.22% (13 runs sampled)
    ReactiveProperty x 4,193,850 ops/sec ±9.13% (17 runs sampled)
    EventEmitter x 3,648,598 ops/sec ±2.55% (18 runs sampled)
    evee x 2,259,000 ops/sec ±8.63% (16 runs sampled)
    event-signal x 1,779,575 ops/sec ±5.83% (16 runs sampled)
    EventEmitter2 x 1,617,645 ops/sec ±8.42% (16 runs sampled)
    RXJS x 1,374,428 ops/sec ±4.92% (17 runs sampled)
    pull-notify x 1,162,793 ops/sec ±4.70% (16 runs sampled)
    dripEmitterEnhanced x 660,822 ops/sec ±3.54% (18 runs sampled)
    signal-emitter x 227,753 ops/sec ±3.94% (16 runs sampled)
    JS-Signals x 174,405 ops/sec ±4.42% (17 runs sampled)

*Fastest is __sister__*


1..54
# tests 54
# pass  54

# ok



TAP version 13
# emit many values - two listeners
ok 1 Theoretical max runs without error
ok 2 Theoretical max called handle once
ok 3 Theoretical max called handle2 once
ok 4 EventEmitter runs without error
ok 5 EventEmitter called handle once
ok 6 EventEmitter called handle2 once
ok 7 EventEmitter2 runs without error
ok 8 EventEmitter2 called handle once
ok 9 EventEmitter2 called handle2 once
ok 10 EventEmitter3 runs without error
ok 11 EventEmitter3 called handle once
ok 12 EventEmitter3 called handle2 once
ok 13 dripEmitterEnhanced runs without error
ok 14 dripEmitterEnhanced called handle once
ok 15 dripEmitterEnhanced called handle2 once
ok 16 JS-Signals runs without error
ok 17 JS-Signals called handle once
ok 18 JS-Signals called handle2 once
ok 19 MiniSignals runs without error
ok 20 MiniSignals called handle once
ok 21 MiniSignals called handle2 once
ok 22 signal-emitter runs without error
ok 23 signal-emitter called handle once
ok 24 signal-emitter called handle2 once
ok 25 signal-lite runs without error
ok 26 signal-lite called handle once
ok 27 signal-lite called handle2 once
ok 28 minivents runs without error
ok 29 minivents called handle once
ok 30 minivents called handle2 once

    Theoretical max x 30,017,112 ops/sec ±3.68% (16 runs sampled) *burn in*
    MiniSignals x 15,455,570 ops/sec ±10.64% (16 runs sampled)
    signal-lite x 13,475,794 ops/sec ±6.42% (16 runs sampled)
    EventEmitter3 x 731,602 ops/sec ±3.52% (16 runs sampled)
    EventEmitter x 725,259 ops/sec ±3.11% (17 runs sampled)
    EventEmitter2 x 709,373 ops/sec ±3.96% (17 runs sampled)
    dripEmitterEnhanced x 542,823 ops/sec ±3.71% (17 runs sampled)
    signal-emitter x 378,314 ops/sec ±3.23% (16 runs sampled)
    JS-Signals x 220,574 ops/sec ±3.71% (18 runs sampled)
    minivents x 105,534 ops/sec ±4.43% (17 runs sampled)

*Fastest is __MiniSignals__*


1..30
# tests 30
# pass  30

# ok



TAP version 13
# emit one object - one listener
ok 1 Theoretical max runs without error
ok 2 Theoretical max called handle three times
ok 3 EventEmitter runs without error
ok 4 EventEmitter called handle three times
ok 5 EventEmitter2 runs without error
ok 6 EventEmitter2 called handle three times
ok 7 EventEmitter3 runs without error
ok 8 EventEmitter3 called handle three times
ok 9 push-stream runs without error
ok 10 push-stream called handle three times
ok 11 mini-pipe runs without error
ok 12 mini-pipe called handle three times
ok 13 dripEmitter runs without error
ok 14 dripEmitter called handle three times
ok 15 dripEmitterEnhanced runs without error
ok 16 dripEmitterEnhanced called handle three times
ok 17 RXJS runs without error
ok 18 RXJS called handle three times
ok 19 ReactiveProperty runs without error
ok 20 ReactiveProperty called handle three times
ok 21 JS-Signals runs without error
ok 22 JS-Signals called handle three times
ok 23 MiniSignals runs without error
ok 24 MiniSignals called handle three times
ok 25 MicroSignals runs without error
ok 26 MicroSignals called handle three times
ok 27 signal-emitter runs without error
ok 28 signal-emitter called handle three times
ok 29 event-signal runs without error
ok 30 event-signal called handle three times
ok 31 signal-lite runs without error
ok 32 signal-lite called handle three times
ok 33 EventDispatcher runs without error
ok 34 EventDispatcher called handle three times
ok 35 pull-notify runs without error
ok 36 pull-notify called handle three times
ok 37 pull-pushable runs without error
ok 38 pull-pushable called handle three times
ok 39 xstream runs without error
ok 40 xstream called handle three times
ok 41 evee runs without error
ok 42 evee called handle three times
ok 43 sister runs without error
ok 44 sister called handle three times

    Theoretical max x 9,901,489 ops/sec ±5.38% (16 runs sampled) *burn in*
    MicroSignals x 10,131,974 ops/sec ±9.68% (17 runs sampled)
    MiniSignals x 9,230,348 ops/sec ±9.03% (18 runs sampled)
    mini-pipe x 8,844,699 ops/sec ±9.82% (16 runs sampled)
    signal-lite x 7,817,600 ops/sec ±9.20% (17 runs sampled)
    push-stream x 7,024,746 ops/sec ±10.33% (16 runs sampled)
    xstream x 6,207,688 ops/sec ±12.91% (16 runs sampled)
    sister x 5,885,105 ops/sec ±7.33% (16 runs sampled)
    ReactiveProperty x 5,950,536 ops/sec ±13.91% (16 runs sampled)
    dripEmitter x 5,620,818 ops/sec ±14.37% (14 runs sampled)
    EventEmitter2 x 5,129,039 ops/sec ±18.42% (17 runs sampled)
    EventEmitter3 x 4,498,938 ops/sec ±15.75% (16 runs sampled)
    EventEmitter x 3,993,183 ops/sec ±8.24% (16 runs sampled)
    EventDispatcher x 2,916,260 ops/sec ±8.79% (17 runs sampled)
    evee x 2,763,292 ops/sec ±9.63% (17 runs sampled)
    pull-pushable x 2,228,797 ops/sec ±4.75% (17 runs sampled)
    pull-notify x 2,076,015 ops/sec ±13.21% (15 runs sampled)
    event-signal x 1,726,022 ops/sec ±8.34% (16 runs sampled)
    RXJS x 1,590,904 ops/sec ±7.55% (16 runs sampled)
    dripEmitterEnhanced x 648,150 ops/sec ±4.85% (17 runs sampled)
    JS-Signals x 251,142 ops/sec ±5.82% (17 runs sampled)
    signal-emitter x 169,705 ops/sec ±16.44% (13 runs sampled)

*Fastest is __MicroSignals__*


1..44
# tests 44
# pass  44

# ok



TAP version 13
# emit one object - two listeners
ok 1 Theoretical max runs without error
ok 2 Theoretical max called handle three times
ok 3 Theoretical max called handle2 three times
ok 4 EventEmitter runs without error
ok 5 EventEmitter called handle three times
ok 6 EventEmitter called handle2 three times
ok 7 EventEmitter2 runs without error
ok 8 EventEmitter2 called handle three times
ok 9 EventEmitter2 called handle2 three times
ok 10 EventEmitter3 runs without error
ok 11 EventEmitter3 called handle three times
ok 12 EventEmitter3 called handle2 three times
ok 13 push-stream runs without error
ok 14 push-stream called handle three times
ok 15 push-stream called handle2 three times
ok 16 dripEmitter runs without error
ok 17 dripEmitter called handle three times
ok 18 dripEmitter called handle2 three times
ok 19 dripEmitterEnhanced runs without error
ok 20 dripEmitterEnhanced called handle three times
ok 21 dripEmitterEnhanced called handle2 three times
ok 22 RXJS runs without error
ok 23 RXJS called handle three times
ok 24 RXJS called handle2 three times
ok 25 ReactiveProperty runs without error
ok 26 ReactiveProperty called handle three times
ok 27 ReactiveProperty called handle2 three times
ok 28 JS-Signals runs without error
ok 29 JS-Signals called handle three times
ok 30 JS-Signals called handle2 three times
ok 31 MiniSignals runs without error
ok 32 MiniSignals called handle three times
ok 33 MiniSignals called handle2 three times
ok 34 MicroSignals runs without error
ok 35 MicroSignals called handle three times
ok 36 MicroSignals called handle2 three times
ok 37 signal-emitter runs without error
ok 38 signal-emitter called handle three times
ok 39 signal-emitter called handle2 three times
ok 40 event-signal runs without error
ok 41 event-signal called handle three times
ok 42 event-signal called handle2 three times
ok 43 signal-lite runs without error
ok 44 signal-lite called handle three times
ok 45 signal-lite called handle2 three times
ok 46 EventDispatcher runs without error
ok 47 EventDispatcher called handle three times
ok 48 EventDispatcher called handle2 three times
ok 49 pull-notify runs without error
ok 50 pull-notify called handle three times
ok 51 pull-notify called handle2 three times
ok 52 xstream runs without error
ok 53 xstream called handle three times
ok 54 xstream called handle2 three times
ok 55 evee runs without error
ok 56 evee called handle three times
ok 57 evee called handle2 three times
ok 58 sister runs without error
ok 59 sister called handle three times
ok 60 sister called handle2 three times

    Theoretical max x 7,606,284 ops/sec ±3.84% (16 runs sampled) *burn in*
    MiniSignals x 5,401,228 ops/sec ±2.87% (18 runs sampled)
    MicroSignals x 5,173,774 ops/sec ±4.04% (17 runs sampled)
    signal-lite x 5,116,036 ops/sec ±2.95% (17 runs sampled)
    ReactiveProperty x 4,702,933 ops/sec ±2.97% (17 runs sampled)
    EventEmitter3 x 4,089,682 ops/sec ±2.68% (17 runs sampled)
    push-stream x 4,391,581 ops/sec ±11.11% (16 runs sampled)
    sister x 4,178,264 ops/sec ±9.37% (16 runs sampled)
    dripEmitter x 3,970,579 ops/sec ±4.94% (16 runs sampled)
    xstream x 3,290,491 ops/sec ±4.25% (17 runs sampled)
    EventEmitter x 2,738,087 ops/sec ±11.98% (17 runs sampled)
    EventDispatcher x 2,450,764 ops/sec ±3.79% (17 runs sampled)
    evee x 1,977,649 ops/sec ±2.47% (18 runs sampled)
    event-signal x 1,785,680 ops/sec ±4.10% (16 runs sampled)
    RXJS x 1,350,020 ops/sec ±6.23% (16 runs sampled)
    EventEmitter2 x 1,422,142 ops/sec ±12.95% (17 runs sampled)
    pull-notify x 988,687 ops/sec ±3.92% (17 runs sampled)
    dripEmitterEnhanced x 650,186 ops/sec ±4.13% (16 runs sampled)
    signal-emitter x 258,363 ops/sec ±2.76% (18 runs sampled)
    JS-Signals x 181,011 ops/sec ±4.87% (17 runs sampled)

*Fastest is __MiniSignals, MicroSignals__*


1..60
# tests 60
# pass  60

# ok



TAP version 13
# emit one random value - one listener
ok 1 Theoretical max runs without error
ok 2 Theoretical max called handle once
ok 3 EventEmitter runs without error
ok 4 EventEmitter called handle once
ok 5 EventEmitter2 runs without error
ok 6 EventEmitter2 called handle once
ok 7 EventEmitter3 runs without error
ok 8 EventEmitter3 called handle once
ok 9 dripEmitter runs without error
ok 10 dripEmitter called handle once
ok 11 barracks runs without error
ok 12 barracks called handle once
ok 13 push-stream runs without error
ok 14 push-stream called handle once
ok 15 push-stream-patch runs without error
ok 16 push-stream-patch called handle once
ok 17 mini-pipe runs without error
ok 18 mini-pipe called handle once
ok 19 dripEmitterEnhanced runs without error
ok 20 dripEmitterEnhanced called handle once
ok 21 d3-dispatch runs without error
ok 22 d3-dispatch called handle once
ok 23 namespace-emitter runs without error
ok 24 namespace-emitter called handle once
ok 25 ReactiveProperty runs without error
ok 26 ReactiveProperty called handle once
ok 27 observable runs without error
ok 28 observable called handle once
ok 29 observ runs without error
ok 30 observ called handle once
ok 31 RXJS runs without error
ok 32 RXJS called handle once
ok 33 JS-Signals runs without error
ok 34 JS-Signals called handle once
ok 35 MiniSignals runs without error
ok 36 MiniSignals called handle once
ok 37 MicroSignals runs without error
ok 38 MicroSignals called handle once
ok 39 signal-emitter runs without error
ok 40 signal-emitter called handle once
ok 41 event-signal runs without error
ok 42 event-signal called handle once
ok 43 signal-lite runs without error
ok 44 signal-lite called handle once
ok 45 minivents runs without error
ok 46 minivents called handle once
ok 47 pull-notify runs without error
ok 48 pull-notify called handle once
ok 49 pull-pushable runs without error
ok 50 pull-pushable called handle once
ok 51 xstream runs without error
ok 52 xstream called handle once
ok 53 evee runs without error
ok 54 evee called handle once

    Theoretical max x 28,677,172 ops/sec ±9.57% (15 runs sampled) *burn in*
    xstream x 27,174,139 ops/sec ±4.81% (17 runs sampled)
    MiniSignals x 23,406,581 ops/sec ±2.92% (16 runs sampled)
    signal-lite x 21,600,282 ops/sec ±5.30% (17 runs sampled)
    MicroSignals x 21,707,313 ops/sec ±10.56% (16 runs sampled)
    mini-pipe x 20,735,544 ops/sec ±10.64% (15 runs sampled)
    push-stream-patch x 18,707,678 ops/sec ±5.79% (16 runs sampled)
    dripEmitter x 18,479,424 ops/sec ±5.55% (16 runs sampled)
    EventEmitter3 x 17,910,291 ops/sec ±4.99% (17 runs sampled)
    push-stream x 16,793,900 ops/sec ±3.69% (17 runs sampled)
    EventEmitter2 x 17,265,494 ops/sec ±20.05% (17 runs sampled)
    ReactiveProperty x 15,235,476 ops/sec ±7.36% (17 runs sampled)
    EventEmitter x 12,917,851 ops/sec ±2.55% (17 runs sampled)
    evee x 9,914,152 ops/sec ±3.63% (16 runs sampled)
    observ x 8,975,983 ops/sec ±9.88% (16 runs sampled)
    pull-pushable x 6,666,957 ops/sec ±9.98% (15 runs sampled)
    event-signal x 6,113,887 ops/sec ±4.87% (17 runs sampled)
    pull-notify x 6,223,436 ops/sec ±8.70% (17 runs sampled)
    RXJS x 5,443,520 ops/sec ±2.87% (16 runs sampled)
    barracks x 4,443,751 ops/sec ±4.57% (17 runs sampled)
    d3-dispatch x 3,001,996 ops/sec ±7.94% (17 runs sampled)
    dripEmitterEnhanced x 2,029,776 ops/sec ±10.22% (17 runs sampled)
    minivents x 830,172 ops/sec ±2.95% (17 runs sampled)
    JS-Signals x 740,624 ops/sec ±2.79% (16 runs sampled)
    signal-emitter x 654,870 ops/sec ±6.47% (16 runs sampled)
    namespace-emitter x 632,147 ops/sec ±10.76% (16 runs sampled)
    observable x 565,062 ops/sec ±4.70% (16 runs sampled)

*Fastest is __xstream__*


1..54
# tests 54
# pass  54

# ok



TAP version 13
# emit one random value - two listeners
ok 1 Theoretical max runs without error
ok 2 Theoretical max called handle once
ok 3 Theoretical max called handle2 once
ok 4 EventEmitter runs without error
ok 5 EventEmitter called handle once
ok 6 EventEmitter called handle2 once
ok 7 EventEmitter2 runs without error
ok 8 EventEmitter2 called handle once
ok 9 EventEmitter2 called handle2 once
ok 10 EventEmitter3 runs without error
ok 11 EventEmitter3 called handle once
ok 12 EventEmitter3 called handle2 once
ok 13 dripEmitter runs without error
ok 14 dripEmitter called handle once
ok 15 dripEmitter called handle2 once
ok 16 push-stream-patch runs without error
ok 17 push-stream-patch called handle once
ok 18 push-stream-patch called handle2 once
ok 19 push-stream runs without error
ok 20 push-stream called handle once
ok 21 push-stream called handle2 once
ok 22 dripEmitterEnhanced runs without error
ok 23 dripEmitterEnhanced called handle once
ok 24 dripEmitterEnhanced called handle2 once
ok 25 d3-dispatch runs without error
ok 26 d3-dispatch called handle once
ok 27 d3-dispatch called handle2 once
ok 28 namespace-emitter runs without error
ok 29 namespace-emitter called handle once
ok 30 namespace-emitter called handle2 once
ok 31 ReactiveProperty runs without error
ok 32 ReactiveProperty called handle once
ok 33 ReactiveProperty called handle2 once
ok 34 observable runs without error
ok 35 observable called handle once
ok 36 observable called handle2 once
ok 37 observ runs without error
ok 38 observ called handle once
ok 39 observ called handle2 once
ok 40 RXJS runs without error
ok 41 RXJS called handle once
ok 42 RXJS called handle2 once
ok 43 JS-Signals runs without error
ok 44 JS-Signals called handle once
ok 45 JS-Signals called handle2 once
ok 46 MiniSignals runs without error
ok 47 MiniSignals called handle once
ok 48 MiniSignals called handle2 once
ok 49 MicroSignals runs without error
ok 50 MicroSignals called handle once
ok 51 MicroSignals called handle2 once
ok 52 signal-emitter runs without error
ok 53 signal-emitter called handle once
ok 54 signal-emitter called handle2 once
ok 55 event-signal runs without error
ok 56 event-signal called handle once
ok 57 event-signal called handle2 once
ok 58 signal-lite runs without error
ok 59 signal-lite called handle once
ok 60 signal-lite called handle2 once
ok 61 minivents runs without error
ok 62 minivents called handle once
ok 63 minivents called handle2 once
ok 64 pull-notify runs without error
ok 65 pull-notify called handle once
ok 66 pull-notify called handle2 once
ok 67 xstream runs without error
ok 68 xstream called handle once
ok 69 xstream called handle2 once
ok 70 waddup runs without error
ok 71 waddup called handle once
ok 72 waddup called handle2 once
ok 73 evee runs without error
ok 74 evee called handle once
ok 75 evee called handle2 once

    Theoretical max x 18,264,125 ops/sec ±2.30% (18 runs sampled) *burn in*
    MicroSignals x 16,247,002 ops/sec ±10.35% (18 runs sampled)
    signal-lite x 14,958,037 ops/sec ±4.15% (17 runs sampled)
    MiniSignals x 14,260,176 ops/sec ±6.63% (16 runs sampled)
    push-stream-patch x 13,789,617 ops/sec ±4.60% (16 runs sampled)
    xstream x 12,950,790 ops/sec ±3.32% (17 runs sampled)
    push-stream x 13,602,847 ops/sec ±8.77% (18 runs sampled)
    EventEmitter3 x 12,185,186 ops/sec ±3.39% (17 runs sampled)
    dripEmitter x 12,741,310 ops/sec ±8.71% (17 runs sampled)
    ReactiveProperty x 11,530,676 ops/sec ±5.28% (17 runs sampled)
    EventEmitter x 9,015,903 ops/sec ±3.68% (16 runs sampled)
    evee x 6,226,180 ops/sec ±7.84% (18 runs sampled)
    observ x 5,442,058 ops/sec ±2.99% (17 runs sampled)
    event-signal x 4,981,464 ops/sec ±10.11% (15 runs sampled)
    EventEmitter2 x 4,422,225 ops/sec ±9.93% (16 runs sampled)
    RXJS x 3,489,860 ops/sec ±1.92% (17 runs sampled)
    pull-notify x 3,043,073 ops/sec ±5.06% (17 runs sampled)
    waddup x 2,563,290 ops/sec ±3.77% (17 runs sampled)
    dripEmitterEnhanced x 1,929,909 ops/sec ±4.87% (17 runs sampled)
    d3-dispatch x 1,700,112 ops/sec ±4.04% (17 runs sampled)
    signal-emitter x 741,017 ops/sec ±3.48% (16 runs sampled)
    JS-Signals x 563,619 ops/sec ±6.26% (17 runs sampled)
    namespace-emitter x 509,439 ops/sec ±5.30% (16 runs sampled)
    observable x 471,498 ops/sec ±5.65% (17 runs sampled)
    minivents x 484,296 ops/sec ±10.35% (17 runs sampled)

*Fastest is __MicroSignals__*


1..75
# tests 75
# pass  75

# ok



TAP version 13
# emit one value - bound function
ok 1 Theoretical max runs without error
ok 2 Theoretical max called handle one time
ok 3 Theoretical max called handle2 one time
ok 4 EventEmitter runs without error
ok 5 EventEmitter called handle one time
ok 6 EventEmitter called handle2 one time
ok 7 EventEmitter2 runs without error
ok 8 EventEmitter2 called handle one time
ok 9 EventEmitter2 called handle2 one time
ok 10 EventEmitter3 runs without error
ok 11 EventEmitter3 called handle one time
ok 12 EventEmitter3 called handle2 one time
ok 13 push-stream runs without error
ok 14 push-stream called handle one time
ok 15 push-stream called handle2 one time
ok 16 dripEmitter runs without error
ok 17 dripEmitter called handle one time
ok 18 dripEmitter called handle2 one time
ok 19 dripEmitterEnhanced runs without error
ok 20 dripEmitterEnhanced called handle one time
ok 21 dripEmitterEnhanced called handle2 one time
ok 22 RXJS runs without error
ok 23 RXJS called handle one time
ok 24 RXJS called handle2 one time
ok 25 ReactiveProperty runs without error
ok 26 ReactiveProperty called handle one time
ok 27 ReactiveProperty called handle2 one time
ok 28 JS-Signals runs without error
ok 29 JS-Signals called handle one time
ok 30 JS-Signals called handle2 one time
ok 31 MiniSignals runs without error
ok 32 MiniSignals called handle one time
ok 33 MiniSignals called handle2 one time
ok 34 MicroSignals runs without error
ok 35 MicroSignals called handle one time
ok 36 MicroSignals called handle2 one time
ok 37 signal-emitter runs without error
ok 38 signal-emitter called handle one time
ok 39 signal-emitter called handle2 one time
ok 40 event-signal runs without error
ok 41 event-signal called handle one time
ok 42 event-signal called handle2 one time
ok 43 signal-lite runs without error
ok 44 signal-lite called handle one time
ok 45 signal-lite called handle2 one time
ok 46 pull-notify runs without error
ok 47 pull-notify called handle one time
ok 48 pull-notify called handle2 one time
ok 49 xstream runs without error
ok 50 xstream called handle one time
ok 51 xstream called handle2 one time
ok 52 evee runs without error
ok 53 evee called handle one time
ok 54 evee called handle2 one time

    Theoretical max x 28,679,762 ops/sec ±9.44% (16 runs sampled) *burn in*
    MicroSignals x 17,704,332 ops/sec ±4.68% (17 runs sampled)
    push-stream x 15,003,847 ops/sec ±3.82% (16 runs sampled)
    xstream x 13,534,586 ops/sec ±9.27% (17 runs sampled)
    dripEmitter x 12,354,666 ops/sec ±2.36% (16 runs sampled)
    EventEmitter3 x 11,924,982 ops/sec ±6.71% (17 runs sampled)
    ReactiveProperty x 12,002,373 ops/sec ±9.96% (17 runs sampled)
    EventEmitter x 9,417,147 ops/sec ±3.70% (18 runs sampled)
    MiniSignals x 7,053,554 ops/sec ±4.37% (17 runs sampled)
    signal-lite x 5,764,153 ops/sec ±9.36% (17 runs sampled)
    event-signal x 5,374,941 ops/sec ±5.26% (16 runs sampled)
    EventEmitter2 x 4,857,284 ops/sec ±3.14% (16 runs sampled)
    pull-notify x 3,568,758 ops/sec ±4.81% (18 runs sampled)
    RXJS x 3,496,806 ops/sec ±14.80% (17 runs sampled)
    evee x 1,719,223 ops/sec ±5.47% (17 runs sampled)
    dripEmitterEnhanced x 1,669,636 ops/sec ±4.32% (17 runs sampled)
    signal-emitter x 727,424 ops/sec ±4.00% (17 runs sampled)
    JS-Signals x 571,029 ops/sec ±5.84% (17 runs sampled)

*Fastest is __MicroSignals__*


1..54
# tests 54
# pass  54

# ok



TAP version 13
# emit one value - many listeners
ok 1 Theoretical max runs without error
ok 2 Theoretical max called handles N times
ok 3 EventEmitter runs without error
ok 4 EventEmitter called handles N times
ok 5 EventEmitter2 runs without error
ok 6 EventEmitter2 called handles N times
ok 7 EventEmitter3 runs without error
ok 8 EventEmitter3 called handles N times
ok 9 push-stream runs without error
ok 10 push-stream called handles N times
ok 11 dripEmitter runs without error
ok 12 dripEmitter called handles N times
ok 13 dripEmitterEnhanced runs without error
ok 14 dripEmitterEnhanced called handles N times
ok 15 RXJS runs without error
ok 16 RXJS called handles N times
ok 17 ReactiveProperty runs without error
ok 18 ReactiveProperty called handles N times
ok 19 JS-Signals runs without error
ok 20 JS-Signals called handles N times
ok 21 MiniSignals runs without error
ok 22 MiniSignals called handles N times
ok 23 MicroSignal runs without error
ok 24 MicroSignal called handles N times
ok 25 signal-emitter runs without error
ok 26 signal-emitter called handles N times
ok 27 event-signal runs without error
ok 28 event-signal called handles N times
ok 29 signal-lite runs without error
ok 30 signal-lite called handles N times
ok 31 minivents runs without error
ok 32 minivents called handles N times
ok 33 pull-notify runs without error
ok 34 pull-notify called handles N times
ok 35 xstream runs without error
ok 36 xstream called handles N times
ok 37 evee runs without error
ok 38 evee called handles N times

    Theoretical max x 5,140,091 ops/sec ±2.22% (17 runs sampled) *burn in*
    MicroSignal x 4,890,461 ops/sec ±3.86% (18 runs sampled)
    MiniSignals x 4,852,217 ops/sec ±3.73% (18 runs sampled)
    push-stream x 4,449,766 ops/sec ±3.80% (17 runs sampled)
    signal-lite x 4,507,407 ops/sec ±5.35% (17 runs sampled)
    dripEmitter x 4,417,330 ops/sec ±5.34% (17 runs sampled)
    xstream x 4,131,268 ops/sec ±3.00% (17 runs sampled)
    EventEmitter3 x 3,723,939 ops/sec ±7.15% (17 runs sampled)
    EventEmitter x 3,626,631 ops/sec ±5.17% (15 runs sampled)
    ReactiveProperty x 3,683,753 ops/sec ±9.33% (17 runs sampled)
    event-signal x 2,777,318 ops/sec ±10.19% (15 runs sampled)
    EventEmitter2 x 2,473,745 ops/sec ±4.34% (17 runs sampled)
    evee x 1,687,973 ops/sec ±3.38% (17 runs sampled)
    RXJS x 1,610,331 ops/sec ±3.07% (18 runs sampled)
    dripEmitterEnhanced x 1,415,436 ops/sec ±4.25% (16 runs sampled)
    pull-notify x 781,443 ops/sec ±5.11% (16 runs sampled)
    signal-emitter x 635,202 ops/sec ±4.66% (16 runs sampled)
    JS-Signals x 284,703 ops/sec ±3.08% (17 runs sampled)
    minivents x 104,845 ops/sec ±2.83% (17 runs sampled)

*Fastest is __MicroSignal, MiniSignals__*


1..38
# tests 38
# pass  38

# ok



TAP version 13
# emit one value - one listener
ok 1 Theoretical max runs without error
ok 2 Theoretical max called handle once
ok 3 EventEmitter runs without error
ok 4 EventEmitter called handle once
ok 5 EventEmitter2 runs without error
ok 6 EventEmitter2 called handle once
ok 7 EventEmitter3 runs without error
ok 8 EventEmitter3 called handle once
ok 9 dripEmitter runs without error
ok 10 dripEmitter called handle once
ok 11 barracks runs without error
ok 12 barracks called handle once
ok 13 push-stream runs without error
ok 14 push-stream called handle once
ok 15 push-stream-patch runs without error
ok 16 push-stream-patch called handle once
ok 17 mini-pipe runs without error
ok 18 mini-pipe called handle once
ok 19 dripEmitterEnhanced runs without error
ok 20 dripEmitterEnhanced called handle once
ok 21 d3-dispatch runs without error
ok 22 d3-dispatch called handle once
ok 23 namespace-emitter runs without error
ok 24 namespace-emitter called handle once
ok 25 ReactiveProperty runs without error
ok 26 ReactiveProperty called handle once
ok 27 observable runs without error
ok 28 observable called handle once
ok 29 observ runs without error
ok 30 observ called handle once
ok 31 RXJS runs without error
ok 32 RXJS called handle once
ok 33 JS-Signals runs without error
ok 34 JS-Signals called handle once
ok 35 MiniSignals runs without error
ok 36 MiniSignals called handle once
ok 37 MicroSignals runs without error
ok 38 MicroSignals called handle once
ok 39 signal-emitter runs without error
ok 40 signal-emitter called handle once
ok 41 event-signal runs without error
ok 42 event-signal called handle once
ok 43 signal-lite runs without error
ok 44 signal-lite called handle once
ok 45 minivents runs without error
ok 46 minivents called handle once
ok 47 pull-notify runs without error
ok 48 pull-notify called handle once
ok 49 pull-pushable runs without error
ok 50 pull-pushable called handle once
ok 51 xstream runs without error
ok 52 xstream called handle once
ok 53 evee runs without error
ok 54 evee called handle once
ok 55 sister runs without error
ok 56 sister called handle once

    Theoretical max x 42,776,512 ops/sec ±4.07% (17 runs sampled) *burn in*
    xstream x 33,660,619 ops/sec ±5.51% (17 runs sampled)
    MicroSignals x 31,640,734 ops/sec ±4.51% (17 runs sampled)
    sister x 27,851,357 ops/sec ±5.21% (17 runs sampled)
    MiniSignals x 27,167,245 ops/sec ±4.52% (17 runs sampled)
    mini-pipe x 25,287,381 ops/sec ±5.44% (16 runs sampled)
    signal-lite x 23,014,705 ops/sec ±4.13% (18 runs sampled)
    EventEmitter2 x 22,925,025 ops/sec ±4.10% (17 runs sampled)
    EventEmitter3 x 22,445,820 ops/sec ±3.70% (16 runs sampled)
    dripEmitter x 22,148,943 ops/sec ±3.96% (16 runs sampled)
    push-stream x 20,149,057 ops/sec ±2.84% (17 runs sampled)
    ReactiveProperty x 19,361,720 ops/sec ±3.00% (16 runs sampled)
    push-stream-patch x 19,754,307 ops/sec ±5.25% (17 runs sampled)
    EventEmitter x 14,505,366 ops/sec ±8.80% (16 runs sampled)
    evee x 11,315,095 ops/sec ±4.19% (17 runs sampled)
    observ x 10,911,994 ops/sec ±4.27% (15 runs sampled)
    pull-pushable x 7,274,546 ops/sec ±10.61% (15 runs sampled)
    pull-notify x 7,255,801 ops/sec ±12.84% (18 runs sampled)
    event-signal x 6,182,139 ops/sec ±3.02% (17 runs sampled)
    RXJS x 5,670,037 ops/sec ±4.14% (17 runs sampled)
    barracks x 4,897,156 ops/sec ±3.70% (17 runs sampled)
    d3-dispatch x 3,310,675 ops/sec ±5.89% (17 runs sampled)
    dripEmitterEnhanced x 1,869,308 ops/sec ±10.16% (17 runs sampled)
    JS-Signals x 696,544 ops/sec ±4.39% (17 runs sampled)
    minivents x 679,953 ops/sec ±8.79% (16 runs sampled)
    namespace-emitter x 632,181 ops/sec ±7.41% (16 runs sampled)
    signal-emitter x 582,530 ops/sec ±10.66% (16 runs sampled)
    observable x 508,715 ops/sec ±10.46% (16 runs sampled)

*Fastest is __xstream, MicroSignals__*


1..56
# tests 56
# pass  56

# ok



TAP version 13
# emit one value - two listeners
ok 1 Theoretical max runs without error
ok 2 Theoretical max called handle once
ok 3 Theoretical max called handle2 once
ok 4 EventEmitter runs without error
ok 5 EventEmitter called handle once
ok 6 EventEmitter called handle2 once
ok 7 EventEmitter2 runs without error
ok 8 EventEmitter2 called handle once
ok 9 EventEmitter2 called handle2 once
ok 10 EventEmitter3 runs without error
ok 11 EventEmitter3 called handle once
ok 12 EventEmitter3 called handle2 once
ok 13 dripEmitter runs without error
ok 14 dripEmitter called handle once
ok 15 dripEmitter called handle2 once
ok 16 push-stream-patch runs without error
ok 17 push-stream-patch called handle once
ok 18 push-stream-patch called handle2 once
ok 19 push-stream runs without error
ok 20 push-stream called handle once
ok 21 push-stream called handle2 once
ok 22 dripEmitterEnhanced runs without error
ok 23 dripEmitterEnhanced called handle once
ok 24 dripEmitterEnhanced called handle2 once
ok 25 d3-dispatch runs without error
ok 26 d3-dispatch called handle once
ok 27 d3-dispatch called handle2 once
ok 28 namespace-emitter runs without error
ok 29 namespace-emitter called handle once
ok 30 namespace-emitter called handle2 once
ok 31 ReactiveProperty runs without error
ok 32 ReactiveProperty called handle once
ok 33 ReactiveProperty called handle2 once
ok 34 observable runs without error
ok 35 observable called handle once
ok 36 observable called handle2 once
ok 37 observ runs without error
ok 38 observ called handle once
ok 39 observ called handle2 once
ok 40 RXJS runs without error
ok 41 RXJS called handle once
ok 42 RXJS called handle2 once
ok 43 JS-Signals runs without error
ok 44 JS-Signals called handle once
ok 45 JS-Signals called handle2 once
ok 46 MiniSignals runs without error
ok 47 MiniSignals called handle once
ok 48 MiniSignals called handle2 once
ok 49 MicroSignals runs without error
ok 50 MicroSignals called handle once
ok 51 MicroSignals called handle2 once
ok 52 signal-emitter runs without error
ok 53 signal-emitter called handle once
ok 54 signal-emitter called handle2 once
ok 55 event-signal runs without error
ok 56 event-signal called handle once
ok 57 event-signal called handle2 once
ok 58 signal-lite runs without error
ok 59 signal-lite called handle once
ok 60 signal-lite called handle2 once
ok 61 minivents runs without error
ok 62 minivents called handle once
ok 63 minivents called handle2 once
ok 64 pull-notify runs without error
ok 65 pull-notify called handle once
ok 66 pull-notify called handle2 once
ok 67 xstream runs without error
ok 68 xstream called handle once
ok 69 xstream called handle2 once
ok 70 waddup runs without error
ok 71 waddup called handle once
ok 72 waddup called handle2 once
ok 73 evee runs without error
ok 74 evee called handle once
ok 75 evee called handle2 once
ok 76 sister runs without error
ok 77 sister called handle once
ok 78 sister called handle2 once

    Theoretical max x 24,816,672 ops/sec ±4.65% (17 runs sampled) *burn in*
    MicroSignals x 18,416,183 ops/sec ±4.79% (16 runs sampled)
    MiniSignals x 17,763,363 ops/sec ±3.99% (17 runs sampled)
    sister x 17,965,905 ops/sec ±10.25% (16 runs sampled)
    push-stream-patch x 15,465,545 ops/sec ±4.03% (17 runs sampled)
    push-stream x 15,104,310 ops/sec ±2.70% (16 runs sampled)
    xstream x 13,937,345 ops/sec ±4.74% (17 runs sampled)
    dripEmitter x 13,646,739 ops/sec ±4.86% (17 runs sampled)
    ReactiveProperty x 13,260,189 ops/sec ±3.91% (17 runs sampled)
    EventEmitter3 x 13,065,582 ops/sec ±3.70% (17 runs sampled)
    signal-lite x 11,928,079 ops/sec ±11.74% (15 runs sampled)
    EventEmitter x 8,832,166 ops/sec ±11.11% (16 runs sampled)
    evee x 6,736,397 ops/sec ±3.46% (17 runs sampled)
    observ x 5,698,289 ops/sec ±11.58% (16 runs sampled)
    EventEmitter2 x 4,854,133 ops/sec ±3.81% (17 runs sampled)
    RXJS x 3,813,434 ops/sec ±5.63% (16 runs sampled)
    event-signal x 3,759,889 ops/sec ±16.08% (14 runs sampled)
    pull-notify x 2,996,734 ops/sec ±4.19% (17 runs sampled)
    waddup x 2,564,338 ops/sec ±3.99% (17 runs sampled)
    dripEmitterEnhanced x 1,896,946 ops/sec ±4.95% (17 runs sampled)
    d3-dispatch x 1,710,462 ops/sec ±11.22% (16 runs sampled)
    signal-emitter x 692,372 ops/sec ±4.51% (16 runs sampled)
    JS-Signals x 621,472 ops/sec ±5.34% (16 runs sampled)
    namespace-emitter x 471,155 ops/sec ±5.90% (16 runs sampled)
    observable x 469,282 ops/sec ±7.80% (17 runs sampled)
    minivents x 426,181 ops/sec ±9.98% (17 runs sampled)

*Fastest is __MicroSignals, MiniSignals, sister__*


1..78
# tests 78
# pass  78

# ok



TAP version 13
# emit one value - with context
ok 1 Theoretical max runs without error
ok 2 Theoretical max called handle one time
ok 3 Theoretical max called handle2 called one time
ok 4 EventEmitter runs without error
ok 5 EventEmitter called handle one time
ok 6 EventEmitter called handle2 called one time
ok 7 EventEmitter2 runs without error
ok 8 EventEmitter2 called handle one time
ok 9 EventEmitter2 called handle2 called one time
ok 10 EventEmitter3 runs without error
ok 11 EventEmitter3 called handle one time
ok 12 EventEmitter3 called handle2 called one time
ok 13 push-stream runs without error
ok 14 push-stream called handle one time
ok 15 push-stream called handle2 called one time
ok 16 dripEmitter runs without error
ok 17 dripEmitter called handle one time
ok 18 dripEmitter called handle2 called one time
ok 19 dripEmitterEnhanced runs without error
ok 20 dripEmitterEnhanced called handle one time
ok 21 dripEmitterEnhanced called handle2 called one time
ok 22 RXJS runs without error
ok 23 RXJS called handle one time
ok 24 RXJS called handle2 called one time
ok 25 ReactiveProperty runs without error
ok 26 ReactiveProperty called handle one time
ok 27 ReactiveProperty called handle2 called one time
ok 28 JS-Signals runs without error
ok 29 JS-Signals called handle one time
ok 30 JS-Signals called handle2 called one time
ok 31 MiniSignals runs without error
ok 32 MiniSignals called handle one time
ok 33 MiniSignals called handle2 called one time
ok 34 MicroSignals runs without error
ok 35 MicroSignals called handle one time
ok 36 MicroSignals called handle2 called one time
ok 37 signal-emitter runs without error
ok 38 signal-emitter called handle one time
ok 39 signal-emitter called handle2 called one time
ok 40 event-signal runs without error
ok 41 event-signal called handle one time
ok 42 event-signal called handle2 called one time
ok 43 signal-lite runs without error
ok 44 signal-lite called handle one time
ok 45 signal-lite called handle2 called one time
ok 46 pull-notify runs without error
ok 47 pull-notify called handle one time
ok 48 pull-notify called handle2 called one time
ok 49 evee runs without error
ok 50 evee called handle one time
ok 51 evee called handle2 called one time
ok 52 sister runs without error
ok 53 sister called handle one time
ok 54 sister called handle2 called one time

    Theoretical max x 27,823,082 ops/sec ±3.97% (17 runs sampled) *burn in*
    MiniSignals x 18,650,239 ops/sec ±3.87% (16 runs sampled)
    MicroSignals x 17,750,098 ops/sec ±3.66% (17 runs sampled)
    sister x 16,756,057 ops/sec ±6.42% (17 runs sampled)
    signal-lite x 16,340,324 ops/sec ±4.12% (18 runs sampled)
    push-stream x 15,196,303 ops/sec ±3.28% (17 runs sampled)
    EventEmitter3 x 14,639,994 ops/sec ±3.35% (18 runs sampled)
    ReactiveProperty x 14,497,190 ops/sec ±5.33% (17 runs sampled)
    dripEmitter x 13,175,955 ops/sec ±4.75% (18 runs sampled)
    EventEmitter x 9,288,105 ops/sec ±3.38% (15 runs sampled)
    event-signal x 5,572,927 ops/sec ±3.42% (17 runs sampled)
    EventEmitter2 x 4,960,338 ops/sec ±3.17% (17 runs sampled)
    RXJS x 4,333,688 ops/sec ±4.75% (17 runs sampled)
    pull-notify x 3,209,189 ops/sec ±9.36% (17 runs sampled)
    dripEmitterEnhanced x 1,960,693 ops/sec ±4.95% (15 runs sampled)
    evee x 1,517,260 ops/sec ±3.97% (17 runs sampled)
    signal-emitter x 743,378 ops/sec ±4.68% (17 runs sampled)
    JS-Signals x 453,617 ops/sec ±5.62% (16 runs sampled)

*Fastest is __MiniSignals, MicroSignals__*


1..54
# tests 54
# pass  54

# ok



TAP version 13
# emit variable number of values
ok 1 Theoretical max runs without error
ok 2 Theoretical max called handle four times
ok 3 Theoretical max called handle2 four times
ok 4 EventEmitter runs without error
ok 5 EventEmitter called handle four times
ok 6 EventEmitter called handle2 four times
ok 7 EventEmitter2 runs without error
ok 8 EventEmitter2 called handle four times
ok 9 EventEmitter2 called handle2 four times
ok 10 EventEmitter3 runs without error
ok 11 EventEmitter3 called handle four times
ok 12 EventEmitter3 called handle2 four times
ok 13 dripEmitterEnhanced runs without error
ok 14 dripEmitterEnhanced called handle four times
ok 15 dripEmitterEnhanced called handle2 four times
ok 16 JS-Signals runs without error
ok 17 JS-Signals called handle four times
ok 18 JS-Signals called handle2 four times
ok 19 MiniSignals runs without error
ok 20 MiniSignals called handle four times
ok 21 MiniSignals called handle2 four times
ok 22 signal-emitter runs without error
ok 23 signal-emitter called handle four times
ok 24 signal-emitter called handle2 four times
ok 25 signal-lite runs without error
ok 26 signal-lite called handle four times
ok 27 signal-lite called handle2 four times

    Theoretical max x 6,583,696 ops/sec ±4.58% (17 runs sampled) *burn in*
    MiniSignals x 4,745,853 ops/sec ±2.85% (18 runs sampled)
    signal-lite x 4,285,286 ops/sec ±3.24% (18 runs sampled)
    EventEmitter x 2,240,283 ops/sec ±3.87% (16 runs sampled)
    EventEmitter3 x 1,124,123 ops/sec ±3.53% (18 runs sampled)
    EventEmitter2 x 720,079 ops/sec ±2.71% (17 runs sampled)
    dripEmitterEnhanced x 391,925 ops/sec ±3.70% (17 runs sampled)
    signal-emitter x 157,266 ops/sec ±6.03% (16 runs sampled)
    JS-Signals x 145,859 ops/sec ±4.87% (18 runs sampled)

*Fastest is __MiniSignals__*


1..27
# tests 27
# pass  27

# ok



TAP version 13
# init
ok 1 Theoretical max runs without error
ok 2 Theoretical max constructed an object
ok 3 EventEmitter runs without error
ok 4 EventEmitter constructed an object
ok 5 EventEmitter2 runs without error
ok 6 EventEmitter2 constructed an object
ok 7 EventEmitter3 runs without error
ok 8 EventEmitter3 constructed an object
ok 9 push-stream runs without error
ok 10 push-stream constructed an object
ok 11 DripEmitter runs without error
ok 12 DripEmitter constructed an object
ok 13 DripEmitterEnhanced runs without error
ok 14 DripEmitterEnhanced constructed an object
ok 15 ReactiveProperty runs without error
ok 16 ReactiveProperty constructed an object
ok 17 JS-Signals runs without error
ok 18 JS-Signals constructed an object
ok 19 MiniSignals runs without error
ok 20 MiniSignals constructed an object
ok 21 EventDispatcher runs without error
ok 22 EventDispatcher constructed an object
ok 23 pull-notify runs without error
ok 24 pull-notify constructed an object

    EventEmitter3 x 49,519,190 ops/sec ±5.32% (17 runs sampled)
    EventDispatcher x 48,879,733 ops/sec ±4.83% (17 runs sampled)
    Theoretical max x 44,268,495 ops/sec ±18.56% (15 runs sampled) *burn in*
    DripEmitter x 43,221,672 ops/sec ±21.43% (17 runs sampled)
    MiniSignals x 34,627,688 ops/sec ±4.57% (17 runs sampled)
    EventEmitter2 x 31,833,518 ops/sec ±2.88% (18 runs sampled)
    EventEmitter x 26,064,811 ops/sec ±7.74% (16 runs sampled)
    DripEmitterEnhanced x 21,722,009 ops/sec ±4.95% (16 runs sampled)
    push-stream x 14,434,874 ops/sec ±3.84% (18 runs sampled)
    JS-Signals x 1,981,853 ops/sec ±9.69% (13 runs sampled)
    ReactiveProperty x 1,305,025 ops/sec ±12.21% (14 runs sampled)
    pull-notify x 973,411 ops/sec ±18.32% (12 runs sampled)

*Fastest is __EventEmitter3, EventDispatcher, DripEmitter__*


1..24
# tests 24
# pass  24

# ok


