
TAP version 13
# Platform
ok 1 should be truthy
Node.js 6.9.1 on Darwin 64-bit
NODE_ENV = production
BENCH = undefined

1..1
# tests 1
# pass  1

# ok



TAP version 13
# add and remove
ok 1 EventEmitter runs without error
ok 2 EventEmitter never called handle
ok 3 EventEmitter2 runs without error
ok 4 EventEmitter2 never called handle
ok 5 EventEmitter3 runs without error
ok 6 EventEmitter3 never called handle
ok 7 dripEmitter runs without error
ok 8 dripEmitter never called handle
ok 9 pushStream runs without error
ok 10 pushStream never called handle
ok 11 dripEmitterEnhanced runs without error
ok 12 dripEmitterEnhanced never called handle
ok 13 ReactiveProperty runs without error
ok 14 ReactiveProperty never called handle
ok 15 JS-Signals runs without error
ok 16 JS-Signals never called handle
ok 17 MiniSignals runs without error
ok 18 MiniSignals never called handle
ok 19 EventDispatcher runs without error
ok 20 EventDispatcher never called handle

    dripEmitter x 19,077,251 ops/sec ±12.71% (11 runs sampled)
    MiniSignals x 11,655,856 ops/sec ±4.87% (11 runs sampled)
    EventEmitter x 3,703,959 ops/sec ±12.94% (11 runs sampled)
    ReactiveProperty x 2,491,303 ops/sec ±3.45% (11 runs sampled)
    EventEmitter3 x 2,065,287 ops/sec ±4.54% (11 runs sampled)
    EventEmitter2 x 1,391,823 ops/sec ±7.26% (11 runs sampled)
    EventDispatcher x 607,716 ops/sec ±2.87% (11 runs sampled)
    pushStream x 464,748 ops/sec ±8.25% (11 runs sampled)
    dripEmitterEnhanced x 284,514 ops/sec ±4.34% (11 runs sampled)
    JS-Signals x 260,468 ops/sec ±3.67% (11 runs sampled)

*Fastest is __dripEmitter__*


1..20
# tests 20
# pass  20

# ok



TAP version 13
# emit one array
ok 1 Theoretical max runs without error
ok 2 Theoretical max called handle three times
ok 3 Theoretical max called handle2 three times
ok 4 EventEmitter runs without error
ok 5 EventEmitter called handle three times
ok 6 EventEmitter called handle2 three times
ok 7 EventEmitter2 runs without error
ok 8 EventEmitter2 called handle three times
ok 9 EventEmitter2 called handle2 three times
ok 10 EventEmitter3 runs without error
ok 11 EventEmitter3 called handle three times
ok 12 EventEmitter3 called handle2 three times
ok 13 push-stream runs without error
ok 14 push-stream called handle three times
ok 15 push-stream called handle2 three times
ok 16 dripEmitter runs without error
ok 17 dripEmitter called handle three times
ok 18 dripEmitter called handle2 three times
ok 19 dripEmitterEnhanced runs without error
ok 20 dripEmitterEnhanced called handle three times
ok 21 dripEmitterEnhanced called handle2 three times
ok 22 RXJS runs without error
ok 23 RXJS called handle three times
ok 24 RXJS called handle2 three times
ok 25 ReactiveProperty runs without error
ok 26 ReactiveProperty called handle three times
ok 27 ReactiveProperty called handle2 three times
ok 28 JS-Signals runs without error
ok 29 JS-Signals called handle three times
ok 30 JS-Signals called handle2 three times
ok 31 MiniSignals runs without error
ok 32 MiniSignals called handle three times
ok 33 MiniSignals called handle2 three times
ok 34 MicroSignals runs without error
ok 35 MicroSignals called handle three times
ok 36 MicroSignals called handle2 three times
ok 37 signal-emitter runs without error
ok 38 signal-emitter called handle three times
ok 39 signal-emitter called handle2 three times
ok 40 event-signal runs without error
ok 41 event-signal called handle three times
ok 42 event-signal called handle2 three times
ok 43 signal-lite runs without error
ok 44 signal-lite called handle three times
ok 45 signal-lite called handle2 three times
ok 46 pull-notify runs without error
ok 47 pull-notify called handle three times
ok 48 pull-notify called handle2 three times
ok 49 evee runs without error
ok 50 evee called handle three times
ok 51 evee called handle2 three times
ok 52 sister runs without error
ok 53 sister called handle three times
ok 54 sister called handle2 three times

    Theoretical max x 12,975,156 ops/sec ±5.24% (10 runs sampled) *burn in*
    MicroSignals x 7,317,373 ops/sec ±4.47% (11 runs sampled)
    signal-lite x 6,606,112 ops/sec ±4.56% (11 runs sampled)
    push-stream x 6,195,000 ops/sec ±3.89% (11 runs sampled)
    sister x 6,982,959 ops/sec ±18.11% (10 runs sampled)
    MiniSignals x 6,680,758 ops/sec ±14.07% (11 runs sampled)
    dripEmitter x 5,585,955 ops/sec ±4.41% (11 runs sampled)
    EventEmitter3 x 5,290,951 ops/sec ±3.50% (11 runs sampled)
    ReactiveProperty x 5,305,887 ops/sec ±4.25% (11 runs sampled)
    evee x 4,582,047 ops/sec ±4.87% (11 runs sampled)
    EventEmitter x 3,179,587 ops/sec ±10.88% (11 runs sampled)
    pull-notify x 1,195,533 ops/sec ±4.58% (11 runs sampled)
    dripEmitterEnhanced x 758,567 ops/sec ±2.90% (11 runs sampled)
    signal-emitter x 480,623 ops/sec ±5.84% (11 runs sampled)
    RXJS x 216,395 ops/sec ±2.28% (11 runs sampled)
    EventEmitter2 x 218,250 ops/sec ±3.37% (11 runs sampled)
    event-signal x 212,960 ops/sec ±8.05% (11 runs sampled)
    JS-Signals x 95,317 ops/sec ±5.58% (11 runs sampled)

*Fastest is __MicroSignals, sister, MiniSignals__*


1..54
# tests 54
# pass  54

# ok



TAP version 13
# emit many values - two listeners
ok 1 Theoretical max runs without error
ok 2 Theoretical max called handle once
ok 3 Theoretical max called handle2 once
ok 4 EventEmitter runs without error
ok 5 EventEmitter called handle once
ok 6 EventEmitter called handle2 once
ok 7 EventEmitter2 runs without error
ok 8 EventEmitter2 called handle once
ok 9 EventEmitter2 called handle2 once
ok 10 EventEmitter3 runs without error
ok 11 EventEmitter3 called handle once
ok 12 EventEmitter3 called handle2 once
ok 13 dripEmitterEnhanced runs without error
ok 14 dripEmitterEnhanced called handle once
ok 15 dripEmitterEnhanced called handle2 once
ok 16 JS-Signals runs without error
ok 17 JS-Signals called handle once
ok 18 JS-Signals called handle2 once
ok 19 MiniSignals runs without error
ok 20 MiniSignals called handle once
ok 21 MiniSignals called handle2 once
ok 22 signal-emitter runs without error
ok 23 signal-emitter called handle once
ok 24 signal-emitter called handle2 once
ok 25 signal-lite runs without error
ok 26 signal-lite called handle once
ok 27 signal-lite called handle2 once
ok 28 minivents runs without error
ok 29 minivents called handle once
ok 30 minivents called handle2 once

    Theoretical max x 29,222,826 ops/sec ±6.91% (11 runs sampled) *burn in*
    MiniSignals x 16,289,652 ops/sec ±3.62% (11 runs sampled)
    signal-lite x 15,624,058 ops/sec ±4.79% (11 runs sampled)
    EventEmitter x 866,080 ops/sec ±3.42% (11 runs sampled)
    EventEmitter3 x 884,113 ops/sec ±9.16% (11 runs sampled)
    dripEmitterEnhanced x 630,025 ops/sec ±10.63% (11 runs sampled)
    signal-emitter x 515,733 ops/sec ±16.36% (11 runs sampled)
    EventEmitter2 x 350,331 ops/sec ±6.94% (11 runs sampled)
    JS-Signals x 107,501 ops/sec ±4.76% (11 runs sampled)
    minivents x 64,981 ops/sec ±4.75% (11 runs sampled)

*Fastest is __MiniSignals, signal-lite__*


1..30
# tests 30
# pass  30

# ok



TAP version 13
# emit one object - one listener
ok 1 Theoretical max runs without error
ok 2 Theoretical max called handle three times
ok 3 EventEmitter runs without error
ok 4 EventEmitter called handle three times
ok 5 EventEmitter2 runs without error
ok 6 EventEmitter2 called handle three times
ok 7 EventEmitter3 runs without error
ok 8 EventEmitter3 called handle three times
ok 9 push-stream runs without error
ok 10 push-stream called handle three times
ok 11 mini-pipe runs without error
ok 12 mini-pipe called handle three times
ok 13 dripEmitter runs without error
ok 14 dripEmitter called handle three times
ok 15 dripEmitterEnhanced runs without error
ok 16 dripEmitterEnhanced called handle three times
ok 17 RXJS runs without error
ok 18 RXJS called handle three times
ok 19 ReactiveProperty runs without error
ok 20 ReactiveProperty called handle three times
ok 21 JS-Signals runs without error
ok 22 JS-Signals called handle three times
ok 23 MiniSignals runs without error
ok 24 MiniSignals called handle three times
ok 25 MicroSignals runs without error
ok 26 MicroSignals called handle three times
ok 27 signal-emitter runs without error
ok 28 signal-emitter called handle three times
ok 29 event-signal runs without error
ok 30 event-signal called handle three times
ok 31 signal-lite runs without error
ok 32 signal-lite called handle three times
ok 33 EventDispatcher runs without error
ok 34 EventDispatcher called handle three times
ok 35 pull-notify runs without error
ok 36 pull-notify called handle three times
ok 37 pull-pushable runs without error
ok 38 pull-pushable called handle three times
ok 39 xstream runs without error
ok 40 xstream called handle three times
ok 41 evee runs without error
ok 42 evee called handle three times
ok 43 sister runs without error
ok 44 sister called handle three times
ok 45 mobx runs without error
ok 46 mobx called handle three times

    Theoretical max x 11,548,488 ops/sec ±3.12% (11 runs sampled) *burn in*
    MicroSignals x 9,963,915 ops/sec ±6.34% (11 runs sampled)
    MiniSignals x 8,726,570 ops/sec ±4.60% (11 runs sampled)
    signal-lite x 7,730,473 ops/sec ±5.64% (11 runs sampled)
    push-stream x 7,215,356 ops/sec ±2.75% (11 runs sampled)
    mini-pipe x 7,825,123 ops/sec ±15.48% (11 runs sampled)
    xstream x 6,975,849 ops/sec ±3.82% (11 runs sampled)
    dripEmitter x 6,668,334 ops/sec ±4.34% (11 runs sampled)
    sister x 6,302,777 ops/sec ±3.21% (10 runs sampled)
    EventEmitter2 x 6,461,779 ops/sec ±7.19% (11 runs sampled)
    EventEmitter3 x 5,949,377 ops/sec ±14.13% (11 runs sampled)
    ReactiveProperty x 5,693,308 ops/sec ±19.91% (11 runs sampled)
    EventEmitter x 4,876,331 ops/sec ±3.10% (11 runs sampled)
    evee x 4,261,827 ops/sec ±4.85% (11 runs sampled)
    EventDispatcher x 3,010,383 ops/sec ±2.68% (11 runs sampled)
    pull-pushable x 2,122,812 ops/sec ±5.48% (11 runs sampled)
    pull-notify x 1,916,533 ops/sec ±15.40% (10 runs sampled)
    dripEmitterEnhanced x 725,110 ops/sec ±15.26% (11 runs sampled)
    signal-emitter x 431,270 ops/sec ±15.89% (10 runs sampled)
    RXJS x 283,718 ops/sec ±7.27% (11 runs sampled)
    event-signal x 284,892 ops/sec ±15.52% (11 runs sampled)
    mobx x 260,325 ops/sec ±6.35% (11 runs sampled)
    JS-Signals x 115,624 ops/sec ±7.15% (11 runs sampled)

*Fastest is __MicroSignals__*


1..46
# tests 46
# pass  46

# ok



TAP version 13
# emit one object - two listeners
ok 1 Theoretical max runs without error
ok 2 Theoretical max called handle three times
ok 3 Theoretical max called handle2 three times
ok 4 EventEmitter runs without error
ok 5 EventEmitter called handle three times
ok 6 EventEmitter called handle2 three times
ok 7 EventEmitter2 runs without error
ok 8 EventEmitter2 called handle three times
ok 9 EventEmitter2 called handle2 three times
ok 10 EventEmitter3 runs without error
ok 11 EventEmitter3 called handle three times
ok 12 EventEmitter3 called handle2 three times
ok 13 push-stream runs without error
ok 14 push-stream called handle three times
ok 15 push-stream called handle2 three times
ok 16 dripEmitter runs without error
ok 17 dripEmitter called handle three times
ok 18 dripEmitter called handle2 three times
ok 19 dripEmitterEnhanced runs without error
ok 20 dripEmitterEnhanced called handle three times
ok 21 dripEmitterEnhanced called handle2 three times
ok 22 RXJS runs without error
ok 23 RXJS called handle three times
ok 24 RXJS called handle2 three times
ok 25 ReactiveProperty runs without error
ok 26 ReactiveProperty called handle three times
ok 27 ReactiveProperty called handle2 three times
ok 28 JS-Signals runs without error
ok 29 JS-Signals called handle three times
ok 30 JS-Signals called handle2 three times
ok 31 MiniSignals runs without error
ok 32 MiniSignals called handle three times
ok 33 MiniSignals called handle2 three times
ok 34 MicroSignals runs without error
ok 35 MicroSignals called handle three times
ok 36 MicroSignals called handle2 three times
ok 37 signal-emitter runs without error
ok 38 signal-emitter called handle three times
ok 39 signal-emitter called handle2 three times
ok 40 event-signal runs without error
ok 41 event-signal called handle three times
ok 42 event-signal called handle2 three times
ok 43 signal-lite runs without error
ok 44 signal-lite called handle three times
ok 45 signal-lite called handle2 three times
ok 46 EventDispatcher runs without error
ok 47 EventDispatcher called handle three times
ok 48 EventDispatcher called handle2 three times
ok 49 pull-notify runs without error
ok 50 pull-notify called handle three times
ok 51 pull-notify called handle2 three times
ok 52 xstream runs without error
ok 53 xstream called handle three times
ok 54 xstream called handle2 three times
ok 55 evee runs without error
ok 56 evee called handle three times
ok 57 evee called handle2 three times
ok 58 sister runs without error
ok 59 sister called handle three times
ok 60 sister called handle2 three times
ok 61 mobx runs without error
ok 62 mobx called handle three times
ok 63 mobx called handle2 three times

    Theoretical max x 7,343,420 ops/sec ±15.69% (11 runs sampled) *burn in*
    MicroSignals x 5,511,846 ops/sec ±1.78% (11 runs sampled)
    MiniSignals x 5,020,271 ops/sec ±13.54% (11 runs sampled)
    push-stream x 4,581,075 ops/sec ±4.07% (11 runs sampled)
    dripEmitter x 4,415,127 ops/sec ±3.08% (11 runs sampled)
    ReactiveProperty x 4,426,309 ops/sec ±3.61% (11 runs sampled)
    EventEmitter3 x 4,176,658 ops/sec ±3.95% (11 runs sampled)
    sister x 4,175,045 ops/sec ±6.74% (11 runs sampled)
    signal-lite x 4,508,399 ops/sec ±15.99% (11 runs sampled)
    xstream x 3,531,446 ops/sec ±4.22% (11 runs sampled)
    EventEmitter x 3,002,968 ops/sec ±7.06% (11 runs sampled)
    evee x 2,968,872 ops/sec ±6.73% (11 runs sampled)
    EventDispatcher x 2,288,979 ops/sec ±5.84% (11 runs sampled)
    pull-notify x 952,724 ops/sec ±9.84% (11 runs sampled)
    dripEmitterEnhanced x 679,426 ops/sec ±16.56% (10 runs sampled)
    signal-emitter x 436,372 ops/sec ±2.74% (11 runs sampled)
    RXJS x 210,346 ops/sec ±3.58% (11 runs sampled)
    mobx x 196,233 ops/sec ±3.85% (11 runs sampled)
    event-signal x 196,090 ops/sec ±7.88% (11 runs sampled)
    EventEmitter2 x 187,701 ops/sec ±15.45% (11 runs sampled)
    JS-Signals x 87,991 ops/sec ±7.10% (11 runs sampled)

*Fastest is __MicroSignals, MiniSignals__*


1..63
# tests 63
# pass  63

# ok



TAP version 13
# emit one random value - one listener
ok 1 Theoretical max runs without error
ok 2 Theoretical max called handle once
ok 3 EventEmitter runs without error
ok 4 EventEmitter called handle once
ok 5 EventEmitter2 runs without error
ok 6 EventEmitter2 called handle once
ok 7 EventEmitter3 runs without error
ok 8 EventEmitter3 called handle once
ok 9 dripEmitter runs without error
ok 10 dripEmitter called handle once
ok 11 barracks runs without error
ok 12 barracks called handle once
ok 13 push-stream runs without error
ok 14 push-stream called handle once
ok 15 push-stream-patch runs without error
ok 16 push-stream-patch called handle once
ok 17 mini-pipe runs without error
ok 18 mini-pipe called handle once
ok 19 dripEmitterEnhanced runs without error
ok 20 dripEmitterEnhanced called handle once
ok 21 d3-dispatch runs without error
ok 22 d3-dispatch called handle once
ok 23 namespace-emitter runs without error
ok 24 namespace-emitter called handle once
ok 25 ReactiveProperty runs without error
ok 26 ReactiveProperty called handle once
ok 27 observable runs without error
ok 28 observable called handle once
ok 29 observ runs without error
ok 30 observ called handle once
ok 31 RXJS runs without error
ok 32 RXJS called handle once
ok 33 JS-Signals runs without error
ok 34 JS-Signals called handle once
ok 35 MiniSignals runs without error
ok 36 MiniSignals called handle once
ok 37 MicroSignals runs without error
ok 38 MicroSignals called handle once
ok 39 signal-emitter runs without error
ok 40 signal-emitter called handle once
ok 41 event-signal runs without error
ok 42 event-signal called handle once
ok 43 signal-lite runs without error
ok 44 signal-lite called handle once
ok 45 minivents runs without error
ok 46 minivents called handle once
ok 47 pull-notify runs without error
ok 48 pull-notify called handle once
ok 49 pull-pushable runs without error
ok 50 pull-pushable called handle once
ok 51 xstream runs without error
ok 52 xstream called handle once
ok 53 evee runs without error
ok 54 evee called handle once
ok 55 mobx runs without error
ok 56 mobx called handle once

    Theoretical max x 28,401,726 ops/sec ±3.96% (11 runs sampled) *burn in*
    MicroSignals x 23,947,651 ops/sec ±3.12% (11 runs sampled)
    xstream x 24,383,275 ops/sec ±14.26% (11 runs sampled)
    MiniSignals x 22,051,857 ops/sec ±6.97% (11 runs sampled)
    mini-pipe x 22,463,155 ops/sec ±15.23% (11 runs sampled)
    push-stream x 18,684,177 ops/sec ±2.22% (11 runs sampled)
    EventEmitter3 x 18,565,018 ops/sec ±3.41% (11 runs sampled)
    push-stream-patch x 17,950,745 ops/sec ±17.43% (10 runs sampled)
    evee x 15,653,900 ops/sec ±3.11% (11 runs sampled)
    EventEmitter2 x 16,952,562 ops/sec ±19.78% (11 runs sampled)
    dripEmitter x 16,016,061 ops/sec ±18.66% (10 runs sampled)
    ReactiveProperty x 12,475,575 ops/sec ±14.21% (11 runs sampled)
    EventEmitter x 11,927,373 ops/sec ±9.82% (11 runs sampled)
    signal-lite x 13,874,300 ops/sec ±34.16% (11 runs sampled)
    observ x 8,390,544 ops/sec ±4.82% (11 runs sampled)
    pull-notify x 6,911,599 ops/sec ±4.85% (11 runs sampled)
    pull-pushable x 6,263,220 ops/sec ±9.73% (11 runs sampled)
    barracks x 4,402,900 ops/sec ±19.93% (11 runs sampled)
    d3-dispatch x 3,110,884 ops/sec ±20.26% (10 runs sampled)
    dripEmitterEnhanced x 1,715,426 ops/sec ±9.26% (11 runs sampled)
    signal-emitter x 1,297,016 ops/sec ±4.93% (11 runs sampled)
    event-signal x 799,309 ops/sec ±3.90% (11 runs sampled)
    RXJS x 739,267 ops/sec ±2.39% (11 runs sampled)
    mobx x 596,884 ops/sec ±5.59% (11 runs sampled)
    namespace-emitter x 497,394 ops/sec ±6.31% (11 runs sampled)
    observable x 526,385 ops/sec ±16.58% (11 runs sampled)
    minivents x 360,489 ops/sec ±3.81% (10 runs sampled)
    JS-Signals x 331,243 ops/sec ±3.61% (11 runs sampled)

*Fastest is __MicroSignals, xstream, mini-pipe__*


1..56
# tests 56
# pass  56

# ok



TAP version 13
# emit one random value - two listeners
ok 1 Theoretical max runs without error
ok 2 Theoretical max called handle once
ok 3 Theoretical max called handle2 once
ok 4 EventEmitter runs without error
ok 5 EventEmitter called handle once
ok 6 EventEmitter called handle2 once
ok 7 EventEmitter2 runs without error
ok 8 EventEmitter2 called handle once
ok 9 EventEmitter2 called handle2 once
ok 10 EventEmitter3 runs without error
ok 11 EventEmitter3 called handle once
ok 12 EventEmitter3 called handle2 once
ok 13 dripEmitter runs without error
ok 14 dripEmitter called handle once
ok 15 dripEmitter called handle2 once
ok 16 push-stream-patch runs without error
ok 17 push-stream-patch called handle once
ok 18 push-stream-patch called handle2 once
ok 19 push-stream runs without error
ok 20 push-stream called handle once
ok 21 push-stream called handle2 once
ok 22 dripEmitterEnhanced runs without error
ok 23 dripEmitterEnhanced called handle once
ok 24 dripEmitterEnhanced called handle2 once
ok 25 d3-dispatch runs without error
ok 26 d3-dispatch called handle once
ok 27 d3-dispatch called handle2 once
ok 28 namespace-emitter runs without error
ok 29 namespace-emitter called handle once
ok 30 namespace-emitter called handle2 once
ok 31 ReactiveProperty runs without error
ok 32 ReactiveProperty called handle once
ok 33 ReactiveProperty called handle2 once
ok 34 observable runs without error
ok 35 observable called handle once
ok 36 observable called handle2 once
ok 37 observ runs without error
ok 38 observ called handle once
ok 39 observ called handle2 once
ok 40 RXJS runs without error
ok 41 RXJS called handle once
ok 42 RXJS called handle2 once
ok 43 JS-Signals runs without error
ok 44 JS-Signals called handle once
ok 45 JS-Signals called handle2 once
ok 46 MiniSignals runs without error
ok 47 MiniSignals called handle once
ok 48 MiniSignals called handle2 once
ok 49 MicroSignals runs without error
ok 50 MicroSignals called handle once
ok 51 MicroSignals called handle2 once
ok 52 signal-emitter runs without error
ok 53 signal-emitter called handle once
ok 54 signal-emitter called handle2 once
ok 55 event-signal runs without error
ok 56 event-signal called handle once
ok 57 event-signal called handle2 once
ok 58 signal-lite runs without error
ok 59 signal-lite called handle once
ok 60 signal-lite called handle2 once
ok 61 minivents runs without error
ok 62 minivents called handle once
ok 63 minivents called handle2 once
ok 64 pull-notify runs without error
ok 65 pull-notify called handle once
ok 66 pull-notify called handle2 once
ok 67 xstream runs without error
ok 68 xstream called handle once
ok 69 xstream called handle2 once
ok 70 waddup runs without error
ok 71 waddup called handle once
ok 72 waddup called handle2 once
ok 73 evee runs without error
ok 74 evee called handle once
ok 75 evee called handle2 once

    Theoretical max x 17,301,993 ops/sec ±6.48% (11 runs sampled) *burn in*
    MicroSignals x 16,360,947 ops/sec ±3.49% (11 runs sampled)
    signal-lite x 14,293,841 ops/sec ±7.29% (11 runs sampled)
    MiniSignals x 14,130,022 ops/sec ±8.80% (11 runs sampled)
    dripEmitter x 12,809,184 ops/sec ±4.87% (11 runs sampled)
    push-stream x 12,248,128 ops/sec ±2.58% (11 runs sampled)
    EventEmitter3 x 12,022,089 ops/sec ±3.82% (11 runs sampled)
    push-stream-patch x 12,037,169 ops/sec ±4.83% (11 runs sampled)
    ReactiveProperty x 11,021,795 ops/sec ±3.71% (11 runs sampled)
    xstream x 11,806,803 ops/sec ±16.34% (11 runs sampled)
    evee x 10,421,757 ops/sec ±3.82% (11 runs sampled)
    EventEmitter x 8,686,934 ops/sec ±3.90% (10 runs sampled)
    observ x 5,465,586 ops/sec ±5.34% (11 runs sampled)
    pull-notify x 2,993,483 ops/sec ±6.99% (11 runs sampled)
    waddup x 2,557,245 ops/sec ±8.83% (11 runs sampled)
    dripEmitterEnhanced x 1,875,258 ops/sec ±3.23% (10 runs sampled)
    d3-dispatch x 1,871,265 ops/sec ±5.31% (11 runs sampled)
    signal-emitter x 1,390,736 ops/sec ±4.16% (11 runs sampled)
    event-signal x 612,205 ops/sec ±4.48% (11 runs sampled)
    observable x 620,000 ops/sec ±5.95% (11 runs sampled)
    EventEmitter2 x 593,387 ops/sec ±5.00% (11 runs sampled)
    RXJS x 528,680 ops/sec ±3.52% (11 runs sampled)
    namespace-emitter x 357,253 ops/sec ±8.49% (11 runs sampled)
    JS-Signals x 247,790 ops/sec ±2.63% (11 runs sampled)
    minivents x 232,009 ops/sec ±3.31% (11 runs sampled)

*Fastest is __MicroSignals__*


1..75
# tests 75
# pass  75

# ok



TAP version 13
# emit one value - bound function
ok 1 Theoretical max runs without error
ok 2 Theoretical max called handle one time
ok 3 Theoretical max called handle2 one time
ok 4 EventEmitter runs without error
ok 5 EventEmitter called handle one time
ok 6 EventEmitter called handle2 one time
ok 7 EventEmitter2 runs without error
ok 8 EventEmitter2 called handle one time
ok 9 EventEmitter2 called handle2 one time
ok 10 EventEmitter3 runs without error
ok 11 EventEmitter3 called handle one time
ok 12 EventEmitter3 called handle2 one time
ok 13 push-stream runs without error
ok 14 push-stream called handle one time
ok 15 push-stream called handle2 one time
ok 16 dripEmitter runs without error
ok 17 dripEmitter called handle one time
ok 18 dripEmitter called handle2 one time
ok 19 dripEmitterEnhanced runs without error
ok 20 dripEmitterEnhanced called handle one time
ok 21 dripEmitterEnhanced called handle2 one time
ok 22 RXJS runs without error
ok 23 RXJS called handle one time
ok 24 RXJS called handle2 one time
ok 25 ReactiveProperty runs without error
ok 26 ReactiveProperty called handle one time
ok 27 ReactiveProperty called handle2 one time
ok 28 JS-Signals runs without error
ok 29 JS-Signals called handle one time
ok 30 JS-Signals called handle2 one time
ok 31 MiniSignals runs without error
ok 32 MiniSignals called handle one time
ok 33 MiniSignals called handle2 one time
ok 34 MicroSignals runs without error
ok 35 MicroSignals called handle one time
ok 36 MicroSignals called handle2 one time
ok 37 signal-emitter runs without error
ok 38 signal-emitter called handle one time
ok 39 signal-emitter called handle2 one time
ok 40 event-signal runs without error
ok 41 event-signal called handle one time
ok 42 event-signal called handle2 one time
ok 43 signal-lite runs without error
ok 44 signal-lite called handle one time
ok 45 signal-lite called handle2 one time
ok 46 pull-notify runs without error
ok 47 pull-notify called handle one time
ok 48 pull-notify called handle2 one time
ok 49 xstream runs without error
ok 50 xstream called handle one time
ok 51 xstream called handle2 one time
ok 52 evee runs without error
ok 53 evee called handle one time
ok 54 evee called handle2 one time

    Theoretical max x 31,138,710 ops/sec ±4.02% (11 runs sampled) *burn in*
    MicroSignals x 17,050,184 ops/sec ±4.06% (11 runs sampled)
    ReactiveProperty x 14,692,857 ops/sec ±4.55% (11 runs sampled)
    xstream x 14,609,269 ops/sec ±5.13% (10 runs sampled)
    push-stream x 13,421,468 ops/sec ±4.48% (11 runs sampled)
    EventEmitter3 x 11,734,495 ops/sec ±4.99% (11 runs sampled)
    EventEmitter x 9,028,869 ops/sec ±5.95% (11 runs sampled)
    dripEmitter x 9,451,992 ops/sec ±12.26% (11 runs sampled)
    MiniSignals x 7,871,683 ops/sec ±8.19% (11 runs sampled)
    signal-lite x 6,105,338 ops/sec ±2.93% (11 runs sampled)
    pull-notify x 3,495,670 ops/sec ±4.17% (11 runs sampled)
    evee x 2,237,316 ops/sec ±2.62% (11 runs sampled)
    dripEmitterEnhanced x 1,735,800 ops/sec ±18.76% (11 runs sampled)
    signal-emitter x 1,239,706 ops/sec ±4.00% (11 runs sampled)
    RXJS x 580,195 ops/sec ±3.42% (11 runs sampled)
    EventEmitter2 x 573,640 ops/sec ±5.00% (11 runs sampled)
    event-signal x 534,277 ops/sec ±5.99% (11 runs sampled)
    JS-Signals x 265,851 ops/sec ±7.66% (11 runs sampled)

*Fastest is __MicroSignals__*


1..54
# tests 54
# pass  54

# ok



TAP version 13
# emit one value - many listeners
ok 1 Theoretical max runs without error
ok 2 Theoretical max called handles N times
ok 3 EventEmitter runs without error
ok 4 EventEmitter called handles N times
ok 5 EventEmitter2 runs without error
ok 6 EventEmitter2 called handles N times
ok 7 EventEmitter3 runs without error
ok 8 EventEmitter3 called handles N times
ok 9 push-stream runs without error
ok 10 push-stream called handles N times
ok 11 dripEmitter runs without error
ok 12 dripEmitter called handles N times
ok 13 dripEmitterEnhanced runs without error
ok 14 dripEmitterEnhanced called handles N times
ok 15 RXJS runs without error
ok 16 RXJS called handles N times
ok 17 ReactiveProperty runs without error
ok 18 ReactiveProperty called handles N times
ok 19 JS-Signals runs without error
ok 20 JS-Signals called handles N times
ok 21 MiniSignals runs without error
ok 22 MiniSignals called handles N times
ok 23 MicroSignal runs without error
ok 24 MicroSignal called handles N times
ok 25 signal-emitter runs without error
ok 26 signal-emitter called handles N times
ok 27 event-signal runs without error
ok 28 event-signal called handles N times
ok 29 signal-lite runs without error
ok 30 signal-lite called handles N times
ok 31 minivents runs without error
ok 32 minivents called handles N times
ok 33 pull-notify runs without error
ok 34 pull-notify called handles N times
ok 35 xstream runs without error
ok 36 xstream called handles N times
ok 37 evee runs without error
ok 38 evee called handles N times
ok 39 mobx runs without error
ok 40 mobx called handles N times

    Theoretical max x 5,364,323 ops/sec ±3.74% (11 runs sampled) *burn in*
    MicroSignal x 4,829,208 ops/sec ±5.52% (11 runs sampled)
    signal-lite x 4,683,450 ops/sec ±4.69% (11 runs sampled)
    push-stream x 4,629,201 ops/sec ±5.10% (11 runs sampled)
    dripEmitter x 4,484,452 ops/sec ±3.82% (11 runs sampled)
    EventEmitter3 x 4,251,259 ops/sec ±4.69% (11 runs sampled)
    MiniSignals x 4,592,623 ops/sec ±13.86% (10 runs sampled)
    xstream x 4,176,647 ops/sec ±3.86% (11 runs sampled)
    ReactiveProperty x 4,066,445 ops/sec ±2.57% (11 runs sampled)
    EventEmitter x 3,792,287 ops/sec ±4.37% (11 runs sampled)
    evee x 3,011,179 ops/sec ±4.11% (11 runs sampled)
    dripEmitterEnhanced x 1,618,338 ops/sec ±2.14% (11 runs sampled)
    signal-emitter x 1,150,322 ops/sec ±3.16% (11 runs sampled)
    pull-notify x 754,171 ops/sec ±7.05% (11 runs sampled)
    EventEmitter2 x 209,077 ops/sec ±4.26% (11 runs sampled)
    event-signal x 201,069 ops/sec ±7.05% (11 runs sampled)
    mobx x 193,846 ops/sec ±4.44% (11 runs sampled)
    RXJS x 193,066 ops/sec ±4.12% (11 runs sampled)
    JS-Signals x 120,396 ops/sec ±6.17% (11 runs sampled)
    minivents x 57,911 ops/sec ±5.88% (10 runs sampled)

*Fastest is __MicroSignal, signal-lite, push-stream, MiniSignals__*


1..40
# tests 40
# pass  40

# ok



TAP version 13
# emit one value - one listener
ok 1 Theoretical max runs without error
ok 2 Theoretical max called handle once
ok 3 EventEmitter runs without error
ok 4 EventEmitter called handle once
ok 5 EventEmitter2 runs without error
ok 6 EventEmitter2 called handle once
ok 7 EventEmitter3 runs without error
ok 8 EventEmitter3 called handle once
ok 9 dripEmitter runs without error
ok 10 dripEmitter called handle once
ok 11 barracks runs without error
ok 12 barracks called handle once
ok 13 push-stream runs without error
ok 14 push-stream called handle once
ok 15 push-stream-patch runs without error
ok 16 push-stream-patch called handle once
ok 17 mini-pipe runs without error
ok 18 mini-pipe called handle once
ok 19 dripEmitterEnhanced runs without error
ok 20 dripEmitterEnhanced called handle once
ok 21 d3-dispatch runs without error
ok 22 d3-dispatch called handle once
ok 23 namespace-emitter runs without error
ok 24 namespace-emitter called handle once
ok 25 ReactiveProperty runs without error
ok 26 ReactiveProperty called handle once
ok 27 observable runs without error
ok 28 observable called handle once
ok 29 observ runs without error
ok 30 observ called handle once
ok 31 RXJS runs without error
ok 32 RXJS called handle once
ok 33 JS-Signals runs without error
ok 34 JS-Signals called handle once
ok 35 MiniSignals runs without error
ok 36 MiniSignals called handle once
ok 37 MicroSignals runs without error
ok 38 MicroSignals called handle once
ok 39 signal-emitter runs without error
ok 40 signal-emitter called handle once
ok 41 event-signal runs without error
ok 42 event-signal called handle once
ok 43 signal-lite runs without error
ok 44 signal-lite called handle once
ok 45 minivents runs without error
ok 46 minivents called handle once
ok 47 pull-notify runs without error
ok 48 pull-notify called handle once
ok 49 pull-pushable runs without error
ok 50 pull-pushable called handle once
ok 51 xstream runs without error
ok 52 xstream called handle once
ok 53 evee runs without error
ok 54 evee called handle once
ok 55 sister runs without error
ok 56 sister called handle once

    Theoretical max x 42,063,091 ops/sec ±3.61% (11 runs sampled) *burn in*
    xstream x 35,125,330 ops/sec ±3.75% (11 runs sampled)
    MiniSignals x 29,356,044 ops/sec ±2.21% (10 runs sampled)
    mini-pipe x 29,430,182 ops/sec ±4.33% (11 runs sampled)
    sister x 28,373,296 ops/sec ±4.29% (11 runs sampled)
    MicroSignals x 30,825,156 ops/sec ±14.67% (11 runs sampled)
    signal-lite x 24,908,264 ops/sec ±6.38% (11 runs sampled)
    EventEmitter3 x 22,306,105 ops/sec ±4.35% (11 runs sampled)
    EventEmitter2 x 21,782,018 ops/sec ±3.19% (11 runs sampled)
    push-stream x 21,487,851 ops/sec ±3.85% (11 runs sampled)
    push-stream-patch x 21,483,418 ops/sec ±5.22% (11 runs sampled)
    dripEmitter x 20,865,298 ops/sec ±4.02% (11 runs sampled)
    evee x 19,769,488 ops/sec ±3.60% (11 runs sampled)
    ReactiveProperty x 19,319,017 ops/sec ±5.21% (11 runs sampled)
    EventEmitter x 15,898,057 ops/sec ±6.32% (11 runs sampled)
    observ x 10,219,951 ops/sec ±10.31% (11 runs sampled)
    pull-notify x 8,195,231 ops/sec ±4.16% (11 runs sampled)
    pull-pushable x 7,482,467 ops/sec ±10.71% (11 runs sampled)
    barracks x 5,270,792 ops/sec ±3.07% (11 runs sampled)
    d3-dispatch x 4,638,678 ops/sec ±6.06% (11 runs sampled)
    dripEmitterEnhanced x 2,251,246 ops/sec ±8.38% (11 runs sampled)
    signal-emitter x 1,454,404 ops/sec ±3.05% (11 runs sampled)
    event-signal x 864,536 ops/sec ±5.12% (11 runs sampled)
    RXJS x 831,543 ops/sec ±6.17% (11 runs sampled)
    observable x 723,467 ops/sec ±4.22% (11 runs sampled)
    namespace-emitter x 507,487 ops/sec ±4.02% (11 runs sampled)
    minivents x 395,006 ops/sec ±5.84% (11 runs sampled)
    JS-Signals x 338,335 ops/sec ±5.27% (10 runs sampled)

*Fastest is __xstream, MicroSignals__*


1..56
# tests 56
# pass  56

# ok



TAP version 13
# emit one value - two listeners
ok 1 Theoretical max runs without error
ok 2 Theoretical max called handle once
ok 3 Theoretical max called handle2 once
ok 4 EventEmitter runs without error
ok 5 EventEmitter called handle once
ok 6 EventEmitter called handle2 once
ok 7 EventEmitter2 runs without error
ok 8 EventEmitter2 called handle once
ok 9 EventEmitter2 called handle2 once
ok 10 EventEmitter3 runs without error
ok 11 EventEmitter3 called handle once
ok 12 EventEmitter3 called handle2 once
ok 13 dripEmitter runs without error
ok 14 dripEmitter called handle once
ok 15 dripEmitter called handle2 once
ok 16 push-stream-patch runs without error
ok 17 push-stream-patch called handle once
ok 18 push-stream-patch called handle2 once
ok 19 push-stream runs without error
ok 20 push-stream called handle once
ok 21 push-stream called handle2 once
ok 22 dripEmitterEnhanced runs without error
ok 23 dripEmitterEnhanced called handle once
ok 24 dripEmitterEnhanced called handle2 once
ok 25 d3-dispatch runs without error
ok 26 d3-dispatch called handle once
ok 27 d3-dispatch called handle2 once
ok 28 namespace-emitter runs without error
ok 29 namespace-emitter called handle once
ok 30 namespace-emitter called handle2 once
ok 31 ReactiveProperty runs without error
ok 32 ReactiveProperty called handle once
ok 33 ReactiveProperty called handle2 once
ok 34 observable runs without error
ok 35 observable called handle once
ok 36 observable called handle2 once
ok 37 observ runs without error
ok 38 observ called handle once
ok 39 observ called handle2 once
ok 40 RXJS runs without error
ok 41 RXJS called handle once
ok 42 RXJS called handle2 once
ok 43 JS-Signals runs without error
ok 44 JS-Signals called handle once
ok 45 JS-Signals called handle2 once
ok 46 MiniSignals runs without error
ok 47 MiniSignals called handle once
ok 48 MiniSignals called handle2 once
ok 49 MicroSignals runs without error
ok 50 MicroSignals called handle once
ok 51 MicroSignals called handle2 once
ok 52 signal-emitter runs without error
ok 53 signal-emitter called handle once
ok 54 signal-emitter called handle2 once
ok 55 event-signal runs without error
ok 56 event-signal called handle once
ok 57 event-signal called handle2 once
ok 58 signal-lite runs without error
ok 59 signal-lite called handle once
ok 60 signal-lite called handle2 once
ok 61 minivents runs without error
ok 62 minivents called handle once
ok 63 minivents called handle2 once
ok 64 pull-notify runs without error
ok 65 pull-notify called handle once
ok 66 pull-notify called handle2 once
ok 67 xstream runs without error
ok 68 xstream called handle once
ok 69 xstream called handle2 once
ok 70 waddup runs without error
ok 71 waddup called handle once
ok 72 waddup called handle2 once
ok 73 evee runs without error
ok 74 evee called handle once
ok 75 evee called handle2 once
ok 76 sister runs without error
ok 77 sister called handle once
ok 78 sister called handle2 once

    Theoretical max x 26,117,576 ops/sec ±4.54% (11 runs sampled) *burn in*
    sister x 18,267,415 ops/sec ±4.85% (11 runs sampled)
    MicroSignals x 18,033,798 ops/sec ±3.83% (11 runs sampled)
    MiniSignals x 17,807,823 ops/sec ±3.92% (10 runs sampled)
    signal-lite x 16,378,747 ops/sec ±4.30% (11 runs sampled)
    push-stream-patch x 14,997,785 ops/sec ±4.57% (10 runs sampled)
    push-stream x 14,709,996 ops/sec ±3.92% (11 runs sampled)
    dripEmitter x 13,619,910 ops/sec ±3.76% (10 runs sampled)
    xstream x 13,769,213 ops/sec ±6.06% (11 runs sampled)
    EventEmitter3 x 13,289,572 ops/sec ±4.76% (11 runs sampled)
    ReactiveProperty x 13,309,425 ops/sec ±8.70% (11 runs sampled)
    evee x 11,883,609 ops/sec ±2.67% (11 runs sampled)
    EventEmitter x 9,851,482 ops/sec ±4.56% (11 runs sampled)
    observ x 6,515,881 ops/sec ±3.84% (11 runs sampled)
    pull-notify x 3,193,525 ops/sec ±3.76% (11 runs sampled)
    waddup x 2,854,394 ops/sec ±2.58% (11 runs sampled)
    d3-dispatch x 2,490,048 ops/sec ±3.18% (11 runs sampled)
    dripEmitterEnhanced x 2,268,759 ops/sec ±4.53% (11 runs sampled)
    signal-emitter x 1,468,903 ops/sec ±5.13% (11 runs sampled)
    event-signal x 653,627 ops/sec ±2.41% (11 runs sampled)
    RXJS x 611,077 ops/sec ±5.48% (11 runs sampled)
    EventEmitter2 x 588,545 ops/sec ±4.49% (10 runs sampled)
    namespace-emitter x 462,789 ops/sec ±8.93% (11 runs sampled)
    observable x 520,231 ops/sec ±35.93% (11 runs sampled)
    JS-Signals x 293,041 ops/sec ±6.13% (11 runs sampled)
    minivents x 255,580 ops/sec ±4.48% (11 runs sampled)

*Fastest is __sister, MicroSignals, MiniSignals__*


1..78
# tests 78
# pass  78

# ok



TAP version 13
# emit one value - with context
ok 1 Theoretical max runs without error
ok 2 Theoretical max called handle one time
ok 3 Theoretical max called handle2 called one time
ok 4 EventEmitter runs without error
ok 5 EventEmitter called handle one time
ok 6 EventEmitter called handle2 called one time
ok 7 EventEmitter2 runs without error
ok 8 EventEmitter2 called handle one time
ok 9 EventEmitter2 called handle2 called one time
ok 10 EventEmitter3 runs without error
ok 11 EventEmitter3 called handle one time
ok 12 EventEmitter3 called handle2 called one time
ok 13 push-stream runs without error
ok 14 push-stream called handle one time
ok 15 push-stream called handle2 called one time
ok 16 dripEmitter runs without error
ok 17 dripEmitter called handle one time
ok 18 dripEmitter called handle2 called one time
ok 19 dripEmitterEnhanced runs without error
ok 20 dripEmitterEnhanced called handle one time
ok 21 dripEmitterEnhanced called handle2 called one time
ok 22 RXJS runs without error
ok 23 RXJS called handle one time
ok 24 RXJS called handle2 called one time
ok 25 ReactiveProperty runs without error
ok 26 ReactiveProperty called handle one time
ok 27 ReactiveProperty called handle2 called one time
ok 28 JS-Signals runs without error
ok 29 JS-Signals called handle one time
ok 30 JS-Signals called handle2 called one time
ok 31 MiniSignals runs without error
ok 32 MiniSignals called handle one time
ok 33 MiniSignals called handle2 called one time
ok 34 MicroSignals runs without error
ok 35 MicroSignals called handle one time
ok 36 MicroSignals called handle2 called one time
ok 37 signal-emitter runs without error
ok 38 signal-emitter called handle one time
ok 39 signal-emitter called handle2 called one time
ok 40 event-signal runs without error
ok 41 event-signal called handle one time
ok 42 event-signal called handle2 called one time
ok 43 signal-lite runs without error
ok 44 signal-lite called handle one time
ok 45 signal-lite called handle2 called one time
ok 46 pull-notify runs without error
ok 47 pull-notify called handle one time
ok 48 pull-notify called handle2 called one time
ok 49 evee runs without error
ok 50 evee called handle one time
ok 51 evee called handle2 called one time
ok 52 sister runs without error
ok 53 sister called handle one time
ok 54 sister called handle2 called one time
ok 55 mobx runs without error
ok 56 mobx called handle one time
ok 57 mobx called handle2 called one time

    Theoretical max x 29,658,769 ops/sec ±5.24% (10 runs sampled) *burn in*
    sister x 18,708,952 ops/sec ±3.48% (11 runs sampled)
    MicroSignals x 17,895,937 ops/sec ±3.76% (11 runs sampled)
    signal-lite x 17,278,649 ops/sec ±4.58% (11 runs sampled)
    MiniSignals x 16,647,429 ops/sec ±7.36% (10 runs sampled)
    push-stream x 15,561,023 ops/sec ±3.94% (10 runs sampled)
    EventEmitter3 x 14,795,421 ops/sec ±3.01% (11 runs sampled)
    ReactiveProperty x 14,216,603 ops/sec ±5.11% (11 runs sampled)
    dripEmitter x 13,214,319 ops/sec ±3.52% (11 runs sampled)
    EventEmitter x 9,182,485 ops/sec ±2.16% (11 runs sampled)
    pull-notify x 2,758,762 ops/sec ±22.10% (11 runs sampled)
    dripEmitterEnhanced x 2,259,401 ops/sec ±4.16% (11 runs sampled)
    evee x 2,109,991 ops/sec ±7.56% (11 runs sampled)
    signal-emitter x 1,460,379 ops/sec ±2.92% (11 runs sampled)
    RXJS x 635,569 ops/sec ±2.73% (11 runs sampled)
    EventEmitter2 x 620,085 ops/sec ±4.18% (11 runs sampled)
    event-signal x 624,671 ops/sec ±5.62% (11 runs sampled)
    mobx x 464,986 ops/sec ±12.22% (11 runs sampled)
    JS-Signals x 296,477 ops/sec ±7.31% (11 runs sampled)

*Fastest is __sister, MicroSignals__*


1..57
# tests 57
# pass  57

# ok



TAP version 13
# emit variable number of values
ok 1 Theoretical max runs without error
ok 2 Theoretical max called handle four times
ok 3 Theoretical max called handle2 four times
ok 4 EventEmitter runs without error
ok 5 EventEmitter called handle four times
ok 6 EventEmitter called handle2 four times
ok 7 EventEmitter2 runs without error
ok 8 EventEmitter2 called handle four times
ok 9 EventEmitter2 called handle2 four times
ok 10 EventEmitter3 runs without error
ok 11 EventEmitter3 called handle four times
ok 12 EventEmitter3 called handle2 four times
ok 13 dripEmitterEnhanced runs without error
ok 14 dripEmitterEnhanced called handle four times
ok 15 dripEmitterEnhanced called handle2 four times
ok 16 JS-Signals runs without error
ok 17 JS-Signals called handle four times
ok 18 JS-Signals called handle2 four times
ok 19 MiniSignals runs without error
ok 20 MiniSignals called handle four times
ok 21 MiniSignals called handle2 four times
ok 22 signal-emitter runs without error
ok 23 signal-emitter called handle four times
ok 24 signal-emitter called handle2 four times
ok 25 signal-lite runs without error
ok 26 signal-lite called handle four times
ok 27 signal-lite called handle2 four times

    Theoretical max x 6,769,119 ops/sec ±5.18% (11 runs sampled) *burn in*
    MiniSignals x 4,634,128 ops/sec ±3.06% (11 runs sampled)
    signal-lite x 4,430,146 ops/sec ±2.91% (11 runs sampled)
    EventEmitter x 2,370,254 ops/sec ±3.82% (11 runs sampled)
    EventEmitter3 x 1,212,434 ops/sec ±3.99% (11 runs sampled)
    dripEmitterEnhanced x 447,621 ops/sec ±3.52% (11 runs sampled)
    signal-emitter x 305,735 ops/sec ±4.96% (11 runs sampled)
    EventEmitter2 x 147,200 ops/sec ±3.17% (11 runs sampled)
    JS-Signals x 70,674 ops/sec ±7.60% (11 runs sampled)

*Fastest is __MiniSignals__*


1..27
# tests 27
# pass  27

# ok



TAP version 13
# init
ok 1 Theoretical max runs without error
ok 2 Theoretical max constructed an object
ok 3 EventEmitter runs without error
ok 4 EventEmitter constructed an object
ok 5 EventEmitter2 runs without error
ok 6 EventEmitter2 constructed an object
ok 7 EventEmitter3 runs without error
ok 8 EventEmitter3 constructed an object
ok 9 push-stream runs without error
ok 10 push-stream constructed an object
ok 11 DripEmitter runs without error
ok 12 DripEmitter constructed an object
ok 13 DripEmitterEnhanced runs without error
ok 14 DripEmitterEnhanced constructed an object
ok 15 ReactiveProperty runs without error
ok 16 ReactiveProperty constructed an object
ok 17 JS-Signals runs without error
ok 18 JS-Signals constructed an object
ok 19 MiniSignals runs without error
ok 20 MiniSignals constructed an object
ok 21 EventDispatcher runs without error
ok 22 EventDispatcher constructed an object
ok 23 pull-notify runs without error
ok 24 pull-notify constructed an object

    EventDispatcher x 51,328,935 ops/sec ±3.18% (11 runs sampled)
    EventEmitter3 x 49,991,647 ops/sec ±4.18% (11 runs sampled)
    DripEmitter x 47,959,687 ops/sec ±4.71% (11 runs sampled)
    Theoretical max x 43,091,846 ops/sec ±36.96% (11 runs sampled) *burn in*
    EventEmitter2 x 30,483,478 ops/sec ±5.97% (11 runs sampled)
    EventEmitter x 26,769,272 ops/sec ±3.53% (11 runs sampled)
    MiniSignals x 27,595,381 ops/sec ±14.22% (11 runs sampled)
    DripEmitterEnhanced x 21,847,248 ops/sec ±2.84% (11 runs sampled)
    push-stream x 14,891,621 ops/sec ±4.18% (11 runs sampled)
    JS-Signals x 1,988,231 ops/sec ±13.38% (11 runs sampled)
    ReactiveProperty x 1,173,561 ops/sec ±28.20% (11 runs sampled)
    pull-notify x 1,004,497 ops/sec ±18.95% (11 runs sampled)

*Fastest is __EventDispatcher, EventEmitter3__*


1..24
# tests 24
# pass  24

# ok


