
TAP version 13
# Platform
ok 1 should be truthy
Node.js 4.4.7 on Darwin 64-bit
NODE_ENV = production
BENCH = undefined

1..1
# tests 1
# pass  1

# ok



TAP version 13
# add and remove
ok 1 EventEmitter runs without error
ok 2 EventEmitter never called handle
ok 3 EventEmitter2 runs without error
ok 4 EventEmitter2 never called handle
ok 5 EventEmitter3 runs without error
ok 6 EventEmitter3 never called handle
ok 7 dripEmitter runs without error
ok 8 dripEmitter never called handle
ok 9 pushStream runs without error
ok 10 pushStream never called handle
ok 11 dripEmitterEnhanced runs without error
ok 12 dripEmitterEnhanced never called handle
ok 13 ReactiveProperty runs without error
ok 14 ReactiveProperty never called handle
ok 15 JS-Signals runs without error
ok 16 JS-Signals never called handle
ok 17 MiniSignals runs without error
ok 18 MiniSignals never called handle
ok 19 EventDispatcher runs without error
ok 20 EventDispatcher never called handle

    dripEmitter x 19,540,788 ops/sec ±7.33% (17 runs sampled)
    MiniSignals x 15,746,393 ops/sec ±3.72% (17 runs sampled)
    EventDispatcher x 4,615,671 ops/sec ±4.93% (16 runs sampled)
    pushStream x 3,475,169 ops/sec ±3.54% (18 runs sampled)
    EventEmitter x 3,821,591 ops/sec ±17.15% (17 runs sampled)
    ReactiveProperty x 3,146,746 ops/sec ±2.92% (17 runs sampled)
    EventEmitter3 x 1,784,382 ops/sec ±3.61% (16 runs sampled)
    EventEmitter2 x 1,097,638 ops/sec ±4.59% (17 runs sampled)
    JS-Signals x 619,585 ops/sec ±7.36% (18 runs sampled)
    dripEmitterEnhanced x 164,434 ops/sec ±8.71% (15 runs sampled)

*Fastest is __dripEmitter__*


1..20
# tests 20
# pass  20

# ok



TAP version 13
# emit one array
ok 1 Theoretical max runs without error
ok 2 Theoretical max called handle three times
ok 3 Theoretical max called handle2 three times
ok 4 EventEmitter runs without error
ok 5 EventEmitter called handle three times
ok 6 EventEmitter called handle2 three times
ok 7 EventEmitter2 runs without error
ok 8 EventEmitter2 called handle three times
ok 9 EventEmitter2 called handle2 three times
ok 10 EventEmitter3 runs without error
ok 11 EventEmitter3 called handle three times
ok 12 EventEmitter3 called handle2 three times
ok 13 push-stream runs without error
ok 14 push-stream called handle three times
ok 15 push-stream called handle2 three times
ok 16 dripEmitter runs without error
ok 17 dripEmitter called handle three times
ok 18 dripEmitter called handle2 three times
ok 19 dripEmitterEnhanced runs without error
ok 20 dripEmitterEnhanced called handle three times
ok 21 dripEmitterEnhanced called handle2 three times
ok 22 RXJS runs without error
ok 23 RXJS called handle three times
ok 24 RXJS called handle2 three times
ok 25 ReactiveProperty runs without error
ok 26 ReactiveProperty called handle three times
ok 27 ReactiveProperty called handle2 three times
ok 28 JS-Signals runs without error
ok 29 JS-Signals called handle three times
ok 30 JS-Signals called handle2 three times
ok 31 MiniSignals runs without error
ok 32 MiniSignals called handle three times
ok 33 MiniSignals called handle2 three times
ok 34 MicroSignals runs without error
ok 35 MicroSignals called handle three times
ok 36 MicroSignals called handle2 three times
ok 37 signal-emitter runs without error
ok 38 signal-emitter called handle three times
ok 39 signal-emitter called handle2 three times
ok 40 event-signal runs without error
ok 41 event-signal called handle three times
ok 42 event-signal called handle2 three times
ok 43 signal-lite runs without error
ok 44 signal-lite called handle three times
ok 45 signal-lite called handle2 three times
ok 46 pull-notify runs without error
ok 47 pull-notify called handle three times
ok 48 pull-notify called handle2 three times
ok 49 evee runs without error
ok 50 evee called handle three times
ok 51 evee called handle2 three times

    Theoretical max x 12,989,053 ops/sec ±3.33% (15 runs sampled) *burn in*
    MicroSignals x 7,383,146 ops/sec ±3.27% (16 runs sampled)
    MiniSignals x 6,896,214 ops/sec ±3.78% (17 runs sampled)
    signal-lite x 6,560,228 ops/sec ±4.65% (16 runs sampled)
    push-stream x 5,630,273 ops/sec ±5.89% (16 runs sampled)
    ReactiveProperty x 5,384,330 ops/sec ±3.55% (17 runs sampled)
    EventEmitter3 x 4,422,011 ops/sec ±3.54% (17 runs sampled)
    dripEmitter x 4,209,717 ops/sec ±9.00% (15 runs sampled)
    EventEmitter x 3,563,870 ops/sec ±3.26% (17 runs sampled)
    event-signal x 2,016,144 ops/sec ±2.80% (16 runs sampled)
    EventEmitter2 x 1,582,104 ops/sec ±3.84% (17 runs sampled)
    pull-notify x 1,369,100 ops/sec ±3.77% (17 runs sampled)
    evee x 996,337 ops/sec ±4.29% (17 runs sampled)
    RXJS x 1,159,290 ops/sec ±23.70% (14 runs sampled)
    dripEmitterEnhanced x 804,560 ops/sec ±9.15% (17 runs sampled)
    signal-emitter x 208,720 ops/sec ±4.04% (17 runs sampled)
    JS-Signals x 204,104 ops/sec ±4.25% (17 runs sampled)

*Fastest is __MicroSignals__*


1..51
# tests 51
# pass  51

# ok



TAP version 13
# emit many values - two listeners
ok 1 Theoretical max runs without error
ok 2 Theoretical max called handle once
ok 3 Theoretical max called handle2 once
ok 4 EventEmitter runs without error
ok 5 EventEmitter called handle once
ok 6 EventEmitter called handle2 once
ok 7 EventEmitter2 runs without error
ok 8 EventEmitter2 called handle once
ok 9 EventEmitter2 called handle2 once
ok 10 EventEmitter3 runs without error
ok 11 EventEmitter3 called handle once
ok 12 EventEmitter3 called handle2 once
ok 13 dripEmitterEnhanced runs without error
ok 14 dripEmitterEnhanced called handle once
ok 15 dripEmitterEnhanced called handle2 once
ok 16 JS-Signals runs without error
ok 17 JS-Signals called handle once
ok 18 JS-Signals called handle2 once
ok 19 MiniSignals runs without error
ok 20 MiniSignals called handle once
ok 21 MiniSignals called handle2 once
ok 22 signal-emitter runs without error
ok 23 signal-emitter called handle once
ok 24 signal-emitter called handle2 once
ok 25 signal-lite runs without error
ok 26 signal-lite called handle once
ok 27 signal-lite called handle2 once
ok 28 minivents runs without error
ok 29 minivents called handle once
ok 30 minivents called handle2 once

    Theoretical max x 24,029,790 ops/sec ±4.15% (15 runs sampled) *burn in*
    MiniSignals x 12,266,358 ops/sec ±5.33% (17 runs sampled)
    signal-lite x 11,204,699 ops/sec ±5.05% (15 runs sampled)
    EventEmitter x 2,308,656 ops/sec ±3.14% (16 runs sampled)
    EventEmitter3 x 2,286,711 ops/sec ±3.90% (16 runs sampled)
    EventEmitter2 x 1,769,960 ops/sec ±2.46% (17 runs sampled)
    dripEmitterEnhanced x 1,236,574 ops/sec ±6.01% (17 runs sampled)
    signal-emitter x 276,266 ops/sec ±5.16% (17 runs sampled)
    JS-Signals x 186,979 ops/sec ±10.66% (15 runs sampled)
    minivents x 114,233 ops/sec ±9.70% (15 runs sampled)

*Fastest is __MiniSignals__*


1..30
# tests 30
# pass  30

# ok



TAP version 13
# emit one object - one listener
ok 1 Theoretical max runs without error
ok 2 Theoretical max called handle three times
ok 3 EventEmitter runs without error
ok 4 EventEmitter called handle three times
ok 5 EventEmitter2 runs without error
ok 6 EventEmitter2 called handle three times
ok 7 EventEmitter3 runs without error
ok 8 EventEmitter3 called handle three times
ok 9 push-stream runs without error
ok 10 push-stream called handle three times
ok 11 mini-pipe runs without error
ok 12 mini-pipe called handle three times
ok 13 dripEmitter runs without error
ok 14 dripEmitter called handle three times
ok 15 dripEmitterEnhanced runs without error
ok 16 dripEmitterEnhanced called handle three times
ok 17 RXJS runs without error
ok 18 RXJS called handle three times
ok 19 ReactiveProperty runs without error
ok 20 ReactiveProperty called handle three times
ok 21 JS-Signals runs without error
ok 22 JS-Signals called handle three times
ok 23 MiniSignals runs without error
ok 24 MiniSignals called handle three times
ok 25 MicroSignals runs without error
ok 26 MicroSignals called handle three times
ok 27 signal-emitter runs without error
ok 28 signal-emitter called handle three times
ok 29 event-signal runs without error
ok 30 event-signal called handle three times
ok 31 signal-lite runs without error
ok 32 signal-lite called handle three times
ok 33 EventDispatcher runs without error
ok 34 EventDispatcher called handle three times
ok 35 pull-notify runs without error
ok 36 pull-notify called handle three times
ok 37 pull-pushable runs without error
ok 38 pull-pushable called handle three times
ok 39 xstream runs without error
ok 40 xstream called handle three times
ok 41 evee runs without error
ok 42 evee called handle three times

    Theoretical max x 8,598,085 ops/sec ±2.92% (17 runs sampled) *burn in*
    MiniSignals x 8,267,090 ops/sec ±4.43% (17 runs sampled)
    MicroSignals x 7,900,199 ops/sec ±7.20% (17 runs sampled)
    signal-lite x 7,202,255 ops/sec ±4.76% (15 runs sampled)
    mini-pipe x 6,903,292 ops/sec ±3.50% (15 runs sampled)
    xstream x 6,465,969 ops/sec ±3.10% (17 runs sampled)
    push-stream x 5,731,969 ops/sec ±5.55% (16 runs sampled)
    ReactiveProperty x 5,749,435 ops/sec ±7.44% (15 runs sampled)
    EventEmitter3 x 4,955,175 ops/sec ±2.92% (17 runs sampled)
    EventEmitter x 4,321,147 ops/sec ±4.69% (14 runs sampled)
    EventEmitter2 x 4,461,581 ops/sec ±19.98% (13 runs sampled)
    dripEmitter x 3,989,642 ops/sec ±16.81% (15 runs sampled)
    EventDispatcher x 3,219,708 ops/sec ±3.91% (12 runs sampled)
    pull-notify x 2,308,367 ops/sec ±3.82% (17 runs sampled)
    event-signal x 2,146,623 ops/sec ±3.62% (15 runs sampled)
    pull-pushable x 2,126,752 ops/sec ±6.95% (17 runs sampled)
    RXJS x 1,532,487 ops/sec ±8.37% (16 runs sampled)
    dripEmitterEnhanced x 819,287 ops/sec ±8.04% (15 runs sampled)
    JS-Signals x 193,912 ops/sec ±4.00% (17 runs sampled)
    signal-emitter x 188,513 ops/sec ±6.06% (17 runs sampled)
    evee x 188,866 ops/sec ±7.47% (17 runs sampled)

*Fastest is __MiniSignals, MicroSignals__*


1..42
# tests 42
# pass  42

# ok



TAP version 13
# emit one object - two listeners
ok 1 Theoretical max runs without error
ok 2 Theoretical max called handle three times
ok 3 Theoretical max called handle2 three times
ok 4 EventEmitter runs without error
ok 5 EventEmitter called handle three times
ok 6 EventEmitter called handle2 three times
ok 7 EventEmitter2 runs without error
ok 8 EventEmitter2 called handle three times
ok 9 EventEmitter2 called handle2 three times
ok 10 EventEmitter3 runs without error
ok 11 EventEmitter3 called handle three times
ok 12 EventEmitter3 called handle2 three times
ok 13 push-stream runs without error
ok 14 push-stream called handle three times
ok 15 push-stream called handle2 three times
ok 16 dripEmitter runs without error
ok 17 dripEmitter called handle three times
ok 18 dripEmitter called handle2 three times
ok 19 dripEmitterEnhanced runs without error
ok 20 dripEmitterEnhanced called handle three times
ok 21 dripEmitterEnhanced called handle2 three times
ok 22 RXJS runs without error
ok 23 RXJS called handle three times
ok 24 RXJS called handle2 three times
ok 25 ReactiveProperty runs without error
ok 26 ReactiveProperty called handle three times
ok 27 ReactiveProperty called handle2 three times
ok 28 JS-Signals runs without error
ok 29 JS-Signals called handle three times
ok 30 JS-Signals called handle2 three times
ok 31 MiniSignals runs without error
ok 32 MiniSignals called handle three times
ok 33 MiniSignals called handle2 three times
ok 34 MicroSignals runs without error
ok 35 MicroSignals called handle three times
ok 36 MicroSignals called handle2 three times
ok 37 signal-emitter runs without error
ok 38 signal-emitter called handle three times
ok 39 signal-emitter called handle2 three times
ok 40 event-signal runs without error
ok 41 event-signal called handle three times
ok 42 event-signal called handle2 three times
ok 43 signal-lite runs without error
ok 44 signal-lite called handle three times
ok 45 signal-lite called handle2 three times
ok 46 EventDispatcher runs without error
ok 47 EventDispatcher called handle three times
ok 48 EventDispatcher called handle2 three times
ok 49 pull-notify runs without error
ok 50 pull-notify called handle three times
ok 51 pull-notify called handle2 three times
ok 52 xstream runs without error
ok 53 xstream called handle three times
ok 54 xstream called handle2 three times
ok 55 evee runs without error
ok 56 evee called handle three times
ok 57 evee called handle2 three times

    Theoretical max x 7,509,734 ops/sec ±4.21% (17 runs sampled) *burn in*
    push-stream x 4,641,388 ops/sec ±3.21% (17 runs sampled)
    MicroSignals x 4,690,516 ops/sec ±8.10% (14 runs sampled)
    MiniSignals x 4,471,923 ops/sec ±8.47% (16 runs sampled)
    dripEmitter x 4,026,978 ops/sec ±2.81% (16 runs sampled)
    signal-lite x 4,101,498 ops/sec ±10.03% (17 runs sampled)
    ReactiveProperty x 3,991,839 ops/sec ±8.27% (16 runs sampled)
    EventEmitter3 x 3,590,447 ops/sec ±4.20% (15 runs sampled)
    xstream x 3,335,477 ops/sec ±3.15% (15 runs sampled)
    EventEmitter x 3,094,550 ops/sec ±2.56% (18 runs sampled)
    EventDispatcher x 2,597,052 ops/sec ±4.34% (18 runs sampled)
    EventEmitter2 x 1,441,662 ops/sec ±4.68% (17 runs sampled)
    RXJS x 1,149,043 ops/sec ±6.37% (14 runs sampled)
    pull-notify x 1,061,663 ops/sec ±4.46% (15 runs sampled)
    event-signal x 1,147,402 ops/sec ±20.43% (14 runs sampled)
    evee x 844,387 ops/sec ±4.14% (15 runs sampled)
    dripEmitterEnhanced x 789,004 ops/sec ±9.21% (17 runs sampled)
    JS-Signals x 170,829 ops/sec ±9.78% (15 runs sampled)
    signal-emitter x 152,269 ops/sec ±12.42% (15 runs sampled)

*Fastest is __push-stream, MicroSignals, MiniSignals, signal-lite__*


1..57
# tests 57
# pass  57

# ok



TAP version 13
# emit one value - one listener
ok 1 Theoretical max runs without error
ok 2 Theoretical max called handle once
ok 3 EventEmitter runs without error
ok 4 EventEmitter called handle once
ok 5 EventEmitter2 runs without error
ok 6 EventEmitter2 called handle once
ok 7 EventEmitter3 runs without error
ok 8 EventEmitter3 called handle once
ok 9 dripEmitter runs without error
ok 10 dripEmitter called handle once
ok 11 barracks runs without error
ok 12 barracks called handle once
ok 13 push-stream runs without error
ok 14 push-stream called handle once
ok 15 push-stream-patch runs without error
ok 16 push-stream-patch called handle once
ok 17 mini-pipe runs without error
ok 18 mini-pipe called handle once
ok 19 dripEmitterEnhanced runs without error
ok 20 dripEmitterEnhanced called handle once
ok 21 d3-dispatch runs without error
ok 22 d3-dispatch called handle once
ok 23 namespace-emitter runs without error
ok 24 namespace-emitter called handle once
ok 25 ReactiveProperty runs without error
ok 26 ReactiveProperty called handle once
ok 27 observable runs without error
ok 28 observable called handle once
ok 29 observ runs without error
ok 30 observ called handle once
ok 31 RXJS runs without error
ok 32 RXJS called handle once
ok 33 JS-Signals runs without error
ok 34 JS-Signals called handle once
ok 35 MiniSignals runs without error
ok 36 MiniSignals called handle once
ok 37 MicroSignals runs without error
ok 38 MicroSignals called handle once
ok 39 signal-emitter runs without error
ok 40 signal-emitter called handle once
ok 41 event-signal runs without error
ok 42 event-signal called handle once
ok 43 signal-lite runs without error
ok 44 signal-lite called handle once
ok 45 minivents runs without error
ok 46 minivents called handle once
ok 47 pull-notify runs without error
ok 48 pull-notify called handle once
ok 49 pull-pushable runs without error
ok 50 pull-pushable called handle once
ok 51 xstream runs without error
ok 52 xstream called handle once
ok 53 evee runs without error
ok 54 evee called handle once

    Theoretical max x 25,264,644 ops/sec ±4.32% (15 runs sampled) *burn in*
    MicroSignals x 23,246,749 ops/sec ±3.78% (17 runs sampled)
    xstream x 23,467,935 ops/sec ±5.72% (17 runs sampled)
    mini-pipe x 22,135,897 ops/sec ±4.37% (17 runs sampled)
    MiniSignals x 21,485,698 ops/sec ±4.57% (17 runs sampled)
    signal-lite x 19,044,181 ops/sec ±6.76% (17 runs sampled)
    ReactiveProperty x 16,197,083 ops/sec ±3.57% (17 runs sampled)
    push-stream x 16,365,398 ops/sec ±5.63% (15 runs sampled)
    EventEmitter2 x 15,818,163 ops/sec ±3.66% (16 runs sampled)
    push-stream-patch x 15,285,713 ops/sec ±6.16% (17 runs sampled)
    dripEmitter x 15,786,987 ops/sec ±13.02% (16 runs sampled)
    EventEmitter x 13,664,669 ops/sec ±3.81% (17 runs sampled)
    EventEmitter3 x 14,672,601 ops/sec ±13.81% (17 runs sampled)
    observ x 7,941,039 ops/sec ±4.75% (18 runs sampled)
    pull-notify x 7,814,511 ops/sec ±6.20% (15 runs sampled)
    pull-pushable x 7,088,040 ops/sec ±5.45% (17 runs sampled)
    event-signal x 5,269,946 ops/sec ±4.70% (17 runs sampled)
    barracks x 4,775,723 ops/sec ±3.25% (17 runs sampled)
    RXJS x 4,442,958 ops/sec ±4.26% (17 runs sampled)
    d3-dispatch x 3,490,531 ops/sec ±3.75% (16 runs sampled)
    dripEmitterEnhanced x 3,096,477 ops/sec ±4.36% (17 runs sampled)
    observable x 2,080,901 ops/sec ±3.30% (15 runs sampled)
    minivents x 737,523 ops/sec ±5.25% (13 runs sampled)
    JS-Signals x 603,964 ops/sec ±5.17% (17 runs sampled)
    signal-emitter x 555,917 ops/sec ±3.76% (15 runs sampled)
    namespace-emitter x 548,105 ops/sec ±3.72% (17 runs sampled)
    evee x 492,805 ops/sec ±5.14% (15 runs sampled)

*Fastest is __MicroSignals, xstream, mini-pipe__*


1..54
# tests 54
# pass  54

# ok



TAP version 13
# emit one value - two listeners
ok 1 Theoretical max runs without error
ok 2 Theoretical max called handle once
ok 3 Theoretical max called handle2 once
ok 4 EventEmitter runs without error
ok 5 EventEmitter called handle once
ok 6 EventEmitter called handle2 once
ok 7 EventEmitter2 runs without error
ok 8 EventEmitter2 called handle once
ok 9 EventEmitter2 called handle2 once
ok 10 EventEmitter3 runs without error
ok 11 EventEmitter3 called handle once
ok 12 EventEmitter3 called handle2 once
ok 13 dripEmitter runs without error
ok 14 dripEmitter called handle once
ok 15 dripEmitter called handle2 once
ok 16 push-stream-patch runs without error
ok 17 push-stream-patch called handle once
ok 18 push-stream-patch called handle2 once
ok 19 push-stream runs without error
ok 20 push-stream called handle once
ok 21 push-stream called handle2 once
ok 22 dripEmitterEnhanced runs without error
ok 23 dripEmitterEnhanced called handle once
ok 24 dripEmitterEnhanced called handle2 once
ok 25 d3-dispatch runs without error
ok 26 d3-dispatch called handle once
ok 27 d3-dispatch called handle2 once
ok 28 namespace-emitter runs without error
ok 29 namespace-emitter called handle once
ok 30 namespace-emitter called handle2 once
ok 31 ReactiveProperty runs without error
ok 32 ReactiveProperty called handle once
ok 33 ReactiveProperty called handle2 once
ok 34 observable runs without error
ok 35 observable called handle once
ok 36 observable called handle2 once
ok 37 observ runs without error
ok 38 observ called handle once
ok 39 observ called handle2 once
ok 40 RXJS runs without error
ok 41 RXJS called handle once
ok 42 RXJS called handle2 once
ok 43 JS-Signals runs without error
ok 44 JS-Signals called handle once
ok 45 JS-Signals called handle2 once
ok 46 MiniSignals runs without error
ok 47 MiniSignals called handle once
ok 48 MiniSignals called handle2 once
ok 49 MicroSignals runs without error
ok 50 MicroSignals called handle once
ok 51 MicroSignals called handle2 once
ok 52 signal-emitter runs without error
ok 53 signal-emitter called handle once
ok 54 signal-emitter called handle2 once
ok 55 event-signal runs without error
ok 56 event-signal called handle once
ok 57 event-signal called handle2 once
ok 58 signal-lite runs without error
ok 59 signal-lite called handle once
ok 60 signal-lite called handle2 once
ok 61 minivents runs without error
ok 62 minivents called handle once
ok 63 minivents called handle2 once
ok 64 pull-notify runs without error
ok 65 pull-notify called handle once
ok 66 pull-notify called handle2 once
ok 67 xstream runs without error
ok 68 xstream called handle once
ok 69 xstream called handle2 once
ok 70 waddup runs without error
ok 71 waddup called handle once
ok 72 waddup called handle2 once
ok 73 evee runs without error
ok 74 evee called handle once
ok 75 evee called handle2 once

    Theoretical max x 15,113,644 ops/sec ±4.57% (17 runs sampled) *burn in*
    push-stream-patch x 13,312,399 ops/sec ±4.46% (15 runs sampled)
    MicroSignals x 13,328,006 ops/sec ±6.75% (17 runs sampled)
    push-stream x 13,077,846 ops/sec ±4.75% (17 runs sampled)
    signal-lite x 12,993,733 ops/sec ±4.94% (17 runs sampled)
    MiniSignals x 13,082,480 ops/sec ±7.80% (16 runs sampled)
    xstream x 11,731,627 ops/sec ±4.17% (17 runs sampled)
    EventEmitter3 x 10,484,900 ops/sec ±2.78% (15 runs sampled)
    dripEmitter x 10,636,325 ops/sec ±9.39% (17 runs sampled)
    ReactiveProperty x 10,144,279 ops/sec ±7.52% (16 runs sampled)
    EventEmitter x 8,299,339 ops/sec ±3.84% (17 runs sampled)
    EventEmitter2 x 4,686,311 ops/sec ±3.88% (17 runs sampled)
    observ x 4,764,511 ops/sec ±5.75% (15 runs sampled)
    event-signal x 4,602,205 ops/sec ±4.63% (15 runs sampled)
    RXJS x 3,714,490 ops/sec ±4.51% (15 runs sampled)
    pull-notify x 2,926,321 ops/sec ±9.81% (15 runs sampled)
    evee x 2,695,516 ops/sec ±2.97% (15 runs sampled)
    dripEmitterEnhanced x 2,377,677 ops/sec ±7.83% (15 runs sampled)
    waddup x 2,177,317 ops/sec ±7.22% (17 runs sampled)
    d3-dispatch x 2,112,652 ops/sec ±4.65% (17 runs sampled)
    observable x 1,260,900 ops/sec ±8.54% (15 runs sampled)
    JS-Signals x 536,934 ops/sec ±4.12% (17 runs sampled)
    namespace-emitter x 518,259 ops/sec ±5.80% (17 runs sampled)
    signal-emitter x 487,804 ops/sec ±9.45% (17 runs sampled)
    minivents x 378,548 ops/sec ±5.42% (17 runs sampled)

*Fastest is __push-stream-patch, MicroSignals, push-stream, signal-lite, MiniSignals__*


1..75
# tests 75
# pass  75

# ok



TAP version 13
# emit one value - bound function
ok 1 Theoretical max runs without error
ok 2 Theoretical max called handle one time
ok 3 Theoretical max called handle2 one time
ok 4 EventEmitter runs without error
ok 5 EventEmitter called handle one time
ok 6 EventEmitter called handle2 one time
ok 7 EventEmitter2 runs without error
ok 8 EventEmitter2 called handle one time
ok 9 EventEmitter2 called handle2 one time
ok 10 EventEmitter3 runs without error
ok 11 EventEmitter3 called handle one time
ok 12 EventEmitter3 called handle2 one time
ok 13 push-stream runs without error
ok 14 push-stream called handle one time
ok 15 push-stream called handle2 one time
ok 16 dripEmitter runs without error
ok 17 dripEmitter called handle one time
ok 18 dripEmitter called handle2 one time
ok 19 dripEmitterEnhanced runs without error
ok 20 dripEmitterEnhanced called handle one time
ok 21 dripEmitterEnhanced called handle2 one time
ok 22 RXJS runs without error
ok 23 RXJS called handle one time
ok 24 RXJS called handle2 one time
ok 25 ReactiveProperty runs without error
ok 26 ReactiveProperty called handle one time
ok 27 ReactiveProperty called handle2 one time
ok 28 JS-Signals runs without error
ok 29 JS-Signals called handle one time
ok 30 JS-Signals called handle2 one time
ok 31 MiniSignals runs without error
ok 32 MiniSignals called handle one time
ok 33 MiniSignals called handle2 one time
ok 34 MicroSignals runs without error
ok 35 MicroSignals called handle one time
ok 36 MicroSignals called handle2 one time
ok 37 signal-emitter runs without error
ok 38 signal-emitter called handle one time
ok 39 signal-emitter called handle2 one time
ok 40 event-signal runs without error
ok 41 event-signal called handle one time
ok 42 event-signal called handle2 one time
ok 43 signal-lite runs without error
ok 44 signal-lite called handle one time
ok 45 signal-lite called handle2 one time
ok 46 pull-notify runs without error
ok 47 pull-notify called handle one time
ok 48 pull-notify called handle2 one time
ok 49 xstream runs without error
ok 50 xstream called handle one time
ok 51 xstream called handle2 one time
ok 52 evee runs without error
ok 53 evee called handle one time
ok 54 evee called handle2 one time

    Theoretical max x 3,814,237 ops/sec ±3.98% (14 runs sampled) *burn in*
    dripEmitter x 3,201,085 ops/sec ±3.55% (17 runs sampled)
    xstream x 3,105,153 ops/sec ±5.01% (16 runs sampled)
    MicroSignals x 3,178,375 ops/sec ±8.16% (14 runs sampled)
    push-stream x 3,017,376 ops/sec ±5.86% (14 runs sampled)
    EventEmitter3 x 2,980,947 ops/sec ±6.98% (17 runs sampled)
    EventEmitter x 2,819,664 ops/sec ±3.05% (17 runs sampled)
    ReactiveProperty x 2,827,056 ops/sec ±5.16% (14 runs sampled)
    event-signal x 2,229,168 ops/sec ±5.67% (17 runs sampled)
    RXJS x 1,987,356 ops/sec ±7.80% (17 runs sampled)
    pull-notify x 1,813,167 ops/sec ±7.45% (17 runs sampled)
    EventEmitter2 x 1,860,543 ops/sec ±11.70% (11 runs sampled)
    MiniSignals x 1,548,316 ops/sec ±3.84% (16 runs sampled)
    dripEmitterEnhanced x 1,550,616 ops/sec ±4.29% (16 runs sampled)
    signal-lite x 1,370,703 ops/sec ±6.92% (15 runs sampled)
    signal-emitter x 472,600 ops/sec ±7.98% (15 runs sampled)
    JS-Signals x 446,903 ops/sec ±4.61% (16 runs sampled)
    evee x 361,236 ops/sec ±9.18% (16 runs sampled)

*Fastest is __dripEmitter, xstream, MicroSignals, push-stream__*


1..54
# tests 54
# pass  54

# ok



TAP version 13
# emit one value - many listeners
ok 1 Theoretical max runs without error
ok 2 Theoretical max called handles N times
ok 3 EventEmitter runs without error
ok 4 EventEmitter called handles N times
ok 5 EventEmitter2 runs without error
ok 6 EventEmitter2 called handles N times
ok 7 EventEmitter3 runs without error
ok 8 EventEmitter3 called handles N times
ok 9 push-stream runs without error
ok 10 push-stream called handles N times
ok 11 dripEmitter runs without error
ok 12 dripEmitter called handles N times
ok 13 dripEmitterEnhanced runs without error
ok 14 dripEmitterEnhanced called handles N times
ok 15 RXJS runs without error
ok 16 RXJS called handles N times
ok 17 ReactiveProperty runs without error
ok 18 ReactiveProperty called handles N times
ok 19 JS-Signals runs without error
ok 20 JS-Signals called handles N times
ok 21 MiniSignals runs without error
ok 22 MiniSignals called handles N times
ok 23 MicroSignal runs without error
ok 24 MicroSignal called handles N times
ok 25 signal-emitter runs without error
ok 26 signal-emitter called handles N times
ok 27 event-signal runs without error
ok 28 event-signal called handles N times
ok 29 signal-lite runs without error
ok 30 signal-lite called handles N times
ok 31 minivents runs without error
ok 32 minivents called handles N times
ok 33 pull-notify runs without error
ok 34 pull-notify called handles N times
ok 35 xstream runs without error
ok 36 xstream called handles N times
ok 37 evee runs without error
ok 38 evee called handles N times

    Theoretical max x 5,007,458 ops/sec ±4.22% (17 runs sampled) *burn in*
    push-stream x 4,701,978 ops/sec ±4.35% (17 runs sampled)
    MiniSignals x 4,274,626 ops/sec ±6.08% (17 runs sampled)
    EventEmitter3 x 3,970,656 ops/sec ±3.26% (15 runs sampled)
    dripEmitter x 3,912,269 ops/sec ±5.52% (15 runs sampled)
    signal-lite x 3,894,596 ops/sec ±6.74% (17 runs sampled)
    MicroSignal x 3,926,197 ops/sec ±14.09% (15 runs sampled)
    ReactiveProperty x 3,541,487 ops/sec ±6.13% (17 runs sampled)
    xstream x 3,602,000 ops/sec ±12.43% (15 runs sampled)
    EventEmitter x 3,228,450 ops/sec ±9.12% (17 runs sampled)
    EventEmitter2 x 2,569,410 ops/sec ±6.64% (15 runs sampled)
    event-signal x 2,609,058 ops/sec ±10.02% (16 runs sampled)
    dripEmitterEnhanced x 1,784,438 ops/sec ±4.81% (17 runs sampled)
    RXJS x 1,532,202 ops/sec ±6.01% (15 runs sampled)
    evee x 1,106,555 ops/sec ±7.53% (17 runs sampled)
    pull-notify x 847,733 ops/sec ±4.41% (17 runs sampled)
    signal-emitter x 498,200 ops/sec ±6.44% (14 runs sampled)
    JS-Signals x 385,669 ops/sec ±6.70% (15 runs sampled)
    minivents x 92,331 ops/sec ±11.62% (17 runs sampled)

*Fastest is __push-stream__*


1..38
# tests 38
# pass  38

# ok



TAP version 13
# emit one value - one listener
ok 1 Theoretical max runs without error
ok 2 Theoretical max called handle once
ok 3 EventEmitter runs without error
ok 4 EventEmitter called handle once
ok 5 EventEmitter2 runs without error
ok 6 EventEmitter2 called handle once
ok 7 EventEmitter3 runs without error
ok 8 EventEmitter3 called handle once
ok 9 dripEmitter runs without error
ok 10 dripEmitter called handle once
ok 11 barracks runs without error
ok 12 barracks called handle once
ok 13 push-stream runs without error
ok 14 push-stream called handle once
ok 15 push-stream-patch runs without error
ok 16 push-stream-patch called handle once
ok 17 mini-pipe runs without error
ok 18 mini-pipe called handle once
ok 19 dripEmitterEnhanced runs without error
ok 20 dripEmitterEnhanced called handle once
ok 21 d3-dispatch runs without error
ok 22 d3-dispatch called handle once
ok 23 namespace-emitter runs without error
ok 24 namespace-emitter called handle once
ok 25 ReactiveProperty runs without error
ok 26 ReactiveProperty called handle once
ok 27 observable runs without error
ok 28 observable called handle once
ok 29 observ runs without error
ok 30 observ called handle once
ok 31 RXJS runs without error
ok 32 RXJS called handle once
ok 33 JS-Signals runs without error
ok 34 JS-Signals called handle once
ok 35 MiniSignals runs without error
ok 36 MiniSignals called handle once
ok 37 MicroSignals runs without error
ok 38 MicroSignals called handle once
ok 39 signal-emitter runs without error
ok 40 signal-emitter called handle once
ok 41 event-signal runs without error
ok 42 event-signal called handle once
ok 43 signal-lite runs without error
ok 44 signal-lite called handle once
ok 45 minivents runs without error
ok 46 minivents called handle once
ok 47 pull-notify runs without error
ok 48 pull-notify called handle once
ok 49 pull-pushable runs without error
ok 50 pull-pushable called handle once
ok 51 xstream runs without error
ok 52 xstream called handle once
ok 53 evee runs without error
ok 54 evee called handle once

    Theoretical max x 35,841,089 ops/sec ±5.94% (17 runs sampled) *burn in*
    xstream x 35,239,247 ops/sec ±10.10% (17 runs sampled)
    MiniSignals x 27,667,511 ops/sec ±4.04% (46 runs sampled)
    MicroSignals x 28,493,403 ops/sec ±10.85% (16 runs sampled)
    mini-pipe x 26,547,246 ops/sec ±4.05% (17 runs sampled)
    signal-lite x 24,025,853 ops/sec ±5.51% (15 runs sampled)
    push-stream x 19,621,873 ops/sec ±5.52% (17 runs sampled)
    ReactiveProperty x 19,259,119 ops/sec ±4.28% (15 runs sampled)
    push-stream-patch x 19,229,595 ops/sec ±6.89% (17 runs sampled)
    EventEmitter2 x 18,646,150 ops/sec ±4.81% (17 runs sampled)
    EventEmitter3 x 18,006,051 ops/sec ±16.40% (17 runs sampled)
    dripEmitter x 16,565,888 ops/sec ±12.55% (17 runs sampled)
    EventEmitter x 14,330,904 ops/sec ±4.09% (17 runs sampled)
    pull-pushable x 8,453,329 ops/sec ±7.57% (17 runs sampled)
    pull-notify x 7,911,537 ops/sec ±15.00% (15 runs sampled)
    observ x 6,944,959 ops/sec ±6.62% (13 runs sampled)
    event-signal x 6,567,081 ops/sec ±3.14% (17 runs sampled)
    d3-dispatch x 5,842,948 ops/sec ±7.15% (17 runs sampled)
    RXJS x 4,682,779 ops/sec ±8.24% (17 runs sampled)
    barracks x 4,672,386 ops/sec ±8.20% (17 runs sampled)
    dripEmitterEnhanced x 2,690,784 ops/sec ±10.95% (13 runs sampled)
    observable x 1,877,637 ops/sec ±3.76% (17 runs sampled)
    minivents x 768,354 ops/sec ±4.67% (18 runs sampled)
    JS-Signals x 568,352 ops/sec ±8.16% (15 runs sampled)
    evee x 550,775 ops/sec ±7.93% (17 runs sampled)
    namespace-emitter x 491,962 ops/sec ±6.73% (15 runs sampled)
    signal-emitter x 484,723 ops/sec ±7.50% (16 runs sampled)

*Fastest is __xstream__*


1..54
# tests 54
# pass  54

# ok



TAP version 13
# emit one value - two listeners
ok 1 Theoretical max runs without error
ok 2 Theoretical max called handle once
ok 3 Theoretical max called handle2 once
ok 4 EventEmitter runs without error
ok 5 EventEmitter called handle once
ok 6 EventEmitter called handle2 once
ok 7 EventEmitter2 runs without error
ok 8 EventEmitter2 called handle once
ok 9 EventEmitter2 called handle2 once
ok 10 EventEmitter3 runs without error
ok 11 EventEmitter3 called handle once
ok 12 EventEmitter3 called handle2 once
ok 13 dripEmitter runs without error
ok 14 dripEmitter called handle once
ok 15 dripEmitter called handle2 once
ok 16 push-stream-patch runs without error
ok 17 push-stream-patch called handle once
ok 18 push-stream-patch called handle2 once
ok 19 push-stream runs without error
ok 20 push-stream called handle once
ok 21 push-stream called handle2 once
ok 22 dripEmitterEnhanced runs without error
ok 23 dripEmitterEnhanced called handle once
ok 24 dripEmitterEnhanced called handle2 once
ok 25 d3-dispatch runs without error
ok 26 d3-dispatch called handle once
ok 27 d3-dispatch called handle2 once
ok 28 namespace-emitter runs without error
ok 29 namespace-emitter called handle once
ok 30 namespace-emitter called handle2 once
ok 31 ReactiveProperty runs without error
ok 32 ReactiveProperty called handle once
ok 33 ReactiveProperty called handle2 once
ok 34 observable runs without error
ok 35 observable called handle once
ok 36 observable called handle2 once
ok 37 observ runs without error
ok 38 observ called handle once
ok 39 observ called handle2 once
ok 40 RXJS runs without error
ok 41 RXJS called handle once
ok 42 RXJS called handle2 once
ok 43 JS-Signals runs without error
ok 44 JS-Signals called handle once
ok 45 JS-Signals called handle2 once
ok 46 MiniSignals runs without error
ok 47 MiniSignals called handle once
ok 48 MiniSignals called handle2 once
ok 49 MicroSignals runs without error
ok 50 MicroSignals called handle once
ok 51 MicroSignals called handle2 once
ok 52 signal-emitter runs without error
ok 53 signal-emitter called handle once
ok 54 signal-emitter called handle2 once
ok 55 event-signal runs without error
ok 56 event-signal called handle once
ok 57 event-signal called handle2 once
ok 58 signal-lite runs without error
ok 59 signal-lite called handle once
ok 60 signal-lite called handle2 once
ok 61 minivents runs without error
ok 62 minivents called handle once
ok 63 minivents called handle2 once
ok 64 pull-notify runs without error
ok 65 pull-notify called handle once
ok 66 pull-notify called handle2 once
ok 67 xstream runs without error
ok 68 xstream called handle once
ok 69 xstream called handle2 once
ok 70 waddup runs without error
ok 71 waddup called handle once
ok 72 waddup called handle2 once
ok 73 evee runs without error
ok 74 evee called handle once
ok 75 evee called handle2 once

    Theoretical max x 24,558,900 ops/sec ±5.63% (17 runs sampled) *burn in*
    MicroSignals x 17,688,983 ops/sec ±4.35% (17 runs sampled)
    MiniSignals x 16,269,863 ops/sec ±3.58% (16 runs sampled)
    signal-lite x 15,473,986 ops/sec ±3.79% (16 runs sampled)
    push-stream x 14,412,026 ops/sec ±3.68% (15 runs sampled)
    push-stream-patch x 14,297,251 ops/sec ±3.86% (18 runs sampled)
    xstream x 13,662,159 ops/sec ±4.81% (16 runs sampled)
    dripEmitter x 12,440,530 ops/sec ±3.92% (15 runs sampled)
    ReactiveProperty x 12,062,463 ops/sec ±4.24% (15 runs sampled)
    EventEmitter3 x 11,924,283 ops/sec ±4.28% (17 runs sampled)
    EventEmitter x 9,832,946 ops/sec ±3.82% (18 runs sampled)
    observ x 5,659,521 ops/sec ±4.71% (17 runs sampled)
    event-signal x 5,560,971 ops/sec ±6.40% (15 runs sampled)
    EventEmitter2 x 4,906,221 ops/sec ±4.77% (17 runs sampled)
    RXJS x 4,099,132 ops/sec ±3.45% (17 runs sampled)
    d3-dispatch x 4,051,819 ops/sec ±4.62% (17 runs sampled)
    pull-notify x 3,702,824 ops/sec ±1.97% (17 runs sampled)
    dripEmitterEnhanced x 2,768,471 ops/sec ±6.98% (17 runs sampled)
    evee x 2,535,338 ops/sec ±5.91% (17 runs sampled)
    waddup x 2,219,279 ops/sec ±4.65% (17 runs sampled)
    observable x 1,341,525 ops/sec ±4.52% (17 runs sampled)
    signal-emitter x 585,645 ops/sec ±4.22% (16 runs sampled)
    JS-Signals x 544,889 ops/sec ±4.14% (17 runs sampled)
    namespace-emitter x 496,477 ops/sec ±4.54% (16 runs sampled)
    minivents x 462,666 ops/sec ±3.55% (17 runs sampled)

*Fastest is __MicroSignals__*


1..75
# tests 75
# pass  75

# ok



TAP version 13
# emit one value - with context
ok 1 Theoretical max runs without error
ok 2 Theoretical max called handle one time
ok 3 Theoretical max called handle2 called one time
ok 4 EventEmitter runs without error
ok 5 EventEmitter called handle one time
ok 6 EventEmitter called handle2 called one time
ok 7 EventEmitter2 runs without error
ok 8 EventEmitter2 called handle one time
ok 9 EventEmitter2 called handle2 called one time
ok 10 EventEmitter3 runs without error
ok 11 EventEmitter3 called handle one time
ok 12 EventEmitter3 called handle2 called one time
ok 13 push-stream runs without error
ok 14 push-stream called handle one time
ok 15 push-stream called handle2 called one time
ok 16 dripEmitter runs without error
ok 17 dripEmitter called handle one time
ok 18 dripEmitter called handle2 called one time
ok 19 dripEmitterEnhanced runs without error
ok 20 dripEmitterEnhanced called handle one time
ok 21 dripEmitterEnhanced called handle2 called one time
ok 22 RXJS runs without error
ok 23 RXJS called handle one time
ok 24 RXJS called handle2 called one time
ok 25 ReactiveProperty runs without error
ok 26 ReactiveProperty called handle one time
ok 27 ReactiveProperty called handle2 called one time
ok 28 JS-Signals runs without error
ok 29 JS-Signals called handle one time
ok 30 JS-Signals called handle2 called one time
ok 31 MiniSignals runs without error
ok 32 MiniSignals called handle one time
ok 33 MiniSignals called handle2 called one time
ok 34 MicroSignals runs without error
ok 35 MicroSignals called handle one time
ok 36 MicroSignals called handle2 called one time
ok 37 signal-emitter runs without error
ok 38 signal-emitter called handle one time
ok 39 signal-emitter called handle2 called one time
ok 40 event-signal runs without error
ok 41 event-signal called handle one time
ok 42 event-signal called handle2 called one time
ok 43 signal-lite runs without error
ok 44 signal-lite called handle one time
ok 45 signal-lite called handle2 called one time
ok 46 pull-notify runs without error
ok 47 pull-notify called handle one time
ok 48 pull-notify called handle2 called one time
ok 49 evee runs without error
ok 50 evee called handle one time
ok 51 evee called handle2 called one time

    MiniSignals x 16,491,654 ops/sec ±5.56% (17 runs sampled)
    signal-lite x 15,797,071 ops/sec ±4.58% (13 runs sampled)
    EventEmitter3 x 11,793,309 ops/sec ±5.07% (17 runs sampled)
    event-signal x 5,554,758 ops/sec ±3.64% (17 runs sampled)
    Theoretical max x 3,867,306 ops/sec ±4.91% (15 runs sampled) *burn in*
    MicroSignals x 3,383,848 ops/sec ±3.77% (17 runs sampled)
    push-stream x 3,152,654 ops/sec ±6.24% (16 runs sampled)
    EventEmitter x 2,814,011 ops/sec ±3.67% (17 runs sampled)
    ReactiveProperty x 2,743,406 ops/sec ±4.53% (15 runs sampled)
    dripEmitter x 2,763,997 ops/sec ±7.85% (16 runs sampled)
    EventEmitter2 x 2,194,129 ops/sec ±4.57% (15 runs sampled)
    RXJS x 1,975,478 ops/sec ±7.21% (17 runs sampled)
    dripEmitterEnhanced x 1,680,887 ops/sec ±5.75% (16 runs sampled)
    pull-notify x 1,706,322 ops/sec ±13.85% (15 runs sampled)
    JS-Signals x 576,656 ops/sec ±3.93% (17 runs sampled)
    signal-emitter x 574,140 ops/sec ±3.72% (17 runs sampled)
    evee x 350,460 ops/sec ±7.48% (17 runs sampled)

*Fastest is __MiniSignals, signal-lite__*


1..51
# tests 51
# pass  51

# ok



TAP version 13
# emit variable number of values
ok 1 Theoretical max runs without error
ok 2 Theoretical max called handle four times
ok 3 Theoretical max called handle2 four times
ok 4 EventEmitter runs without error
ok 5 EventEmitter called handle four times
ok 6 EventEmitter called handle2 four times
ok 7 EventEmitter2 runs without error
ok 8 EventEmitter2 called handle four times
ok 9 EventEmitter2 called handle2 four times
ok 10 EventEmitter3 runs without error
ok 11 EventEmitter3 called handle four times
ok 12 EventEmitter3 called handle2 four times
ok 13 dripEmitterEnhanced runs without error
ok 14 dripEmitterEnhanced called handle four times
ok 15 dripEmitterEnhanced called handle2 four times
ok 16 JS-Signals runs without error
ok 17 JS-Signals called handle four times
ok 18 JS-Signals called handle2 four times
ok 19 MiniSignals runs without error
ok 20 MiniSignals called handle four times
ok 21 MiniSignals called handle2 four times
ok 22 signal-emitter runs without error
ok 23 signal-emitter called handle four times
ok 24 signal-emitter called handle2 four times
ok 25 signal-lite runs without error
ok 26 signal-lite called handle four times
ok 27 signal-lite called handle2 four times

    Theoretical max x 7,375,354 ops/sec ±6.67% (17 runs sampled) *burn in*
    MiniSignals x 4,645,655 ops/sec ±3.12% (17 runs sampled)
    signal-lite x 3,955,709 ops/sec ±6.37% (15 runs sampled)
    EventEmitter x 2,215,086 ops/sec ±5.45% (17 runs sampled)
    EventEmitter3 x 2,162,526 ops/sec ±3.43% (18 runs sampled)
    EventEmitter2 x 860,616 ops/sec ±13.67% (13 runs sampled)
    dripEmitterEnhanced x 585,812 ops/sec ±6.35% (17 runs sampled)
    signal-emitter x 144,302 ops/sec ±7.48% (17 runs sampled)
    JS-Signals x 137,441 ops/sec ±11.16% (15 runs sampled)

*Fastest is __MiniSignals__*


1..27
# tests 27
# pass  27

# ok



TAP version 13
# init
ok 1 Theoretical max runs without error
ok 2 Theoretical max constructed an object
ok 3 EventEmitter runs without error
ok 4 EventEmitter constructed an object
ok 5 EventEmitter2 runs without error
ok 6 EventEmitter2 constructed an object
ok 7 EventEmitter3 runs without error
ok 8 EventEmitter3 constructed an object
ok 9 push-stream runs without error
ok 10 push-stream constructed an object
ok 11 DripEmitter runs without error
ok 12 DripEmitter constructed an object
ok 13 DripEmitterEnhanced runs without error
ok 14 DripEmitterEnhanced constructed an object
ok 15 ReactiveProperty runs without error
ok 16 ReactiveProperty constructed an object
ok 17 JS-Signals runs without error
ok 18 JS-Signals constructed an object
ok 19 MiniSignals runs without error
ok 20 MiniSignals constructed an object
ok 21 EventDispatcher runs without error
ok 22 EventDispatcher constructed an object
ok 23 pull-notify runs without error
ok 24 pull-notify constructed an object

    DripEmitter x 56,824,424 ops/sec ±5.28% (17 runs sampled)
    EventDispatcher x 54,828,878 ops/sec ±5.14% (17 runs sampled)
    Theoretical max x 54,802,823 ops/sec ±6.90% (17 runs sampled) *burn in*
    EventEmitter3 x 50,398,540 ops/sec ±14.65% (16 runs sampled)
    MiniSignals x 37,293,938 ops/sec ±4.11% (17 runs sampled)
    EventEmitter2 x 28,387,521 ops/sec ±14.34% (17 runs sampled)
    EventEmitter x 24,349,963 ops/sec ±9.83% (17 runs sampled)
    DripEmitterEnhanced x 22,039,449 ops/sec ±5.30% (16 runs sampled)
    push-stream x 14,436,704 ops/sec ±4.33% (17 runs sampled)
    JS-Signals x 2,207,981 ops/sec ±8.92% (13 runs sampled)
    ReactiveProperty x 1,123,405 ops/sec ±10.95% (14 runs sampled)
    pull-notify x 964,275 ops/sec ±14.16% (14 runs sampled)

*Fastest is __DripEmitter, EventDispatcher, EventEmitter3__*


1..24
# tests 24
# pass  24

# ok


